Component: ARM Compiler 5.06 update 7 (build 960) Tool: armlink [4d3601]

==============================================================================

Section Cross References

    startup_stm32g431xx.o(STACK) refers (Special) to heapauxi.o(.text) for __use_two_region_memory
    startup_stm32g431xx.o(HEAP) refers (Special) to heapauxi.o(.text) for __use_two_region_memory
    startup_stm32g431xx.o(RESET) refers (Special) to heapauxi.o(.text) for __use_two_region_memory
    startup_stm32g431xx.o(RESET) refers to startup_stm32g431xx.o(STACK) for __initial_sp
    startup_stm32g431xx.o(RESET) refers to startup_stm32g431xx.o(.text) for Reset_Handler
    startup_stm32g431xx.o(RESET) refers to stm32g4xx_it.o(i.NMI_Handler) for NMI_Handler
    startup_stm32g431xx.o(RESET) refers to stm32g4xx_it.o(i.HardFault_Handler) for HardFault_Handler
    startup_stm32g431xx.o(RESET) refers to stm32g4xx_it.o(i.MemManage_Handler) for MemManage_Handler
    startup_stm32g431xx.o(RESET) refers to stm32g4xx_it.o(i.BusFault_Handler) for BusFault_Handler
    startup_stm32g431xx.o(RESET) refers to stm32g4xx_it.o(i.UsageFault_Handler) for UsageFault_Handler
    startup_stm32g431xx.o(RESET) refers to stm32g4xx_it.o(i.SVC_Handler) for SVC_Handler
    startup_stm32g431xx.o(RESET) refers to stm32g4xx_it.o(i.DebugMon_Handler) for DebugMon_Handler
    startup_stm32g431xx.o(RESET) refers to stm32g4xx_it.o(i.PendSV_Handler) for PendSV_Handler
    startup_stm32g431xx.o(RESET) refers to stm32g4xx_it.o(i.SysTick_Handler) for SysTick_Handler
    startup_stm32g431xx.o(RESET) refers to stm32g4xx_it.o(i.DMA1_Channel1_IRQHandler) for DMA1_Channel1_IRQHandler
    startup_stm32g431xx.o(RESET) refers to stm32g4xx_it.o(i.DMA1_Channel2_IRQHandler) for DMA1_Channel2_IRQHandler
    startup_stm32g431xx.o(RESET) refers to stm32g4xx_it.o(i.DMA1_Channel3_IRQHandler) for DMA1_Channel3_IRQHandler
    startup_stm32g431xx.o(RESET) refers to stm32g4xx_it.o(i.DMA1_Channel4_IRQHandler) for DMA1_Channel4_IRQHandler
    startup_stm32g431xx.o(RESET) refers to stm32g4xx_it.o(i.DMA1_Channel5_IRQHandler) for DMA1_Channel5_IRQHandler
    startup_stm32g431xx.o(RESET) refers to stm32g4xx_it.o(i.ADC1_2_IRQHandler) for ADC1_2_IRQHandler
    startup_stm32g431xx.o(RESET) refers to stm32g4xx_it.o(i.TIM2_IRQHandler) for TIM2_IRQHandler
    startup_stm32g431xx.o(RESET) refers to stm32g4xx_it.o(i.I2C1_EV_IRQHandler) for I2C1_EV_IRQHandler
    startup_stm32g431xx.o(RESET) refers to stm32g4xx_it.o(i.I2C1_ER_IRQHandler) for I2C1_ER_IRQHandler
    startup_stm32g431xx.o(RESET) refers to stm32g4xx_it.o(i.USART2_IRQHandler) for USART2_IRQHandler
    startup_stm32g431xx.o(.text) refers (Special) to heapauxi.o(.text) for __use_two_region_memory
    startup_stm32g431xx.o(.text) refers to system_stm32g4xx.o(i.SystemInit) for SystemInit
    startup_stm32g431xx.o(.text) refers to __main.o(!!!main) for __main
    startup_stm32g431xx.o(.text) refers to startup_stm32g431xx.o(HEAP) for Heap_Mem
    startup_stm32g431xx.o(.text) refers to startup_stm32g431xx.o(STACK) for Stack_Mem
    main.o(i.SystemClock_Config) refers to rt_memclr_w.o(.text) for __aeabi_memclr4
    main.o(i.SystemClock_Config) refers to stm32g4xx_hal_pwr_ex.o(i.HAL_PWREx_ControlVoltageScaling) for HAL_PWREx_ControlVoltageScaling
    main.o(i.SystemClock_Config) refers to stm32g4xx_hal_rcc.o(i.HAL_RCC_OscConfig) for HAL_RCC_OscConfig
    main.o(i.SystemClock_Config) refers to stm32g4xx_hal_rcc.o(i.HAL_RCC_ClockConfig) for HAL_RCC_ClockConfig
    main.o(i.main) refers to stm32g4xx_hal.o(i.HAL_Init) for HAL_Init
    main.o(i.main) refers to main.o(i.SystemClock_Config) for SystemClock_Config
    main.o(i.main) refers to gpio.o(i.MX_GPIO_Init) for MX_GPIO_Init
    main.o(i.main) refers to dma.o(i.MX_DMA_Init) for MX_DMA_Init
    main.o(i.main) refers to adc.o(i.MX_ADC1_Init) for MX_ADC1_Init
    main.o(i.main) refers to tim.o(i.MX_TIM1_Init) for MX_TIM1_Init
    main.o(i.main) refers to tim.o(i.MX_TIM2_Init) for MX_TIM2_Init
    main.o(i.main) refers to adc.o(i.MX_ADC2_Init) for MX_ADC2_Init
    main.o(i.main) refers to i2c.o(i.MX_I2C1_Init) for MX_I2C1_Init
    main.o(i.main) refers to usart.o(i.MX_USART2_UART_Init) for MX_USART2_UART_Init
    main.o(i.main) refers to hardware_init.o(i.hardware_init) for hardware_init
    main.o(i.main) refers to motor_system.o(i.Motor_ShowDebugInfo_OLED) for Motor_ShowDebugInfo_OLED
    gpio.o(i.MX_GPIO_Init) refers to rt_memclr_w.o(.text) for __aeabi_memclr4
    gpio.o(i.MX_GPIO_Init) refers to stm32g4xx_hal_gpio.o(i.HAL_GPIO_WritePin) for HAL_GPIO_WritePin
    gpio.o(i.MX_GPIO_Init) refers to stm32g4xx_hal_gpio.o(i.HAL_GPIO_Init) for HAL_GPIO_Init
    adc.o(i.HAL_ADC_MspDeInit) refers to stm32g4xx_hal_gpio.o(i.HAL_GPIO_DeInit) for HAL_GPIO_DeInit
    adc.o(i.HAL_ADC_MspDeInit) refers to stm32g4xx_hal_dma.o(i.HAL_DMA_DeInit) for HAL_DMA_DeInit
    adc.o(i.HAL_ADC_MspDeInit) refers to adc.o(.data) for .data
    adc.o(i.HAL_ADC_MspInit) refers to rt_memclr_w.o(.text) for __aeabi_memclr4
[...]
    _handle_redirection                       - Undefined Weak Reference
    _init_alloc                               - Undefined Weak Reference
    _init_user_alloc                          - Undefined Weak Reference
    _initio                                   - Undefined Weak Reference
    _rand_init                                - Undefined Weak Reference
    _signal_finish                            - Undefined Weak Reference
    _signal_init                              - Undefined Weak Reference
    _terminate_alloc                          - Undefined Weak Reference
    _terminate_user_alloc                     - Undefined Weak Reference
    _terminateio                              - Undefined Weak Reference
    __Vectors_Size                           0x000001d8   Number         0  startup_stm32g431xx.o ABSOLUTE
    __Vectors                                0x08000000   Data           4  startup_stm32g431xx.o(RESET)
    __Vectors_End                            0x080001d8   Data           0  startup_stm32g431xx.o(RESET)
    __main                                   0x080001d9   Thumb Code     8  __main.o(!!!main)
    __scatterload                            0x080001e1   Thumb Code     0  __scatter.o(!!!scatter)
    __scatterload_rt2                        0x080001e1   Thumb Code    44  __scatter.o(!!!scatter)
    __scatterload_rt2_thumb_only             0x080001e1   Thumb Code     0  __scatter.o(!!!scatter)
    __scatterload_null                       0x080001ef   Thumb Code     0  __scatter.o(!!!scatter)
    __scatterload_copy                       0x08000215   Thumb Code    26  __scatter_copy.o(!!handler_copy)
    __scatterload_zeroinit                   0x08000231   Thumb Code    28  __scatter_zi.o(!!handler_zi)
    __rt_lib_init                            0x0800024d   Thumb Code     0  libinit.o(.ARM.Collect$$libinit$$00000000)
    __rt_lib_init_fp_1                       0x0800024f   Thumb Code     0  libinit2.o(.ARM.Collect$$libinit$$00000001)
    __rt_lib_init_alloca_1                   0x08000253   Thumb Code     0  libinit2.o(.ARM.Collect$$libinit$$0000002E)
    __rt_lib_init_argv_1                     0x08000253   Thumb Code     0  libinit2.o(.ARM.Collect$$libinit$$0000002C)
    __rt_lib_init_atexit_1                   0x08000253   Thumb Code     0  libinit2.o(.ARM.Collect$$libinit$$0000001B)
    __rt_lib_init_clock_1                    0x08000253   Thumb Code     0  libinit2.o(.ARM.Collect$$libinit$$00000021)
    __rt_lib_init_cpp_1                      0x08000253   Thumb Code     0  libinit2.o(.ARM.Collect$$libinit$$00000032)
    __rt_lib_init_exceptions_1               0x08000253   Thumb Code     0  libinit2.o(.ARM.Collect$$libinit$$00000030)
    __rt_lib_init_fp_trap_1                  0x08000253   Thumb Code     0  libinit2.o(.ARM.Collect$$libinit$$0000001F)
    __rt_lib_init_getenv_1                   0x08000253   Thumb Code     0  libinit2.o(.ARM.Collect$$libinit$$00000023)
    __rt_lib_init_heap_1                     0x08000253   Thumb Code     0  libinit2.o(.ARM.Collect$$libinit$$0000000A)
    __rt_lib_init_lc_collate_1               0x08000253   Thumb Code     0  libinit2.o(.ARM.Collect$$libinit$$00000011)
    __rt_lib_init_lc_ctype_1                 0x08000253   Thumb Code     0  libinit2.o(.ARM.Collect$$libinit$$00000013)
    __rt_lib_init_lc_monetary_1              0x08000253   Thumb Code     0  libinit2.o(.ARM.Collect$$libinit$$00000015)
    __rt_lib_init_lc_numeric_1               0x08000253   Thumb Code     0  libinit2.o(.ARM.Collect$$libinit$$00000017)
    __rt_lib_init_lc_time_1                  0x08000253   Thumb Code     0  libinit2.o(.ARM.Collect$$libinit$$00000019)
    __rt_lib_init_preinit_1                  0x08000253   Thumb Code     0  libinit2.o(.ARM.Collect$$libinit$$00000004)
    __rt_lib_init_rand_1                     0x08000253   Thumb Code     0  libinit2.o(.ARM.Collect$$libinit$$0000000E)
    __rt_lib_init_return                     0x08000253   Thumb Code     0  libinit2.o(.ARM.Collect$$libinit$$00000033)
    __rt_lib_init_signal_1                   0x08000253   Thumb Code     0  libinit2.o(.ARM.Collect$$libinit$$0000001D)
    __rt_lib_init_stdio_1                    0x08000253   Thumb Code     0  libinit2.o(.ARM.Collect$$libinit$$00000025)
    __rt_lib_init_user_alloc_1               0x08000253   Thumb Code     0  libinit2.o(.ARM.Collect$$libinit$$0000000C)
    __rt_lib_shutdown                        0x08000255   Thumb Code     0  libshutdown.o(.ARM.Collect$$libshutdown$$00000000)
    __rt_lib_shutdown_cpp_1                  0x08000257   Thumb Code     0  libshutdown2.o(.ARM.Collect$$libshutdown$$00000004)
    __rt_lib_shutdown_fini_1                 0x08000257   Thumb Code     0  libshutdown2.o(.ARM.Collect$$libshutdown$$00000002)
    __rt_lib_shutdown_fp_trap_1              0x08000257   Thumb Code     0  libshutdown2.o(.ARM.Collect$$libshutdown$$00000009)
    __rt_lib_shutdown_heap_1                 0x08000257   Thumb Code     0  libshutdown2.o(.ARM.Collect$$libshutdown$$00000011)
    __rt_lib_shutdown_return                 0x08000257   Thumb Code     0  libshutdown2.o(.ARM.Collect$$libshutdown$$00000012)
    __rt_lib_shutdown_signal_1               0x08000257   Thumb Code     0  libshutdown2.o(.ARM.Collect$$libshutdown$$0000000C)
    __rt_lib_shutdown_stdio_1                0x08000257   Thumb Code     0  libshutdown2.o(.ARM.Collect$$libshutdown$$00000006)
    __rt_lib_shutdown_user_alloc_1           0x08000257   Thumb Code     0  libshutdown2.o(.ARM.Collect$$libshutdown$$0000000E)
    __rt_entry                               0x08000259   Thumb Code     0  __rtentry.o(.ARM.Collect$$rtentry$$00000000)
    __rt_entry_presh_1                       0x08000259   Thumb Code     0  __rtentry2.o(.ARM.Collect$$rtentry$$00000002)
    __rt_entry_sh                            0x08000259   Thumb Code     0  __rtentry4.o(.ARM.Collect$$rtentry$$00000004)
    __rt_entry_li                            0x0800025f   Thumb Code     0  __rtentry2.o(.ARM.Collect$$rtentry$$0000000A)
    __rt_entry_postsh_1                      0x0800025f   Thumb Code     0  __rtentry2.o(.ARM.Collect$$rtentry$$00000009)
    __rt_entry_main                          0x08000263   Thumb Code     0  __rtentry2.o(.ARM.Collect$$rtentry$$0000000D)
    __rt_entry_postli_1                      0x08000263   Thumb Code     0  __rtentry2.o(.ARM.Collect$$rtentry$$0000000C)
    __rt_exit                                0x0800026b   Thumb Code     0  rtexit.o(.ARM.Collect$$rtexit$$00000000)
    __rt_exit_ls                             0x0800026d   Thumb Code     0  rtexit2.o(.ARM.Collect$$rtexit$$00000003)
    __rt_exit_prels_1                        0x0800026d   Thumb Code     0  rtexit2.o(.ARM.Collect$$rtexit$$00000002)
    __rt_exit_exit                           0x08000271   Thumb Code     0  rtexit2.o(.ARM.Collect$$rtexit$$00000004)
    Reset_Handler                            0x08000279   Thumb Code     8  startup_stm32g431xx.o(.text)
    COMP1_2_3_IRQHandler                     0x08000293   Thumb Code     0  startup_stm32g431xx.o(.text)
    COMP4_IRQHandler                         0x08000293   Thumb Code     0  startup_stm32g431xx.o(.text)
    CORDIC_IRQHandler                        0x08000293   Thumb Code     0  startup_stm32g431xx.o(.text)
    CRS_IRQHandler                           0x08000293   Thumb Code     0  startup_stm32g431xx.o(.text)
    DMA1_Channel6_IRQHandler                 0x08000293   Thumb Code     0  startup_stm32g431xx.o(.text)
    DMA2_Channel1_IRQHandler                 0x08000293   Thumb Code     0  startup_stm32g431xx.o(.text)
    DMA2_Channel2_IRQHandler                 0x08000293   Thumb Code     0  startup_stm32g431xx.o(.text)
    DMA2_Channel3_IRQHandler                 0x08000293   Thumb Code     0  startup_stm32g431xx.o(.text)
    DMA2_Channel4_IRQHandler                 0x08000293   Thumb Code     0  startup_stm32g431xx.o(.text)
    DMA2_Channel5_IRQHandler                 0x08000293   Thumb Code     0  startup_stm32g431xx.o(.text)
    DMA2_Channel6_IRQHandler                 0x08000293   Thumb Code     0  startup_stm32g431xx.o(.text)
    DMAMUX_OVR_IRQHandler                    0x08000293   Thumb Code     0  startup_stm32g431xx.o(.text)
    EXTI0_IRQHandler                         0x08000293   Thumb Code     0  startup_stm32g431xx.o(.text)
    EXTI15_10_IRQHandler                     0x08000293   Thumb Code     0  startup_stm32g431xx.o(.text)
    EXTI1_IRQHandler                         0x08000293   Thumb Code     0  startup_stm32g431xx.o(.text)
    EXTI2_IRQHandler                         0x08000293   Thumb Code     0  startup_stm32g431xx.o(.text)
    EXTI3_IRQHandler                         0x08000293   Thumb Code     0  startup_stm32g431xx.o(.text)
    EXTI4_IRQHandler                         0x08000293   Thumb Code     0  startup_stm32g431xx.o(.text)
    EXTI9_5_IRQHandler                       0x08000293   Thumb Code     0  startup_stm32g431xx.o(.text)
    FDCAN1_IT0_IRQHandler                    0x08000293   Thumb Code     0  startup_stm32g431xx.o(.text)
    FDCAN1_IT1_IRQHandler                    0x08000293   Thumb Code     0  startup_stm32g431xx.o(.text)
    FLASH_IRQHandler                         0x08000293   Thumb Code     0  startup_stm32g431xx.o(.text)
    FMAC_IRQHandler                          0x08000293   Thumb Code     0  startup_stm32g431xx.o(.text)
    FPU_IRQHandler                           0x08000293   Thumb Code     0  startup_stm32g431xx.o(.text)
    I2C2_ER_IRQHandler                       0x08000293   Thumb Code     0  startup_stm32g431xx.o(.text)
    I2C2_EV_IRQHandler                       0x08000293   Thumb Code     0  startup_stm32g431xx.o(.text)
    I2C3_ER_IRQHandler                       0x08000293   Thumb Code     0  startup_stm32g431xx.o(.text)
    I2C3_EV_IRQHandler                       0x08000293   Thumb Code     0  startup_stm32g431xx.o(.text)
    LPTIM1_IRQHandler                        0x08000293   Thumb Code     0  startup_stm32g431xx.o(.text)
    LPUART1_IRQHandler                       0x08000293   Thumb Code     0  startup_stm32g431xx.o(.text)
    PVD_PVM_IRQHandler                       0x08000293   Thumb Code     0  startup_stm32g431xx.o(.text)
    RCC_IRQHandler                           0x08000293   Thumb Code     0  startup_stm32g431xx.o(.text)
    RNG_IRQHandler                           0x08000293   Thumb Code     0  startup_stm32g431xx.o(.text)
    RTC_Alarm_IRQHandler                     0x08000293   Thumb Code     0  startup_stm32g431xx.o(.text)
    RTC_TAMP_LSECSS_IRQHandler               0x08000293   Thumb Code     0  startup_stm32g431xx.o(.text)
    RTC_WKUP_IRQHandler                      0x08000293   Thumb Code     0  startup_stm32g431xx.o(.text)
    SAI1_IRQHandler                          0x08000293   Thumb Code     0  startup_stm32g431xx.o(.text)
    SPI1_IRQHandler                          0x08000293   Thumb Code     0  startup_stm32g431xx.o(.text)
    SPI2_IRQHandler                          0x08000293   Thumb Code     0  startup_stm32g431xx.o(.text)
    SPI3_IRQHandler                          0x08000293   Thumb Code     0  startup_stm32g431xx.o(.text)
    TIM1_BRK_TIM15_IRQHandler                0x08000293   Thumb Code     0  startup_stm32g431xx.o(.text)
    TIM1_CC_IRQHandler                       0x08000293   Thumb Code     0  startup_stm32g431xx.o(.text)
    TIM1_TRG_COM_TIM17_IRQHandler            0x08000293   Thumb Code     0  startup_stm32g431xx.o(.text)
    TIM1_UP_TIM16_IRQHandler                 0x08000293   Thumb Code     0  startup_stm32g431xx.o(.text)
    TIM3_IRQHandler                          0x08000293   Thumb Code     0  startup_stm32g431xx.o(.text)
    TIM4_IRQHandler                          0x08000293   Thumb Code     0  startup_stm32g431xx.o(.text)
    TIM6_DAC_IRQHandler                      0x08000293   Thumb Code     0  startup_stm32g431xx.o(.text)
    TIM7_IRQHandler                          0x08000293   Thumb Code     0  startup_stm32g431xx.o(.text)
    TIM8_BRK_IRQHandler                      0x08000293   Thumb Code     0  startup_stm32g431xx.o(.text)
    TIM8_CC_IRQHandler                       0x08000293   Thumb Code     0  startup_stm32g431xx.o(.text)
    TIM8_TRG_COM_IRQHandler                  0x08000293   Thumb Code     0  startup_stm32g431xx.o(.text)
    TIM8_UP_IRQHandler                       0x08000293   Thumb Code     0  startup_stm32g431xx.o(.text)
    UART4_IRQHandler                         0x08000293   Thumb Code     0  startup_stm32g431xx.o(.text)
    UCPD1_IRQHandler                         0x08000293   Thumb Code     0  startup_stm32g431xx.o(.text)
    USART1_IRQHandler                        0x08000293   Thumb Code     0  startup_stm32g431xx.o(.text)
    USART3_IRQHandler                        0x08000293   Thumb Code     0  startup_stm32g431xx.o(.text)
    USBWakeUp_IRQHandler                     0x08000293   Thumb Code     0  startup_stm32g431xx.o(.text)
    USB_HP_IRQHandler                        0x08000293   Thumb Code     0  startup_stm32g431xx.o(.text)
    USB_LP_IRQHandler                        0x08000293   Thumb Code     0  startup_stm32g431xx.o(.text)
    WWDG_IRQHandler                          0x08000293   Thumb Code     0  startup_stm32g431xx.o(.text)
    __user_initial_stackheap                 0x08000295   Thumb Code     0  startup_stm32g431xx.o(.text)
    __aeabi_uldivmod                         0x080002b9   Thumb Code     0  lludivv7m.o(.text)
    _ll_udiv                                 0x080002b9   Thumb Code   238  lludivv7m.o(.text)
    __aeabi_memcpy                           0x080003a7   Thumb Code     0  rt_memcpy_v6.o(.text)
    __rt_memcpy                              0x080003a7   Thumb Code   138  rt_memcpy_v6.o(.text)
    _memcpy_lastbytes                        0x0800040d   Thumb Code     0  rt_memcpy_v6.o(.text)
    __aeabi_memcpy4                          0x08000431   Thumb Code     0  rt_memcpy_w.o(.text)
    __aeabi_memcpy8                          0x08000431   Thumb Code     0  rt_memcpy_w.o(.text)
    __rt_memcpy_w                            0x08000431   Thumb Code   100  rt_memcpy_w.o(.text)
    _memcpy_lastbytes_aligned                0x08000479   Thumb Code     0  rt_memcpy_w.o(.text)
    __aeabi_memclr4                          0x08000495   Thumb Code     0  rt_memclr_w.o(.text)
    __aeabi_memclr8                          0x08000495   Thumb Code     0  rt_memclr_w.o(.text)
    __rt_memclr_w                            0x08000495   Thumb Code    78  rt_memclr_w.o(.text)
    _memset_w                                0x08000499   Thumb Code     0  rt_memclr_w.o(.text)
    __use_two_region_memory                  0x080004e3   Thumb Code     2  heapauxi.o(.text)
    __rt_heap_escrow$2region                 0x080004e5   Thumb Code     2  heapauxi.o(.text)
    __rt_heap_expand$2region                 0x080004e7   Thumb Code     2  heapauxi.o(.text)
    __read_errno                             0x080004e9   Thumb Code    10  _rserrno.o(.text)
    __set_errno                              0x080004f3   Thumb Code    12  _rserrno.o(.text)
    __aeabi_errno_addr                       0x08000501   Thumb Code     8  rt_errno_addr_intlibspace.o(.text)
    __errno$intlibspace                      0x08000501   Thumb Code     0  rt_errno_addr_intlibspace.o(.text)
    __rt_errno_addr$intlibspace              0x08000501   Thumb Code     0  rt_errno_addr_intlibspace.o(.text)
    __user_libspace                          0x08000509   Thumb Code     8  libspace.o(.text)
    __user_perproc_libspace                  0x08000509   Thumb Code     0  libspace.o(.text)
    __user_perthread_libspace                0x08000509   Thumb Code     0  libspace.o(.text)
    __user_setup_stackheap                   0x08000511   Thumb Code    74  sys_stackheap_outer.o(.text)
    exit                                     0x0800055b   Thumb Code    18  exit.o(.text)
    _sys_exit                                0x0800056d   Thumb Code     8  sys_exit.o(.text)
    __I$use$semihosting                      0x08000579   Thumb Code     0  use_no_semi.o(.text)
    __use_no_semihosting_swi                 0x08000579   Thumb Code     2  use_no_semi.o(.text)
    __semihosting_library_function           0x0800057b   Thumb Code     0  indicate_semi.o(.text)
    ADC1_2_IRQHandler                        0x0800057d   Thumb Code    18  stm32g4xx_it.o(i.ADC1_2_IRQHandler)
    ADC_Disable                              0x08000599   Thumb Code   106  stm32g4xx_hal_adc.o(i.ADC_Disable)
    ADC_Enable                               0x08000609   Thumb Code   154  stm32g4xx_hal_adc.o(i.ADC_Enable)
    AS5600_ReadRawAngle                      0x080006b5   Thumb Code     6  as5600.o(i.AS5600_ReadRawAngle)
    AS5600_RequestRead_DMA                   0x080006c1   Thumb Code    34  as5600.o(i.AS5600_RequestRead_DMA)
    BusFault_Handler                         0x080006ed   Thumb Code     2  stm32g4xx_it.o(i.BusFault_Handler)
    DMA1_Channel1_IRQHandler                 0x080006f1   Thumb Code     6  stm32g4xx_it.o(i.DMA1_Channel1_IRQHandler)
    DMA1_Channel2_IRQHandler                 0x080006fd   Thumb Code     6  stm32g4xx_it.o(i.DMA1_Channel2_IRQHandler)
    DMA1_Channel3_IRQHandler                 0x08000709   Thumb Code     6  stm32g4xx_it.o(i.DMA1_Channel3_IRQHandler)
    DMA1_Channel4_IRQHandler                 0x08000715   Thumb Code     6  stm32g4xx_it.o(i.DMA1_Channel4_IRQHandler)
    DMA1_Channel5_IRQHandler                 0x08000721   Thumb Code     6  stm32g4xx_it.o(i.DMA1_Channel5_IRQHandler)
    DebugMon_Handler                         0x080007db   Thumb Code     2  stm32g4xx_it.o(i.DebugMon_Handler)
    Error_Handler                            0x080007dd   Thumb Code     4  main.o(i.Error_Handler)
    HAL_ADCEx_Calibration_Start              0x080007e1   Thumb Code   138  stm32g4xx_hal_adc_ex.o(i.HAL_ADCEx_Calibration_Start)
    HAL_ADCEx_EndOfSamplingCallback          0x08000875   Thumb Code     2  stm32g4xx_hal_adc_ex.o(i.HAL_ADCEx_EndOfSamplingCallback)
    HAL_ADCEx_InjectedConfigChannel          0x08000879   Thumb Code  1264  stm32g4xx_hal_adc_ex.o(i.HAL_ADCEx_InjectedConfigChannel)
    HAL_ADCEx_InjectedConvCpltCallback       0x08000d91   Thumb Code    42  motor_current_loop.o(i.HAL_ADCEx_InjectedConvCpltCallback)
    HAL_ADCEx_InjectedGetValue               0x08000dc1   Thumb Code    46  stm32g4xx_hal_adc_ex.o(i.HAL_ADCEx_InjectedGetValue)
    HAL_ADCEx_InjectedPollForConversion      0x08000df1   Thumb Code   236  stm32g4xx_hal_adc_ex.o(i.HAL_ADCEx_InjectedPollForConversion)
    HAL_ADCEx_InjectedQueueOverflowCallback  0x08000ee5   Thumb Code     2  stm32g4xx_hal_adc_ex.o(i.HAL_ADCEx_InjectedQueueOverflowCallback)
    HAL_ADCEx_InjectedStart                  0x08000ee9   Thumb Code   220  stm32g4xx_hal_adc_ex.o(i.HAL_ADCEx_InjectedStart)
    HAL_ADCEx_InjectedStart_IT               0x08000fd1   Thumb Code   282  stm32g4xx_hal_adc_ex.o(i.HAL_ADCEx_InjectedStart_IT)
    HAL_ADCEx_LevelOutOfWindow2Callback      0x080010f9   Thumb Code     2  stm32g4xx_hal_adc_ex.o(i.HAL_ADCEx_LevelOutOfWindow2Callback)
    HAL_ADCEx_LevelOutOfWindow3Callback      0x080010fb   Thumb Code     2  stm32g4xx_hal_adc_ex.o(i.HAL_ADCEx_LevelOutOfWindow3Callback)
    HAL_ADCEx_MultiModeConfigChannel         0x080010fd   Thumb Code   208  stm32g4xx_hal_adc_ex.o(i.HAL_ADCEx_MultiModeConfigChannel)
    HAL_ADC_ConfigChannel                    0x080011d5   Thumb Code  1006  stm32g4xx_hal_adc.o(i.HAL_ADC_ConfigChannel)
    HAL_ADC_ConvCpltCallback                 0x080015f9   Thumb Code     2  stm32g4xx_hal_adc.o(i.HAL_ADC_ConvCpltCallback)
    HAL_ADC_ErrorCallback                    0x080015fb   Thumb Code     2  stm32g4xx_hal_adc.o(i.HAL_ADC_ErrorCallback)
    HAL_ADC_IRQHandler                       0x080015fd   Thumb Code   612  stm32g4xx_hal_adc.o(i.HAL_ADC_IRQHandler)
    HAL_ADC_Init                             0x08001869   Thumb Code   466  stm32g4xx_hal_adc.o(i.HAL_ADC_Init)
    HAL_ADC_LevelOutOfWindowCallback         0x08001a5d   Thumb Code     2  stm32g4xx_hal_adc.o(i.HAL_ADC_LevelOutOfWindowCallback)
    HAL_ADC_MspInit                          0x08001a61   Thumb Code   306  adc.o(i.HAL_ADC_MspInit)
    HAL_ADC_Start                            0x08001bb1   Thumb Code   230  stm32g4xx_hal_adc.o(i.HAL_ADC_Start)
    HAL_DMA_Abort                            0x08001ca5   Thumb Code   112  stm32g4xx_hal_dma.o(i.HAL_DMA_Abort)
    HAL_DMA_Abort_IT                         0x08001d15   Thumb Code   120  stm32g4xx_hal_dma.o(i.HAL_DMA_Abort_IT)
    HAL_DMA_DeInit                           0x08001d8d   Thumb Code   154  stm32g4xx_hal_dma.o(i.HAL_DMA_DeInit)
    HAL_DMA_GetState                         0x08001e35   Thumb Code     6  stm32g4xx_hal_dma.o(i.HAL_DMA_GetState)
    HAL_DMA_IRQHandler                       0x08001e3b   Thumb Code   186  stm32g4xx_hal_dma.o(i.HAL_DMA_IRQHandler)
    HAL_DMA_Init                             0x08001ef5   Thumb Code   182  stm32g4xx_hal_dma.o(i.HAL_DMA_Init)
    HAL_DMA_Start                            0x08001fb9   Thumb Code    80  stm32g4xx_hal_dma.o(i.HAL_DMA_Start)
    HAL_DMA_Start_IT                         0x08002009   Thumb Code   140  stm32g4xx_hal_dma.o(i.HAL_DMA_Start_IT)
    HAL_Delay                                0x08002095   Thumb Code    32  stm32g4xx_hal.o(i.HAL_Delay)
    HAL_GPIO_DeInit                          0x080020b9   Thumb Code   306  stm32g4xx_hal_gpio.o(i.HAL_GPIO_DeInit)
    HAL_GPIO_Init                            0x08002209   Thumb Code   532  stm32g4xx_hal_gpio.o(i.HAL_GPIO_Init)
    HAL_GPIO_TogglePin                       0x0800243d   Thumb Code    16  stm32g4xx_hal_gpio.o(i.HAL_GPIO_TogglePin)
    HAL_GPIO_WritePin                        0x0800244d   Thumb Code    10  stm32g4xx_hal_gpio.o(i.HAL_GPIO_WritePin)
    HAL_GetTick                              0x08002459   Thumb Code     6  stm32g4xx_hal.o(i.HAL_GetTick)
    HAL_I2CEx_ConfigAnalogFilter             0x08002465   Thumb Code    86  stm32g4xx_hal_i2c_ex.o(i.HAL_I2CEx_ConfigAnalogFilter)
    HAL_I2CEx_ConfigDigitalFilter            0x080024bb   Thumb Code    82  stm32g4xx_hal_i2c_ex.o(i.HAL_I2CEx_ConfigDigitalFilter)
    HAL_I2C_AbortCpltCallback                0x0800250d   Thumb Code     2  stm32g4xx_hal_i2c.o(i.HAL_I2C_AbortCpltCallback)
    HAL_I2C_AddrCallback                     0x0800250f   Thumb Code     2  stm32g4xx_hal_i2c.o(i.HAL_I2C_AddrCallback)
    HAL_I2C_DeInit                           0x08002511   Thumb Code    50  stm32g4xx_hal_i2c.o(i.HAL_I2C_DeInit)
    HAL_I2C_ER_IRQHandler                    0x08002543   Thumb Code   104  stm32g4xx_hal_i2c.o(i.HAL_I2C_ER_IRQHandler)
    HAL_I2C_EV_IRQHandler                    0x080025ab   Thumb Code    16  stm32g4xx_hal_i2c.o(i.HAL_I2C_EV_IRQHandler)
    HAL_I2C_ErrorCallback                    0x080025bd   Thumb Code    40  as5600.o(i.HAL_I2C_ErrorCallback)
    HAL_I2C_GetState                         0x080025ed   Thumb Code     6  stm32g4xx_hal_i2c.o(i.HAL_I2C_GetState)
    HAL_I2C_Init                             0x080025f5   Thumb Code   184  stm32g4xx_hal_i2c.o(i.HAL_I2C_Init)
    HAL_I2C_ListenCpltCallback               0x080026b1   Thumb Code     2  stm32g4xx_hal_i2c.o(i.HAL_I2C_ListenCpltCallback)
    HAL_I2C_MasterRxCpltCallback             0x080026b3   Thumb Code     2  stm32g4xx_hal_i2c.o(i.HAL_I2C_MasterRxCpltCallback)
    HAL_I2C_MasterTxCpltCallback             0x080026b5   Thumb Code     2  stm32g4xx_hal_i2c.o(i.HAL_I2C_MasterTxCpltCallback)
    HAL_I2C_MemRxCpltCallback                0x080026b9   Thumb Code    38  as5600.o(i.HAL_I2C_MemRxCpltCallback)
    HAL_I2C_MemTxCpltCallback                0x080026e9   Thumb Code     2  stm32g4xx_hal_i2c.o(i.HAL_I2C_MemTxCpltCallback)
    HAL_I2C_Mem_Read_DMA                     0x080026ed   Thumb Code   246  stm32g4xx_hal_i2c.o(i.HAL_I2C_Mem_Read_DMA)
    HAL_I2C_MspDeInit                        0x080027f9   Thumb Code    72  i2c.o(i.HAL_I2C_MspDeInit)
    HAL_I2C_MspInit                          0x0800284d   Thumb Code   278  i2c.o(i.HAL_I2C_MspInit)
    HAL_I2C_SlaveRxCpltCallback              0x08002979   Thumb Code     2  stm32g4xx_hal_i2c.o(i.HAL_I2C_SlaveRxCpltCallback)
    HAL_I2C_SlaveTxCpltCallback              0x0800297b   Thumb Code     2  stm32g4xx_hal_i2c.o(i.HAL_I2C_SlaveTxCpltCallback)
    HAL_IncTick                              0x0800297d   Thumb Code    12  stm32g4xx_hal.o(i.HAL_IncTick)
    HAL_Init                                 0x0800298d   Thumb Code    30  stm32g4xx_hal.o(i.HAL_Init)
    HAL_InitTick                             0x080029ad   Thumb Code    58  stm32g4xx_hal.o(i.HAL_InitTick)
    HAL_MspInit                              0x080029f1   Thumb Code    42  stm32g4xx_hal_msp.o(i.HAL_MspInit)
    HAL_NVIC_DisableIRQ                      0x08002a21   Thumb Code    34  stm32g4xx_hal_cortex.o(i.HAL_NVIC_DisableIRQ)
    HAL_NVIC_EnableIRQ                       0x08002a43   Thumb Code    26  stm32g4xx_hal_cortex.o(i.HAL_NVIC_EnableIRQ)
    HAL_NVIC_SetPriority                     0x08002a5d   Thumb Code    60  stm32g4xx_hal_cortex.o(i.HAL_NVIC_SetPriority)
    HAL_NVIC_SetPriorityGrouping             0x08002a9d   Thumb Code    26  stm32g4xx_hal_cortex.o(i.HAL_NVIC_SetPriorityGrouping)
    HAL_PWREx_ControlVoltageScaling          0x08002ac1   Thumb Code   174  stm32g4xx_hal_pwr_ex.o(i.HAL_PWREx_ControlVoltageScaling)
    HAL_PWREx_DisableUCPDDeadBattery         0x08002b7d   Thumb Code    12  stm32g4xx_hal_pwr_ex.o(i.HAL_PWREx_DisableUCPDDeadBattery)
    HAL_RCCEx_PeriphCLKConfig                0x08002b8d   Thumb Code   638  stm32g4xx_hal_rcc_ex.o(i.HAL_RCCEx_PeriphCLKConfig)
    HAL_RCC_ClockConfig                      0x08002e15   Thumb Code   444  stm32g4xx_hal_rcc.o(i.HAL_RCC_ClockConfig)
    HAL_RCC_GetPCLK1Freq                     0x08002ff1   Thumb Code    24  stm32g4xx_hal_rcc.o(i.HAL_RCC_GetPCLK1Freq)
    HAL_RCC_GetPCLK2Freq                     0x08003015   Thumb Code    24  stm32g4xx_hal_rcc.o(i.HAL_RCC_GetPCLK2Freq)
    HAL_RCC_GetSysClockFreq                  0x08003039   Thumb Code    98  stm32g4xx_hal_rcc.o(i.HAL_RCC_GetSysClockFreq)
    HAL_RCC_OscConfig                        0x080030a5   Thumb Code  1028  stm32g4xx_hal_rcc.o(i.HAL_RCC_OscConfig)
    HAL_SYSTICK_Config                       0x080034a9   Thumb Code    40  stm32g4xx_hal_cortex.o(i.HAL_SYSTICK_Config)
    HAL_TIMEx_Break2Callback                 0x080034d1   Thumb Code     2  stm32g4xx_hal_tim_ex.o(i.HAL_TIMEx_Break2Callback)
    HAL_TIMEx_BreakCallback                  0x080034d3   Thumb Code     2  stm32g4xx_hal_tim_ex.o(i.HAL_TIMEx_BreakCallback)
    HAL_TIMEx_CommutCallback                 0x080034d5   Thumb Code     2  stm32g4xx_hal_tim_ex.o(i.HAL_TIMEx_CommutCallback)
    HAL_TIMEx_ConfigBreakDeadTime            0x080034d9   Thumb Code   148  stm32g4xx_hal_tim_ex.o(i.HAL_TIMEx_ConfigBreakDeadTime)
    HAL_TIMEx_DirectionChangeCallback        0x08003575   Thumb Code     2  stm32g4xx_hal_tim_ex.o(i.HAL_TIMEx_DirectionChangeCallback)
    HAL_TIMEx_EncoderIndexCallback           0x08003577   Thumb Code     2  stm32g4xx_hal_tim_ex.o(i.HAL_TIMEx_EncoderIndexCallback)
    HAL_TIMEx_IndexErrorCallback             0x08003579   Thumb Code     2  stm32g4xx_hal_tim_ex.o(i.HAL_TIMEx_IndexErrorCallback)
    HAL_TIMEx_MasterConfigSynchronization    0x0800357d   Thumb Code   132  stm32g4xx_hal_tim_ex.o(i.HAL_TIMEx_MasterConfigSynchronization)
    HAL_TIMEx_PWMN_Start                     0x08003619   Thumb Code   158  stm32g4xx_hal_tim_ex.o(i.HAL_TIMEx_PWMN_Start)
    HAL_TIMEx_TransitionErrorCallback        0x080036d1   Thumb Code     2  stm32g4xx_hal_tim_ex.o(i.HAL_TIMEx_TransitionErrorCallback)
    HAL_TIM_Base_Init                        0x080036d3   Thumb Code    98  stm32g4xx_hal_tim.o(i.HAL_TIM_Base_Init)
    HAL_TIM_Base_MspInit                     0x08003735   Thumb Code    72  tim.o(i.HAL_TIM_Base_MspInit)
    HAL_TIM_Base_Start_IT                    0x08003785   Thumb Code    94  stm32g4xx_hal_tim.o(i.HAL_TIM_Base_Start_IT)
    HAL_TIM_ConfigClockSource                0x080037fd   Thumb Code   246  stm32g4xx_hal_tim.o(i.HAL_TIM_ConfigClockSource)
    HAL_TIM_IC_CaptureCallback               0x080038fd   Thumb Code     2  stm32g4xx_hal_tim.o(i.HAL_TIM_IC_CaptureCallback)
    HAL_TIM_IRQHandler                       0x080038ff   Thumb Code   418  stm32g4xx_hal_tim.o(i.HAL_TIM_IRQHandler)
    HAL_TIM_MspPostInit                      0x08003aa1   Thumb Code   136  tim.o(i.HAL_TIM_MspPostInit)
    HAL_TIM_OC_DelayElapsedCallback          0x08003b35   Thumb Code     2  stm32g4xx_hal_tim.o(i.HAL_TIM_OC_DelayElapsedCallback)
    HAL_TIM_PWM_ConfigChannel                0x08003b37   Thumb Code   292  stm32g4xx_hal_tim.o(i.HAL_TIM_PWM_ConfigChannel)
    HAL_TIM_PWM_Init                         0x08003c5b   Thumb Code    98  stm32g4xx_hal_tim.o(i.HAL_TIM_PWM_Init)
    HAL_TIM_PWM_MspInit                      0x08003cbd   Thumb Code     2  stm32g4xx_hal_tim.o(i.HAL_TIM_PWM_MspInit)
    HAL_TIM_PWM_PulseFinishedCallback        0x08003cbf   Thumb Code     2  stm32g4xx_hal_tim.o(i.HAL_TIM_PWM_PulseFinishedCallback)
    HAL_TIM_PWM_Start                        0x08003cc1   Thumb Code   218  stm32g4xx_hal_tim.o(i.HAL_TIM_PWM_Start)
    HAL_TIM_PeriodElapsedCallback            0x08003dbd   Thumb Code    66  motor_system.o(i.HAL_TIM_PeriodElapsedCallback)
    HAL_TIM_TriggerCallback                  0x08003e0d   Thumb Code     2  stm32g4xx_hal_tim.o(i.HAL_TIM_TriggerCallback)
    HAL_UARTEx_DisableFifoMode               0x08003e0f   Thumb Code    62  stm32g4xx_hal_uart_ex.o(i.HAL_UARTEx_DisableFifoMode)
    HAL_UARTEx_ReceiveToIdle_DMA             0x08003e4d   Thumb Code    74  stm32g4xx_hal_uart_ex.o(i.HAL_UARTEx_ReceiveToIdle_DMA)
    HAL_UARTEx_RxEventCallback               0x08003e99   Thumb Code    38  vofa_usart.o(i.HAL_UARTEx_RxEventCallback)
    HAL_UARTEx_RxFifoFullCallback            0x08003ecd   Thumb Code     2  stm32g4xx_hal_uart_ex.o(i.HAL_UARTEx_RxFifoFullCallback)
    HAL_UARTEx_SetRxFifoThreshold            0x08003ecf   Thumb Code    76  stm32g4xx_hal_uart_ex.o(i.HAL_UARTEx_SetRxFifoThreshold)
    HAL_UARTEx_SetTxFifoThreshold            0x08003f1b   Thumb Code    76  stm32g4xx_hal_uart_ex.o(i.HAL_UARTEx_SetTxFifoThreshold)
    HAL_UARTEx_TxFifoEmptyCallback           0x08003f67   Thumb Code     2  stm32g4xx_hal_uart_ex.o(i.HAL_UARTEx_TxFifoEmptyCallback)
    HAL_UARTEx_WakeupCallback                0x08003f69   Thumb Code     2  stm32g4xx_hal_uart_ex.o(i.HAL_UARTEx_WakeupCallback)
    HAL_UART_ErrorCallback                   0x08003f6b   Thumb Code     2  stm32g4xx_hal_uart.o(i.HAL_UART_ErrorCallback)
    HAL_UART_IRQHandler                      0x08003f6d   Thumb Code   782  stm32g4xx_hal_uart.o(i.HAL_UART_IRQHandler)
    HAL_UART_Init                            0x08004289   Thumb Code   106  stm32g4xx_hal_uart.o(i.HAL_UART_Init)
    HAL_UART_MspInit                         0x080042f5   Thumb Code   218  usart.o(i.HAL_UART_MspInit)
    HAL_UART_RxCpltCallback                  0x080043e5   Thumb Code     2  stm32g4xx_hal_uart.o(i.HAL_UART_RxCpltCallback)
    HAL_UART_RxHalfCpltCallback              0x080043e7   Thumb Code     2  stm32g4xx_hal_uart.o(i.HAL_UART_RxHalfCpltCallback)
    HAL_UART_Transmit_DMA                    0x080043e9   Thumb Code   132  stm32g4xx_hal_uart.o(i.HAL_UART_Transmit_DMA)
    HAL_UART_TxCpltCallback                  0x08004479   Thumb Code     2  stm32g4xx_hal_uart.o(i.HAL_UART_TxCpltCallback)
    HAL_UART_TxHalfCpltCallback              0x0800447b   Thumb Code     2  stm32g4xx_hal_uart.o(i.HAL_UART_TxHalfCpltCallback)
    HardFault_Handler                        0x0800447d   Thumb Code     2  stm32g4xx_it.o(i.HardFault_Handler)
    I2C1_ER_IRQHandler                       0x08004529   Thumb Code     6  stm32g4xx_it.o(i.I2C1_ER_IRQHandler)
    I2C1_EV_IRQHandler                       0x08004535   Thumb Code     6  stm32g4xx_it.o(i.I2C1_EV_IRQHandler)
    I2C_Delay                                0x080045b9   Thumb Code    24  oled.o(i.I2C_Delay)
    Led_Toggle                               0x0800532d   Thumb Code     8  user_io.o(i.Led_Toggle)
    MX_ADC1_Init                             0x08005339   Thumb Code   186  adc.o(i.MX_ADC1_Init)
    MX_ADC2_Init                             0x08005401   Thumb Code   114  adc.o(i.MX_ADC2_Init)
    MX_DMA_Init                              0x08005481   Thumb Code   120  dma.o(i.MX_DMA_Init)
    MX_GPIO_Init                             0x080054fd   Thumb Code   178  gpio.o(i.MX_GPIO_Init)
    MX_I2C1_Init                             0x080055b9   Thumb Code    76  i2c.o(i.MX_I2C1_Init)
    MX_TIM1_Init                             0x08005611   Thumb Code   270  tim.o(i.MX_TIM1_Init)
    MX_TIM2_Init                             0x08005729   Thumb Code    98  tim.o(i.MX_TIM2_Init)
    MX_USART2_UART_Init                      0x08005791   Thumb Code    94  usart.o(i.MX_USART2_UART_Init)
    MemManage_Handler                        0x080057f9   Thumb Code     2  stm32g4xx_it.o(i.MemManage_Handler)
    Motor_CurrentLoop_Clarke                 0x080057fd   Thumb Code    30  motor_current_loop.o(i.Motor_CurrentLoop_Clarke)
    Motor_CurrentLoop_GetParams              0x08005821   Thumb Code    34  motor_current_loop.o(i.Motor_CurrentLoop_GetParams)
    Motor_CurrentLoop_Init                   0x08005849   Thumb Code   146  motor_current_loop.o(i.Motor_CurrentLoop_Init)
    Motor_CurrentLoop_InvPark                0x080058f9   Thumb Code    26  motor_current_loop.o(i.Motor_CurrentLoop_InvPark)
    Motor_CurrentLoop_Park                   0x08005913   Thumb Code    22  motor_current_loop.o(i.Motor_CurrentLoop_Park)
    Motor_CurrentLoop_Run                    0x08005961   Thumb Code   330  motor_current_loop.o(i.Motor_CurrentLoop_Run)
    Motor_CurrentLoop_SetBiasVolts           0x08005ac1   Thumb Code     8  motor_current_loop.o(i.Motor_CurrentLoop_SetBiasVolts)
    Motor_CurrentLoop_SetMotorIdentityParams 0x08005acd   Thumb Code    12  motor_current_loop.o(i.Motor_CurrentLoop_SetMotorIdentityParams)
    Motor_Identify_GetState                  0x08005add   Thumb Code     6  motor_identify.o(i.Motor_Identify_GetState)
    Motor_Identify_Start                     0x08005ae9   Thumb Code    24  motor_identify.o(i.Motor_Identify_Start)
    Motor_Identify_Task                      0x08005b05   Thumb Code    92  motor_identify.o(i.Motor_Identify_Task)
    Motor_OpenLoop_Drive                     0x08005b71   Thumb Code   162  motor_identify.o(i.Motor_OpenLoop_Drive)
    Motor_ShowDebugInfo_OLED                 0x08005c29   Thumb Code   226  motor_system.o(i.Motor_ShowDebugInfo_OLED)
    Motor_System_Task                        0x08005d55   Thumb Code    12  motor_system.o(i.Motor_System_Task)
    NMI_Handler                              0x08005d69   Thumb Code     2  stm32g4xx_it.o(i.NMI_Handler)
    OLED_Clear                               0x08005d6b   Thumb Code    38  oled.o(i.OLED_Clear)
    OLED_I2C_Init                            0x08005d91   Thumb Code    24  oled.o(i.OLED_I2C_Init)
    OLED_I2C_SendByte                        0x08005da9   Thumb Code    58  oled.o(i.OLED_I2C_SendByte)
    OLED_I2C_Start                           0x08005de3   Thumb Code    30  oled.o(i.OLED_I2C_Start)
    OLED_I2C_Stop                            0x08005e01   Thumb Code    24  oled.o(i.OLED_I2C_Stop)
    OLED_Init                                0x08005e19   Thumb Code   158  oled.o(i.OLED_Init)
    OLED_Pow                                 0x08005eb7   Thumb Code    14  oled.o(i.OLED_Pow)
    OLED_SetCursor                           0x08005ec5   Thumb Code    34  oled.o(i.OLED_SetCursor)
    OLED_ShowChar                            0x08005ee9   Thumb Code    98  oled.o(i.OLED_ShowChar)
    OLED_ShowNum                             0x08005f51   Thumb Code    66  oled.o(i.OLED_ShowNum)
    OLED_ShowSignedNum                       0x08005f93   Thumb Code    88  oled.o(i.OLED_ShowSignedNum)
    OLED_ShowString                          0x08005feb   Thumb Code    38  oled.o(i.OLED_ShowString)
    OLED_W_SCL                               0x08006011   Thumb Code    22  oled.o(i.OLED_W_SCL)
    OLED_W_SDA                               0x0800602d   Thumb Code    22  oled.o(i.OLED_W_SDA)
    OLED_WriteCommand                        0x08006049   Thumb Code    34  oled.o(i.OLED_WriteCommand)
    OLED_WriteData                           0x0800606b   Thumb Code    34  oled.o(i.OLED_WriteData)
    PID_Calculate                            0x0800608d   Thumb Code   144  pid.o(i.PID_Calculate)
    PID_Init                                 0x0800611d   Thumb Code    42  pid.o(i.PID_Init)
    PendSV_Handler                           0x0800614d   Thumb Code     2  stm32g4xx_it.o(i.PendSV_Handler)
    SVC_Handler                              0x0800614f   Thumb Code     2  stm32g4xx_it.o(i.SVC_Handler)
    SysTick_Handler                          0x08006151   Thumb Code     4  stm32g4xx_it.o(i.SysTick_Handler)
    SystemClock_Config                       0x08006155   Thumb Code   104  main.o(i.SystemClock_Config)
    SystemInit                               0x080061bd   Thumb Code    12  system_stm32g4xx.o(i.SystemInit)
    TIM2_IRQHandler                          0x080061cd   Thumb Code     6  stm32g4xx_it.o(i.TIM2_IRQHandler)
    TIM_Base_SetConfig                       0x080061d9   Thumb Code   154  stm32g4xx_hal_tim.o(i.TIM_Base_SetConfig)
    TIM_CCxChannelCmd                        0x08006291   Thumb Code    26  stm32g4xx_hal_tim.o(i.TIM_CCxChannelCmd)
    TIM_ETR_SetConfig                        0x080062c5   Thumb Code    20  stm32g4xx_hal_tim.o(i.TIM_ETR_SetConfig)
    TIM_OC2_SetConfig                        0x08006391   Thumb Code   124  stm32g4xx_hal_tim.o(i.TIM_OC2_SetConfig)
    UART_AdvFeatureConfig                    0x0800670d   Thumb Code   200  stm32g4xx_hal_uart.o(i.UART_AdvFeatureConfig)
    UART_CheckIdleState                      0x080067d5   Thumb Code   172  stm32g4xx_hal_uart.o(i.UART_CheckIdleState)
    UART_SetConfig                           0x08006a7d   Thumb Code   582  stm32g4xx_hal_uart.o(i.UART_SetConfig)
    UART_Start_Receive_DMA                   0x08006cf1   Thumb Code   156  stm32g4xx_hal_uart.o(i.UART_Start_Receive_DMA)
    UART_WaitOnFlagUntilTimeout              0x08006d99   Thumb Code   148  stm32g4xx_hal_uart.o(i.UART_WaitOnFlagUntilTimeout)
    USART2_IRQHandler                        0x08006e2d   Thumb Code     6  stm32g4xx_it.o(i.USART2_IRQHandler)
    UsageFault_Handler                       0x08006e39   Thumb Code     2  stm32g4xx_it.o(i.UsageFault_Handler)
    VOFA_Init                                0x08006e3d   Thumb Code    30  vofa_usart.o(i.VOFA_Init)
    VOFA_JustFloat_Send                      0x08006e65   Thumb Code    64  vofa_usart.o(i.VOFA_JustFloat_Send)
    __ARM_fpclassifyf                        0x08006eb1   Thumb Code    38  fpclassifyf.o(i.__ARM_fpclassifyf)
    __hardfp_cosf                            0x08006ef9   Thumb Code   280  cosf.o(i.__hardfp_cosf)
    __hardfp_fmodf                           0x08007049   Thumb Code   176  fmodf.o(i.__hardfp_fmodf)
    __hardfp_roundf                          0x080070f9   Thumb Code   154  roundf.o(i.__hardfp_roundf)
    __hardfp_sinf                            0x08007195   Thumb Code   344  sinf.o(i.__hardfp_sinf)
    __mathlib_flt_infnan                     0x08007325   Thumb Code     6  funder.o(i.__mathlib_flt_infnan)
    __mathlib_flt_invalid                    0x0800732d   Thumb Code    10  funder.o(i.__mathlib_flt_invalid)
    __mathlib_flt_underflow                  0x0800733d   Thumb Code    10  funder.o(i.__mathlib_flt_underflow)
    __mathlib_rredf2                         0x0800734d   Thumb Code   316  rredf.o(i.__mathlib_rredf2)
    cosf                                     0x080074a1   Thumb Code    16  cosf.o(i.cosf)
    fmodf                                    0x080074b1   Thumb Code    20  fmodf.o(i.fmodf)
    hardware_init                            0x080074c5   Thumb Code   168  hardware_init.o(i.hardware_init)
    main                                     0x08007581   Thumb Code    50  main.o(i.main)
    sinf                                     0x080075b3   Thumb Code    16  sinf.o(i.sinf)
    __fpl_dretinf                            0x080075c3   Thumb Code    12  dretinf.o(x$fpl$dretinf)
    __aeabi_f2d                              0x080075d1   Thumb Code     0  f2d.o(x$fpl$f2d)
    _f2d                                     0x080075d1   Thumb Code    86  f2d.o(x$fpl$f2d)
    __fpl_fnaninf                            0x08007627   Thumb Code   140  fnaninf.o(x$fpl$fnaninf)
    _fp_init                                 0x080076b3   Thumb Code    10  fpinit.o(x$fpl$fpinit)
    __fplib_config_fpu_vfp                   0x080076bb   Thumb Code     0  fpinit.o(x$fpl$fpinit)
    __fplib_config_pureend_doubles           0x080076bb   Thumb Code     0  fpinit.o(x$fpl$fpinit)
    _frem                                    0x080076bd   Thumb Code   240  frem_clz.o(x$fpl$frem)
    _frnd                                    0x080077b1   Thumb Code    96  frnd.o(x$fpl$frnd)
    UARTPrescTable                           0x08007810   Data          24  stm32g4xx_hal_uart.o(.constdata)
    __I$use$fp                               0x08007810   Number         0  usenofp.o(x$fpl$usenofp)
    AHBPrescTable                            0x08007838   Data          16  system_stm32g4xx.o(.constdata)
    APBPrescTable                            0x08007848   Data           8  system_stm32g4xx.o(.constdata)
    OLED_F8x16                               0x08007850   Data        1520  oled.o(.constdata)
    vofa_tail                                0x08007e40   Data           4  vofa_usart.o(.constdata)
    Region$$Table$$Base                      0x08007e64   Number         0  anon$$obj.o(Region$$Table)
    Region$$Table$$Limit                     0x08007e84   Number         0  anon$$obj.o(Region$$Table)
    uwTickPrio                               0x20000004   Data           4  stm32g4xx_hal.o(.data)
    uwTickFreq                               0x20000008   Data           4  stm32g4xx_hal.o(.data)
    uwTick                                   0x2000000c   Data           4  stm32g4xx_hal.o(.data)
    SystemCoreClock                          0x20000010   Data           4  system_stm32g4xx.o(.data)
    as5600_i2c_error                         0x20000014   Data           1  as5600.o(.data)
    as5600_rx_buffer                         0x20000015   Data           2  as5600.o(.data)
    as5600_current_angle                     0x20000018   Data           2  as5600.o(.data)
    g_motor_publicdata                       0x20000028   Data           2  motor_publicdata.o(.data)
    g_motor_system                           0x2000002c   Data           6  motor_system.o(.data)
    hadc1                                    0x20000034   Data         108  adc.o(.bss)
    hadc2                                    0x200000a0   Data         108  adc.o(.bss)
    hdma_adc2                                0x2000010c   Data          96  adc.o(.bss)
    hi2c1                                    0x2000016c   Data          84  i2c.o(.bss)
    hdma_i2c1_rx                             0x200001c0   Data          96  i2c.o(.bss)
    hdma_i2c1_tx                             0x20000220   Data          96  i2c.o(.bss)
    htim1                                    0x20000280   Data          76  tim.o(.bss)
    htim2                                    0x200002cc   Data          76  tim.o(.bss)
    huart2                                   0x20000318   Data         148  usart.o(.bss)
    hdma_usart2_rx                           0x200003ac   Data          96  usart.o(.bss)
    hdma_usart2_tx                           0x2000040c   Data          96  usart.o(.bss)
    g_foc_state                              0x2000046c   Data         160  motor_current_loop.o(.bss)
    vofa_rx_buffer                           0x20000520   Data         128  vofa_usart.o(.bss)
    vofa_tx_buffer                           0x200005a0   Data          64  vofa_usart.o(.bss)
    __libspace_start                         0x200005e0   Data          96  libspace.o(.bss)
    __temporary_stack_top$libspace           0x20000640   Data           0  libspace.o(.bss)



==============================================================================

Memory Map of the image

  Image Entry point : 0x080001d9

  Load Region LR_IROM1 (Base: 0x08000000, Size: 0x00007eb8, Max: 0x00020000, ABSOLUTE)

    Execution Region ER_IROM1 (Exec base: 0x08000000, Load base: 0x08000000, Size: 0x00007e84, Max: 0x00020000, ABSOLUTE)

    Exec Addr    Load Addr    Size         Type   Attr      Idx    E Section Name        Object

    0x08000000   0x08000000   0x000001d8   Data   RO            3    RESET               startup_stm32g431xx.o
    0x080001d8   0x080001d8   0x00000008   Code   RO         5432  * !!!main             c_w.l(__main.o)
    0x080001e0   0x080001e0   0x00000034   Code   RO         5678    !!!scatter          c_w.l(__scatter.o)
    0x08000214   0x08000214   0x0000001a   Code   RO         5680    !!handler_copy      c_w.l(__scatter_copy.o)
    0x0800022e   0x0800022e   0x00000002   PAD
    0x08000230   0x08000230   0x0000001c   Code   RO         5682    !!handler_zi        c_w.l(__scatter_zi.o)
    0x0800024c   0x0800024c   0x00000002   Code   RO         5549    .ARM.Collect$$libinit$$00000000  c_w.l(libinit.o)
    0x0800024e   0x0800024e   0x00000004   Code   RO         5558    .ARM.Collect$$libinit$$00000001  c_w.l(libinit2.o)
    0x08000252   0x08000252   0x00000000   Code   RO         5561    .ARM.Collect$$libinit$$00000004  c_w.l(libinit2.o)
    0x08000252   0x08000252   0x00000000   Code   RO         5564    .ARM.Collect$$libinit$$0000000A  c_w.l(libinit2.o)
    0x08000252   0x08000252   0x00000000   Code   RO         5566    .ARM.Collect$$libinit$$0000000C  c_w.l(libinit2.o)
    0x08000252   0x08000252   0x00000000   Code   RO         5568    .ARM.Collect$$libinit$$0000000E  c_w.l(libinit2.o)
    0x08000252   0x08000252   0x00000000   Code   RO         5571    .ARM.Collect$$libinit$$00000011  c_w.l(libinit2.o)
    0x08000252   0x08000252   0x00000000   Code   RO         5573    .ARM.Collect$$libinit$$00000013  c_w.l(libinit2.o)
    0x08000252   0x08000252   0x00000000   Code   RO         5575    .ARM.Collect$$libinit$$00000015  c_w.l(libinit2.o)
    0x08000252   0x08000252   0x00000000   Code   RO         5577    .ARM.Collect$$libinit$$00000017  c_w.l(libinit2.o)
    0x08000252   0x08000252   0x00000000   Code   RO         5579    .ARM.Collect$$libinit$$00000019  c_w.l(libinit2.o)
    0x08000252   0x08000252   0x00000000   Code   RO         5581    .ARM.Collect$$libinit$$0000001B  c_w.l(libinit2.o)
    0x08000252   0x08000252   0x00000000   Code   RO         5583    .ARM.Collect$$libinit$$0000001D  c_w.l(libinit2.o)
    0x08000252   0x08000252   0x00000000   Code   RO         5585    .ARM.Collect$$libinit$$0000001F  c_w.l(libinit2.o)
    0x08000252   0x08000252   0x00000000   Code   RO         5587    .ARM.Collect$$libinit$$00000021  c_w.l(libinit2.o)
    0x08000252   0x08000252   0x00000000   Code   RO         5589    .ARM.Collect$$libinit$$00000023  c_w.l(libinit2.o)
    0x08000252   0x08000252   0x00000000   Code   RO         5591    .ARM.Collect$$libinit$$00000025  c_w.l(libinit2.o)
    0x08000252   0x08000252   0x00000000   Code   RO         5595    .ARM.Collect$$libinit$$0000002C  c_w.l(libinit2.o)
    0x08000252   0x08000252   0x00000000   Code   RO         5597    .ARM.Collect$$libinit$$0000002E  c_w.l(libinit2.o)
    0x08000252   0x08000252   0x00000000   Code   RO         5599    .ARM.Collect$$libinit$$00000030  c_w.l(libinit2.o)
    0x08000252   0x08000252   0x00000000   Code   RO         5601    .ARM.Collect$$libinit$$00000032  c_w.l(libinit2.o)
    0x08000252   0x08000252   0x00000002   Code   RO         5602    .ARM.Collect$$libinit$$00000033  c_w.l(libinit2.o)
    0x08000254   0x08000254   0x00000002   Code   RO         5633    .ARM.Collect$$libshutdown$$00000000  c_w.l(libshutdown.o)
    0x08000256   0x08000256   0x00000000   Code   RO         5659    .ARM.Collect$$libshutdown$$00000002  c_w.l(libshutdown2.o)
    0x08000256   0x08000256   0x00000000   Code   RO         5661    .ARM.Collect$$libshutdown$$00000004  c_w.l(libshutdown2.o)
    0x08000256   0x08000256   0x00000000   Code   RO         5663    .ARM.Collect$$libshutdown$$00000006  c_w.l(libshutdown2.o)
    0x08000256   0x08000256   0x00000000   Code   RO         5666    .ARM.Collect$$libshutdown$$00000009  c_w.l(libshutdown2.o)
    0x08000256   0x08000256   0x00000000   Code   RO         5669    .ARM.Collect$$libshutdown$$0000000C  c_w.l(libshutdown2.o)
    0x08000256   0x08000256   0x00000000   Code   RO         5671    .ARM.Collect$$libshutdown$$0000000E  c_w.l(libshutdown2.o)
    0x08000256   0x08000256   0x00000000   Code   RO         5674    .ARM.Collect$$libshutdown$$00000011  c_w.l(libshutdown2.o)
    0x08000256   0x08000256   0x00000002   Code   RO         5675    .ARM.Collect$$libshutdown$$00000012  c_w.l(libshutdown2.o)
    0x08000258   0x08000258   0x00000000   Code   RO         5476    .ARM.Collect$$rtentry$$00000000  c_w.l(__rtentry.o)
    0x08000258   0x08000258   0x00000000   Code   RO         5512    .ARM.Collect$$rtentry$$00000002  c_w.l(__rtentry2.o)
    0x08000258   0x08000258   0x00000006   Code   RO         5524    .ARM.Collect$$rtentry$$00000004  c_w.l(__rtentry4.o)
    0x0800025e   0x0800025e   0x00000000   Code   RO         5514    .ARM.Collect$$rtentry$$00000009  c_w.l(__rtentry2.o)
    0x0800025e   0x0800025e   0x00000004   Code   RO         5515    .ARM.Collect$$rtentry$$0000000A  c_w.l(__rtentry2.o)
    0x08000262   0x08000262   0x00000000   Code   RO         5517    .ARM.Collect$$rtentry$$0000000C  c_w.l(__rtentry2.o)
    0x08000262   0x08000262   0x00000008   Code   RO         5518    .ARM.Collect$$rtentry$$0000000D  c_w.l(__rtentry2.o)
    0x0800026a   0x0800026a   0x00000002   Code   RO         5550    .ARM.Collect$$rtexit$$00000000  c_w.l(rtexit.o)
    0x0800026c   0x0800026c   0x00000000   Code   RO         5606    .ARM.Collect$$rtexit$$00000002  c_w.l(rtexit2.o)
    0x0800026c   0x0800026c   0x00000004   Code   RO         5607    .ARM.Collect$$rtexit$$00000003  c_w.l(rtexit2.o)
    0x08000270   0x08000270   0x00000006   Code   RO         5608    .ARM.Collect$$rtexit$$00000004  c_w.l(rtexit2.o)
    0x08000276   0x08000276   0x00000002   PAD
    0x08000278   0x08000278   0x00000040   Code   RO            4    .text               startup_stm32g431xx.o
    0x080002b8   0x080002b8   0x000000ee   Code   RO         5422    .text               c_w.l(lludivv7m.o)
    0x080003a6   0x080003a6   0x0000008a   Code   RO         5424    .text               c_w.l(rt_memcpy_v6.o)
    0x08000430   0x08000430   0x00000064   Code   RO         5426    .text               c_w.l(rt_memcpy_w.o)
    0x08000494   0x08000494   0x0000004e   Code   RO         5428    .text               c_w.l(rt_memclr_w.o)
    0x080004e2   0x080004e2   0x00000006   Code   RO         5430    .text               c_w.l(heapauxi.o)
    0x080004e8   0x080004e8   0x00000016   Code   RO         5481    .text               c_w.l(_rserrno.o)
    0x080004fe   0x080004fe   0x00000002   PAD
    0x08000500   0x08000500   0x00000008   Code   RO         5531    .text               c_w.l(rt_errno_addr_intlibspace.o)
    0x08000508   0x08000508   0x00000008   Code   RO         5533    .text               c_w.l(libspace.o)
    0x08000510   0x08000510   0x0000004a   Code   RO         5536    .text               c_w.l(sys_stackheap_outer.o)
    0x0800055a   0x0800055a   0x00000012   Code   RO         5538    .text               c_w.l(exit.o)
    0x0800056c   0x0800056c   0x0000000c   Code   RO         5603    .text               c_w.l(sys_exit.o)
    0x08000578   0x08000578   0x00000002   Code   RO         5622    .text               c_w.l(use_no_semi.o)
    0x0800057a   0x0800057a   0x00000000   Code   RO         5624    .text               c_w.l(indicate_semi.o)
    0x0800057a   0x0800057a   0x00000002   PAD
    0x0800057c   0x0800057c   0x0000001c   Code   RO          430    i.ADC1_2_IRQHandler  stm32g4xx_it.o
    0x08000598   0x08000598   0x00000070   Code   RO          594    i.ADC_Disable       stm32g4xx_hal_adc.o
    0x08000608   0x08000608   0x000000ac   Code   RO          595    i.ADC_Enable        stm32g4xx_hal_adc.o
    0x080006b4   0x080006b4   0x0000000c   Code   RO         4790    i.AS5600_ReadRawAngle  as5600.o
    0x080006c0   0x080006c0   0x0000002c   Code   RO         4791    i.AS5600_RequestRead_DMA  as5600.o
    0x080006ec   0x080006ec   0x00000002   Code   RO          431    i.BusFault_Handler  stm32g4xx_it.o
    0x080006ee   0x080006ee   0x00000002   PAD
    0x080006f0   0x080006f0   0x0000000c   Code   RO          432    i.DMA1_Channel1_IRQHandler  stm32g4xx_it.o
    0x080006fc   0x080006fc   0x0000000c   Code   RO          433    i.DMA1_Channel2_IRQHandler  stm32g4xx_it.o
    0x08000708   0x08000708   0x0000000c   Code   RO          434    i.DMA1_Channel3_IRQHandler  stm32g4xx_it.o
    0x08000714   0x08000714   0x0000000c   Code   RO          435    i.DMA1_Channel4_IRQHandler  stm32g4xx_it.o
    0x08000720   0x08000720   0x0000000c   Code   RO          436    i.DMA1_Channel5_IRQHandler  stm32g4xx_it.o
    0x0800072c   0x0800072c   0x00000048   Code   RO         1888    i.DMA_CalcDMAMUXChannelBaseAndMask  stm32g4xx_hal_dma.o
    0x08000774   0x08000774   0x00000028   Code   RO         1889    i.DMA_CalcDMAMUXRequestGenBaseAndMask  stm32g4xx_hal_dma.o
    0x0800079c   0x0800079c   0x0000003e   Code   RO         1890    i.DMA_SetConfig     stm32g4xx_hal_dma.o
    0x080007da   0x080007da   0x00000002   Code   RO          437    i.DebugMon_Handler  stm32g4xx_it.o
    0x080007dc   0x080007dc   0x00000004   Code   RO           13    i.Error_Handler     main.o
    0x080007e0   0x080007e0   0x00000094   Code   RO          828    i.HAL_ADCEx_Calibration_Start  stm32g4xx_hal_adc_ex.o
    0x08000874   0x08000874   0x00000002   Code   RO          832    i.HAL_ADCEx_EndOfSamplingCallback  stm32g4xx_hal_adc_ex.o
    0x08000876   0x08000876   0x00000002   PAD
    0x08000878   0x08000878   0x00000518   Code   RO          834    i.HAL_ADCEx_InjectedConfigChannel  stm32g4xx_hal_adc_ex.o
    0x08000d90   0x08000d90   0x00000030   Code   RO         4893    i.HAL_ADCEx_InjectedConvCpltCallback  motor_current_loop.o
    0x08000dc0   0x08000dc0   0x0000002e   Code   RO          836    i.HAL_ADCEx_InjectedGetValue  stm32g4xx_hal_adc_ex.o
    0x08000dee   0x08000dee   0x00000002   PAD
    0x08000df0   0x08000df0   0x000000f4   Code   RO          837    i.HAL_ADCEx_InjectedPollForConversion  stm32g4xx_hal_adc_ex.o
    0x08000ee4   0x08000ee4   0x00000002   Code   RO          838    i.HAL_ADCEx_InjectedQueueOverflowCallback  stm32g4xx_hal_adc_ex.o
    0x08000ee6   0x08000ee6   0x00000002   PAD
    0x08000ee8   0x08000ee8   0x000000e8   Code   RO          839    i.HAL_ADCEx_InjectedStart  stm32g4xx_hal_adc_ex.o
    0x08000fd0   0x08000fd0   0x00000128   Code   RO          840    i.HAL_ADCEx_InjectedStart_IT  stm32g4xx_hal_adc_ex.o
    0x080010f8   0x080010f8   0x00000002   Code   RO          843    i.HAL_ADCEx_LevelOutOfWindow2Callback  stm32g4xx_hal_adc_ex.o
    0x080010fa   0x080010fa   0x00000002   Code   RO          844    i.HAL_ADCEx_LevelOutOfWindow3Callback  stm32g4xx_hal_adc_ex.o
    0x080010fc   0x080010fc   0x000000d8   Code   RO          845    i.HAL_ADCEx_MultiModeConfigChannel  stm32g4xx_hal_adc_ex.o
    0x080011d4   0x080011d4   0x00000424   Code   RO          597    i.HAL_ADC_ConfigChannel  stm32g4xx_hal_adc.o
    0x080015f8   0x080015f8   0x00000002   Code   RO          598    i.HAL_ADC_ConvCpltCallback  stm32g4xx_hal_adc.o
    0x080015fa   0x080015fa   0x00000002   Code   RO          601    i.HAL_ADC_ErrorCallback  stm32g4xx_hal_adc.o
    0x080015fc   0x080015fc   0x0000026c   Code   RO          605    i.HAL_ADC_IRQHandler  stm32g4xx_hal_adc.o
    0x08001868   0x08001868   0x000001f4   Code   RO          606    i.HAL_ADC_Init      stm32g4xx_hal_adc.o
    0x08001a5c   0x08001a5c   0x00000002   Code   RO          607    i.HAL_ADC_LevelOutOfWindowCallback  stm32g4xx_hal_adc.o
    0x08001a5e   0x08001a5e   0x00000002   PAD
    0x08001a60   0x08001a60   0x00000150   Code   RO          220    i.HAL_ADC_MspInit   adc.o
    0x08001bb0   0x08001bb0   0x000000f4   Code   RO          612    i.HAL_ADC_Start     stm32g4xx_hal_adc.o
    0x08001ca4   0x08001ca4   0x00000070   Code   RO         1891    i.HAL_DMA_Abort     stm32g4xx_hal_dma.o
    0x08001d14   0x08001d14   0x00000078   Code   RO         1892    i.HAL_DMA_Abort_IT  stm32g4xx_hal_dma.o
    0x08001d8c   0x08001d8c   0x000000a8   Code   RO         1893    i.HAL_DMA_DeInit    stm32g4xx_hal_dma.o
    0x08001e34   0x08001e34   0x00000006   Code   RO         1895    i.HAL_DMA_GetState  stm32g4xx_hal_dma.o
    0x08001e3a   0x08001e3a   0x000000ba   Code   RO         1896    i.HAL_DMA_IRQHandler  stm32g4xx_hal_dma.o
    0x08001ef4   0x08001ef4   0x000000c4   Code   RO         1897    i.HAL_DMA_Init      stm32g4xx_hal_dma.o
    0x08001fb8   0x08001fb8   0x00000050   Code   RO         1900    i.HAL_DMA_Start     stm32g4xx_hal_dma.o
    0x08002008   0x08002008   0x0000008c   Code   RO         1901    i.HAL_DMA_Start_IT  stm32g4xx_hal_dma.o
    0x08002094   0x08002094   0x00000024   Code   RO         1044    i.HAL_Delay         stm32g4xx_hal.o
    0x080020b8   0x080020b8   0x00000150   Code   RO         1750    i.HAL_GPIO_DeInit   stm32g4xx_hal_gpio.o
    0x08002208   0x08002208   0x00000234   Code   RO         1753    i.HAL_GPIO_Init     stm32g4xx_hal_gpio.o
    0x0800243c   0x0800243c   0x00000010   Code   RO         1756    i.HAL_GPIO_TogglePin  stm32g4xx_hal_gpio.o
    0x0800244c   0x0800244c   0x0000000a   Code   RO         1757    i.HAL_GPIO_WritePin  stm32g4xx_hal_gpio.o
    0x08002456   0x08002456   0x00000002   PAD
    0x08002458   0x08002458   0x0000000c   Code   RO         1048    i.HAL_GetTick       stm32g4xx_hal.o
    0x08002464   0x08002464   0x00000056   Code   RO         3014    i.HAL_I2CEx_ConfigAnalogFilter  stm32g4xx_hal_i2c_ex.o
    0x080024ba   0x080024ba   0x00000052   Code   RO         3015    i.HAL_I2CEx_ConfigDigitalFilter  stm32g4xx_hal_i2c_ex.o
    0x0800250c   0x0800250c   0x00000002   Code   RO         2542    i.HAL_I2C_AbortCpltCallback  stm32g4xx_hal_i2c.o
    0x0800250e   0x0800250e   0x00000002   Code   RO         2543    i.HAL_I2C_AddrCallback  stm32g4xx_hal_i2c.o
    0x08002510   0x08002510   0x00000032   Code   RO         2544    i.HAL_I2C_DeInit    stm32g4xx_hal_i2c.o
    0x08002542   0x08002542   0x00000068   Code   RO         2546    i.HAL_I2C_ER_IRQHandler  stm32g4xx_hal_i2c.o
    0x080025aa   0x080025aa   0x00000010   Code   RO         2547    i.HAL_I2C_EV_IRQHandler  stm32g4xx_hal_i2c.o
    0x080025ba   0x080025ba   0x00000002   PAD
    0x080025bc   0x080025bc   0x00000030   Code   RO         4792    i.HAL_I2C_ErrorCallback  as5600.o
    0x080025ec   0x080025ec   0x00000006   Code   RO         2552    i.HAL_I2C_GetState  stm32g4xx_hal_i2c.o
    0x080025f2   0x080025f2   0x00000002   PAD
    0x080025f4   0x080025f4   0x000000bc   Code   RO         2553    i.HAL_I2C_Init      stm32g4xx_hal_i2c.o
    0x080026b0   0x080026b0   0x00000002   Code   RO         2555    i.HAL_I2C_ListenCpltCallback  stm32g4xx_hal_i2c.o
    0x080026b2   0x080026b2   0x00000002   Code   RO         2556    i.HAL_I2C_MasterRxCpltCallback  stm32g4xx_hal_i2c.o
    0x080026b4   0x080026b4   0x00000002   Code   RO         2557    i.HAL_I2C_MasterTxCpltCallback  stm32g4xx_hal_i2c.o
    0x080026b6   0x080026b6   0x00000002   PAD
    0x080026b8   0x080026b8   0x00000030   Code   RO         4793    i.HAL_I2C_MemRxCpltCallback  as5600.o
    0x080026e8   0x080026e8   0x00000002   Code   RO         2570    i.HAL_I2C_MemTxCpltCallback  stm32g4xx_hal_i2c.o
    0x080026ea   0x080026ea   0x00000002   PAD
    0x080026ec   0x080026ec   0x0000010c   Code   RO         2572    i.HAL_I2C_Mem_Read_DMA  stm32g4xx_hal_i2c.o
    0x080027f8   0x080027f8   0x00000054   Code   RO          292    i.HAL_I2C_MspDeInit  i2c.o
    0x0800284c   0x0800284c   0x0000012c   Code   RO          293    i.HAL_I2C_MspInit   i2c.o
    0x08002978   0x08002978   0x00000002   Code   RO         2579    i.HAL_I2C_SlaveRxCpltCallback  stm32g4xx_hal_i2c.o
    0x0800297a   0x0800297a   0x00000002   Code   RO         2580    i.HAL_I2C_SlaveTxCpltCallback  stm32g4xx_hal_i2c.o
    0x0800297c   0x0800297c   0x00000010   Code   RO         1054    i.HAL_IncTick       stm32g4xx_hal.o
    0x0800298c   0x0800298c   0x0000001e   Code   RO         1055    i.HAL_Init          stm32g4xx_hal.o
    0x080029aa   0x080029aa   0x00000002   PAD
    0x080029ac   0x080029ac   0x00000044   Code   RO         1056    i.HAL_InitTick      stm32g4xx_hal.o
    0x080029f0   0x080029f0   0x00000030   Code   RO          566    i.HAL_MspInit       stm32g4xx_hal_msp.o
    0x08002a20   0x08002a20   0x00000022   Code   RO         2401    i.HAL_NVIC_DisableIRQ  stm32g4xx_hal_cortex.o
    0x08002a42   0x08002a42   0x0000001a   Code   RO         2402    i.HAL_NVIC_EnableIRQ  stm32g4xx_hal_cortex.o
    0x08002a5c   0x08002a5c   0x00000040   Code   RO         2408    i.HAL_NVIC_SetPriority  stm32g4xx_hal_cortex.o
    0x08002a9c   0x08002a9c   0x00000024   Code   RO         2409    i.HAL_NVIC_SetPriorityGrouping  stm32g4xx_hal_cortex.o
    0x08002ac0   0x08002ac0   0x000000bc   Code   RO         2156    i.HAL_PWREx_ControlVoltageScaling  stm32g4xx_hal_pwr_ex.o
    0x08002b7c   0x08002b7c   0x00000010   Code   RO         2168    i.HAL_PWREx_DisableUCPDDeadBattery  stm32g4xx_hal_pwr_ex.o
    0x08002b8c   0x08002b8c   0x00000288   Code   RO         1415    i.HAL_RCCEx_PeriphCLKConfig  stm32g4xx_hal_rcc_ex.o
    0x08002e14   0x08002e14   0x000001dc   Code   RO         1290    i.HAL_RCC_ClockConfig  stm32g4xx_hal_rcc.o
    0x08002ff0   0x08002ff0   0x00000024   Code   RO         1298    i.HAL_RCC_GetPCLK1Freq  stm32g4xx_hal_rcc.o
    0x08003014   0x08003014   0x00000024   Code   RO         1299    i.HAL_RCC_GetPCLK2Freq  stm32g4xx_hal_rcc.o
    0x08003038   0x08003038   0x0000006c   Code   RO         1300    i.HAL_RCC_GetSysClockFreq  stm32g4xx_hal_rcc.o
    0x080030a4   0x080030a4   0x00000404   Code   RO         1303    i.HAL_RCC_OscConfig  stm32g4xx_hal_rcc.o
    0x080034a8   0x080034a8   0x00000028   Code   RO         2413    i.HAL_SYSTICK_Config  stm32g4xx_hal_cortex.o
    0x080034d0   0x080034d0   0x00000002   Code   RO         3784    i.HAL_TIMEx_Break2Callback  stm32g4xx_hal_tim_ex.o
    0x080034d2   0x080034d2   0x00000002   Code   RO         3785    i.HAL_TIMEx_BreakCallback  stm32g4xx_hal_tim_ex.o
    0x080034d4   0x080034d4   0x00000002   Code   RO         3786    i.HAL_TIMEx_CommutCallback  stm32g4xx_hal_tim_ex.o
    0x080034d6   0x080034d6   0x00000002   PAD
    0x080034d8   0x080034d8   0x0000009c   Code   RO         3789    i.HAL_TIMEx_ConfigBreakDeadTime  stm32g4xx_hal_tim_ex.o
    0x08003574   0x08003574   0x00000002   Code   RO         3797    i.HAL_TIMEx_DirectionChangeCallback  stm32g4xx_hal_tim_ex.o
    0x08003576   0x08003576   0x00000002   Code   RO         3811    i.HAL_TIMEx_EncoderIndexCallback  stm32g4xx_hal_tim_ex.o
    0x08003578   0x08003578   0x00000002   Code   RO         3825    i.HAL_TIMEx_IndexErrorCallback  stm32g4xx_hal_tim_ex.o
    0x0800357a   0x0800357a   0x00000002   PAD
    0x0800357c   0x0800357c   0x0000009c   Code   RO         3826    i.HAL_TIMEx_MasterConfigSynchronization  stm32g4xx_hal_tim_ex.o
    0x08003618   0x08003618   0x000000b8   Code   RO         3838    i.HAL_TIMEx_PWMN_Start  stm32g4xx_hal_tim_ex.o
    0x080036d0   0x080036d0   0x00000002   Code   RO         3847    i.HAL_TIMEx_TransitionErrorCallback  stm32g4xx_hal_tim_ex.o
    0x080036d2   0x080036d2   0x00000062   Code   RO         3070    i.HAL_TIM_Base_Init  stm32g4xx_hal_tim.o
    0x08003734   0x08003734   0x00000050   Code   RO          335    i.HAL_TIM_Base_MspInit  tim.o
    0x08003784   0x08003784   0x00000078   Code   RO         3075    i.HAL_TIM_Base_Start_IT  stm32g4xx_hal_tim.o
    0x080037fc   0x080037fc   0x00000100   Code   RO         3079    i.HAL_TIM_ConfigClockSource  stm32g4xx_hal_tim.o
    0x080038fc   0x080038fc   0x00000002   Code   RO         3104    i.HAL_TIM_IC_CaptureCallback  stm32g4xx_hal_tim.o
    0x080038fe   0x080038fe   0x000001a2   Code   RO         3118    i.HAL_TIM_IRQHandler  stm32g4xx_hal_tim.o
    0x08003aa0   0x08003aa0   0x00000094   Code   RO          336    i.HAL_TIM_MspPostInit  tim.o
    0x08003b34   0x08003b34   0x00000002   Code   RO         3121    i.HAL_TIM_OC_DelayElapsedCallback  stm32g4xx_hal_tim.o
    0x08003b36   0x08003b36   0x00000124   Code   RO         3142    i.HAL_TIM_PWM_ConfigChannel  stm32g4xx_hal_tim.o
    0x08003c5a   0x08003c5a   0x00000062   Code   RO         3145    i.HAL_TIM_PWM_Init  stm32g4xx_hal_tim.o
    0x08003cbc   0x08003cbc   0x00000002   Code   RO         3147    i.HAL_TIM_PWM_MspInit  stm32g4xx_hal_tim.o
    0x08003cbe   0x08003cbe   0x00000002   Code   RO         3148    i.HAL_TIM_PWM_PulseFinishedCallback  stm32g4xx_hal_tim.o
    0x08003cc0   0x08003cc0   0x000000fc   Code   RO         3150    i.HAL_TIM_PWM_Start  stm32g4xx_hal_tim.o
    0x08003dbc   0x08003dbc   0x00000050   Code   RO         5091    i.HAL_TIM_PeriodElapsedCallback  motor_system.o
    0x08003e0c   0x08003e0c   0x00000002   Code   RO         3161    i.HAL_TIM_TriggerCallback  stm32g4xx_hal_tim.o
    0x08003e0e   0x08003e0e   0x0000003e   Code   RO         4633    i.HAL_UARTEx_DisableFifoMode  stm32g4xx_hal_uart_ex.o
    0x08003e4c   0x08003e4c   0x0000004a   Code   RO         4639    i.HAL_UARTEx_ReceiveToIdle_DMA  stm32g4xx_hal_uart_ex.o
    0x08003e96   0x08003e96   0x00000002   PAD
    0x08003e98   0x08003e98   0x00000034   Code   RO         5352    i.HAL_UARTEx_RxEventCallback  vofa_usart.o
    0x08003ecc   0x08003ecc   0x00000002   Code   RO         4641    i.HAL_UARTEx_RxFifoFullCallback  stm32g4xx_hal_uart_ex.o
    0x08003ece   0x08003ece   0x0000004c   Code   RO         4642    i.HAL_UARTEx_SetRxFifoThreshold  stm32g4xx_hal_uart_ex.o
    0x08003f1a   0x08003f1a   0x0000004c   Code   RO         4643    i.HAL_UARTEx_SetTxFifoThreshold  stm32g4xx_hal_uart_ex.o
    0x08003f66   0x08003f66   0x00000002   Code   RO         4645    i.HAL_UARTEx_TxFifoEmptyCallback  stm32g4xx_hal_uart_ex.o
    0x08003f68   0x08003f68   0x00000002   Code   RO         4646    i.HAL_UARTEx_WakeupCallback  stm32g4xx_hal_uart_ex.o
    0x08003f6a   0x08003f6a   0x00000002   Code   RO         4238    i.HAL_UART_ErrorCallback  stm32g4xx_hal_uart.o
    0x08003f6c   0x08003f6c   0x0000031c   Code   RO         4241    i.HAL_UART_IRQHandler  stm32g4xx_hal_uart.o
    0x08004288   0x08004288   0x0000006a   Code   RO         4242    i.HAL_UART_Init     stm32g4xx_hal_uart.o
    0x080042f2   0x080042f2   0x00000002   PAD
    0x080042f4   0x080042f4   0x000000f0   Code   RO          389    i.HAL_UART_MspInit  usart.o
    0x080043e4   0x080043e4   0x00000002   Code   RO         4249    i.HAL_UART_RxCpltCallback  stm32g4xx_hal_uart.o
    0x080043e6   0x080043e6   0x00000002   Code   RO         4250    i.HAL_UART_RxHalfCpltCallback  stm32g4xx_hal_uart.o
    0x080043e8   0x080043e8   0x00000090   Code   RO         4252    i.HAL_UART_Transmit_DMA  stm32g4xx_hal_uart.o
    0x08004478   0x08004478   0x00000002   Code   RO         4254    i.HAL_UART_TxCpltCallback  stm32g4xx_hal_uart.o
    0x0800447a   0x0800447a   0x00000002   Code   RO         4255    i.HAL_UART_TxHalfCpltCallback  stm32g4xx_hal_uart.o
    0x0800447c   0x0800447c   0x00000002   Code   RO          438    i.HardFault_Handler  stm32g4xx_it.o
    0x0800447e   0x0800447e   0x00000002   PAD
    0x08004480   0x08004480   0x000000a8   Code   RO         4843    i.Hardware_CalibrateCurrentBias  hardware_init.o
    0x08004528   0x08004528   0x0000000c   Code   RO          439    i.I2C1_ER_IRQHandler  stm32g4xx_it.o
    0x08004534   0x08004534   0x0000000c   Code   RO          440    i.I2C1_EV_IRQHandler  stm32g4xx_it.o
    0x08004540   0x08004540   0x00000014   Code   RO         2592    i.I2C_DMAAbort      stm32g4xx_hal_i2c.o
    0x08004554   0x08004554   0x00000012   Code   RO         2593    i.I2C_DMAError      stm32g4xx_hal_i2c.o
    0x08004566   0x08004566   0x00000052   Code   RO         2594    i.I2C_DMAMasterReceiveCplt  stm32g4xx_hal_i2c.o
    0x080045b8   0x080045b8   0x00000020   Code   RO         5146    i.I2C_Delay         oled.o
    0x080045d8   0x080045d8   0x0000005e   Code   RO         2598    i.I2C_Disable_IRQ   stm32g4xx_hal_i2c.o
    0x08004636   0x08004636   0x00000002   PAD
    0x08004638   0x08004638   0x00000088   Code   RO         2599    i.I2C_Enable_IRQ    stm32g4xx_hal_i2c.o
    0x080046c0   0x080046c0   0x00000022   Code   RO         2600    i.I2C_Flush_TXDR    stm32g4xx_hal_i2c.o
    0x080046e2   0x080046e2   0x0000008c   Code   RO         2601    i.I2C_ITAddrCplt    stm32g4xx_hal_i2c.o
    0x0800476e   0x0800476e   0x00000002   PAD
    0x08004770   0x08004770   0x0000011c   Code   RO         2602    i.I2C_ITError       stm32g4xx_hal_i2c.o
    0x0800488c   0x0800488c   0x00000064   Code   RO         2603    i.I2C_ITListenCplt  stm32g4xx_hal_i2c.o
    0x080048f0   0x080048f0   0x000000f0   Code   RO         2604    i.I2C_ITMasterCplt  stm32g4xx_hal_i2c.o
    0x080049e0   0x080049e0   0x0000004c   Code   RO         2605    i.I2C_ITMasterSeqCplt  stm32g4xx_hal_i2c.o
    0x08004a2c   0x08004a2c   0x000001bc   Code   RO         2606    i.I2C_ITSlaveCplt   stm32g4xx_hal_i2c.o
    0x08004be8   0x08004be8   0x00000072   Code   RO         2607    i.I2C_ITSlaveSeqCplt  stm32g4xx_hal_i2c.o
    0x08004c5a   0x08004c5a   0x00000002   PAD
    0x08004c5c   0x08004c5c   0x00000110   Code   RO         2609    i.I2C_Master_ISR_DMA  stm32g4xx_hal_i2c.o
    0x08004d6c   0x08004d6c   0x00000138   Code   RO         2611    i.I2C_Mem_ISR_DMA   stm32g4xx_hal_i2c.o
    0x08004ea4   0x08004ea4   0x000000f8   Code   RO         2615    i.I2C_Slave_ISR_DMA  stm32g4xx_hal_i2c.o
    0x08004f9c   0x08004f9c   0x00000118   Code   RO         2616    i.I2C_Slave_ISR_IT  stm32g4xx_hal_i2c.o
    0x080050b4   0x080050b4   0x00000030   Code   RO         2617    i.I2C_TransferConfig  stm32g4xx_hal_i2c.o
    0x080050e4   0x080050e4   0x0000002a   Code   RO         2618    i.I2C_TreatErrorCallback  stm32g4xx_hal_i2c.o
    0x0800510e   0x0800510e   0x00000002   PAD
    0x08005110   0x08005110   0x00000084   Code   RO         5010    i.Identify_Align    motor_identify.o
    0x08005194   0x08005194   0x000000f4   Code   RO         5011    i.Identify_UvwAndPoles  motor_identify.o
    0x08005288   0x08005288   0x0000000c   Code   RO          620    i.LL_ADC_GetOffsetChannel  stm32g4xx_hal_adc.o
    0x08005294   0x08005294   0x0000000c   Code   RO          853    i.LL_ADC_GetOffsetChannel  stm32g4xx_hal_adc_ex.o
    0x080052a0   0x080052a0   0x00000008   Code   RO          621    i.LL_ADC_INJ_IsConversionOngoing  stm32g4xx_hal_adc.o
    0x080052a8   0x080052a8   0x00000008   Code   RO          854    i.LL_ADC_INJ_IsConversionOngoing  stm32g4xx_hal_adc_ex.o
    0x080052b0   0x080052b0   0x00000008   Code   RO          622    i.LL_ADC_REG_IsConversionOngoing  stm32g4xx_hal_adc.o
    0x080052b8   0x080052b8   0x00000008   Code   RO          855    i.LL_ADC_REG_IsConversionOngoing  stm32g4xx_hal_adc_ex.o
    0x080052c0   0x080052c0   0x00000010   Code   RO          623    i.LL_ADC_REG_IsTriggerSourceSWStart  stm32g4xx_hal_adc.o
    0x080052d0   0x080052d0   0x0000001e   Code   RO          625    i.LL_ADC_SetChannelSamplingTime  stm32g4xx_hal_adc.o
    0x080052ee   0x080052ee   0x0000001e   Code   RO          856    i.LL_ADC_SetChannelSamplingTime  stm32g4xx_hal_adc_ex.o
    0x0800530c   0x0800530c   0x00000010   Code   RO          626    i.LL_ADC_SetOffsetState  stm32g4xx_hal_adc.o
    0x0800531c   0x0800531c   0x00000010   Code   RO          857    i.LL_ADC_SetOffsetState  stm32g4xx_hal_adc_ex.o
    0x0800532c   0x0800532c   0x0000000c   Code   RO         5301    i.Led_Toggle        user_io.o
    0x08005338   0x08005338   0x000000c8   Code   RO          221    i.MX_ADC1_Init      adc.o
    0x08005400   0x08005400   0x00000080   Code   RO          222    i.MX_ADC2_Init      adc.o
    0x08005480   0x08005480   0x0000007c   Code   RO          268    i.MX_DMA_Init       dma.o
    0x080054fc   0x080054fc   0x000000bc   Code   RO          195    i.MX_GPIO_Init      gpio.o
    0x080055b8   0x080055b8   0x00000058   Code   RO          294    i.MX_I2C1_Init      i2c.o
    0x08005610   0x08005610   0x00000118   Code   RO          337    i.MX_TIM1_Init      tim.o
    0x08005728   0x08005728   0x00000068   Code   RO          338    i.MX_TIM2_Init      tim.o
    0x08005790   0x08005790   0x00000068   Code   RO          390    i.MX_USART2_UART_Init  usart.o
    0x080057f8   0x080057f8   0x00000002   Code   RO          441    i.MemManage_Handler  stm32g4xx_it.o
    0x080057fa   0x080057fa   0x00000002   PAD
    0x080057fc   0x080057fc   0x00000024   Code   RO         4894    i.Motor_CurrentLoop_Clarke  motor_current_loop.o
    0x08005820   0x08005820   0x00000028   Code   RO         4897    i.Motor_CurrentLoop_GetParams  motor_current_loop.o
    0x08005848   0x08005848   0x000000b0   Code   RO         4898    i.Motor_CurrentLoop_Init  motor_current_loop.o
    0x080058f8   0x080058f8   0x0000001a   Code   RO         4899    i.Motor_CurrentLoop_InvPark  motor_current_loop.o
    0x08005912   0x08005912   0x00000016   Code   RO         4900    i.Motor_CurrentLoop_Park  motor_current_loop.o
    0x08005928   0x08005928   0x00000038   Code   RO         4901    i.Motor_CurrentLoop_RawToCurrent  motor_current_loop.o
    0x08005960   0x08005960   0x00000160   Code   RO         4902    i.Motor_CurrentLoop_Run  motor_current_loop.o
    0x08005ac0   0x08005ac0   0x0000000c   Code   RO         4903    i.Motor_CurrentLoop_SetBiasVolts  motor_current_loop.o
    0x08005acc   0x08005acc   0x00000010   Code   RO         4905    i.Motor_CurrentLoop_SetMotorIdentityParams  motor_current_loop.o
    0x08005adc   0x08005adc   0x0000000c   Code   RO         5013    i.Motor_Identify_GetState  motor_identify.o
    0x08005ae8   0x08005ae8   0x0000001c   Code   RO         5014    i.Motor_Identify_Start  motor_identify.o
    0x08005b04   0x08005b04   0x0000006c   Code   RO         5015    i.Motor_Identify_Task  motor_identify.o
    0x08005b70   0x08005b70   0x000000b8   Code   RO         5016    i.Motor_OpenLoop_Drive  motor_identify.o
    0x08005c28   0x08005c28   0x0000012c   Code   RO         5092    i.Motor_ShowDebugInfo_OLED  motor_system.o
    0x08005d54   0x08005d54   0x00000014   Code   RO         5094    i.Motor_System_Task  motor_system.o
    0x08005d68   0x08005d68   0x00000002   Code   RO          442    i.NMI_Handler       stm32g4xx_it.o
    0x08005d6a   0x08005d6a   0x00000026   Code   RO         5147    i.OLED_Clear        oled.o
    0x08005d90   0x08005d90   0x00000018   Code   RO         5148    i.OLED_I2C_Init     oled.o
    0x08005da8   0x08005da8   0x0000003a   Code   RO         5149    i.OLED_I2C_SendByte  oled.o
    0x08005de2   0x08005de2   0x0000001e   Code   RO         5150    i.OLED_I2C_Start    oled.o
    0x08005e00   0x08005e00   0x00000018   Code   RO         5151    i.OLED_I2C_Stop     oled.o
    0x08005e18   0x08005e18   0x0000009e   Code   RO         5152    i.OLED_Init         oled.o
    0x08005eb6   0x08005eb6   0x0000000e   Code   RO         5153    i.OLED_Pow          oled.o
    0x08005ec4   0x08005ec4   0x00000022   Code   RO         5154    i.OLED_SetCursor    oled.o
    0x08005ee6   0x08005ee6   0x00000002   PAD
    0x08005ee8   0x08005ee8   0x00000068   Code   RO         5156    i.OLED_ShowChar     oled.o
    0x08005f50   0x08005f50   0x00000042   Code   RO         5158    i.OLED_ShowNum      oled.o
    0x08005f92   0x08005f92   0x00000058   Code   RO         5159    i.OLED_ShowSignedNum  oled.o
    0x08005fea   0x08005fea   0x00000026   Code   RO         5160    i.OLED_ShowString   oled.o
    0x08006010   0x08006010   0x0000001c   Code   RO         5161    i.OLED_W_SCL        oled.o
    0x0800602c   0x0800602c   0x0000001c   Code   RO         5162    i.OLED_W_SDA        oled.o
    0x08006048   0x08006048   0x00000022   Code   RO         5163    i.OLED_WriteCommand  oled.o
    0x0800606a   0x0800606a   0x00000022   Code   RO         5164    i.OLED_WriteData    oled.o
    0x0800608c   0x0800608c   0x00000090   Code   RO         5271    i.PID_Calculate     pid.o
    0x0800611c   0x0800611c   0x00000030   Code   RO         5272    i.PID_Init          pid.o
    0x0800614c   0x0800614c   0x00000002   Code   RO          443    i.PendSV_Handler    stm32g4xx_it.o
    0x0800614e   0x0800614e   0x00000002   Code   RO          444    i.SVC_Handler       stm32g4xx_it.o
    0x08006150   0x08006150   0x00000004   Code   RO          445    i.SysTick_Handler   stm32g4xx_it.o
    0x08006154   0x08006154   0x00000068   Code   RO           14    i.SystemClock_Config  main.o
    0x080061bc   0x080061bc   0x00000010   Code   RO         4752    i.SystemInit        system_stm32g4xx.o
    0x080061cc   0x080061cc   0x0000000c   Code   RO          446    i.TIM2_IRQHandler   stm32g4xx_it.o
    0x080061d8   0x080061d8   0x000000b8   Code   RO         3163    i.TIM_Base_SetConfig  stm32g4xx_hal_tim.o
    0x08006290   0x08006290   0x0000001a   Code   RO         3164    i.TIM_CCxChannelCmd  stm32g4xx_hal_tim.o
    0x080062aa   0x080062aa   0x0000001a   Code   RO         3850    i.TIM_CCxNChannelCmd  stm32g4xx_hal_tim_ex.o
    0x080062c4   0x080062c4   0x00000014   Code   RO         3174    i.TIM_ETR_SetConfig  stm32g4xx_hal_tim.o
    0x080062d8   0x080062d8   0x00000014   Code   RO         3175    i.TIM_ITRx_SetConfig  stm32g4xx_hal_tim.o
    0x080062ec   0x080062ec   0x000000a4   Code   RO         3176    i.TIM_OC1_SetConfig  stm32g4xx_hal_tim.o
    0x08006390   0x08006390   0x00000094   Code   RO         3177    i.TIM_OC2_SetConfig  stm32g4xx_hal_tim.o
    0x08006424   0x08006424   0x00000094   Code   RO         3178    i.TIM_OC3_SetConfig  stm32g4xx_hal_tim.o
    0x080064b8   0x080064b8   0x00000094   Code   RO         3179    i.TIM_OC4_SetConfig  stm32g4xx_hal_tim.o
    0x0800654c   0x0800654c   0x00000070   Code   RO         3180    i.TIM_OC5_SetConfig  stm32g4xx_hal_tim.o
    0x080065bc   0x080065bc   0x00000070   Code   RO         3181    i.TIM_OC6_SetConfig  stm32g4xx_hal_tim.o
    0x0800662c   0x0800662c   0x0000005c   Code   RO         3183    i.TIM_TI1_ConfigInputStage  stm32g4xx_hal_tim.o
    0x08006688   0x08006688   0x00000040   Code   RO         3185    i.TIM_TI2_ConfigInputStage  stm32g4xx_hal_tim.o
    0x080066c8   0x080066c8   0x00000044   Code   RO         4647    i.UARTEx_SetNbDataToProcess  stm32g4xx_hal_uart_ex.o
    0x0800670c   0x0800670c   0x000000c8   Code   RO         4256    i.UART_AdvFeatureConfig  stm32g4xx_hal_uart.o
    0x080067d4   0x080067d4   0x000000ac   Code   RO         4257    i.UART_CheckIdleState  stm32g4xx_hal_uart.o
    0x08006880   0x08006880   0x0000000a   Code   RO         4258    i.UART_DMAAbortOnError  stm32g4xx_hal_uart.o
    0x0800688a   0x0800688a   0x00000044   Code   RO         4259    i.UART_DMAError     stm32g4xx_hal_uart.o
    0x080068ce   0x080068ce   0x000000a0   Code   RO         4260    i.UART_DMAReceiveCplt  stm32g4xx_hal_uart.o
    0x0800696e   0x0800696e   0x0000003c   Code   RO         4262    i.UART_DMARxHalfCplt  stm32g4xx_hal_uart.o
    0x080069aa   0x080069aa   0x00000042   Code   RO         4264    i.UART_DMATransmitCplt  stm32g4xx_hal_uart.o
    0x080069ec   0x080069ec   0x0000000a   Code   RO         4266    i.UART_DMATxHalfCplt  stm32g4xx_hal_uart.o
    0x080069f6   0x080069f6   0x00000002   PAD
    0x080069f8   0x080069f8   0x00000054   Code   RO         4268    i.UART_EndRxTransfer  stm32g4xx_hal_uart.o
    0x08006a4c   0x08006a4c   0x0000002e   Code   RO         4269    i.UART_EndTxTransfer  stm32g4xx_hal_uart.o
    0x08006a7a   0x08006a7a   0x00000002   PAD
    0x08006a7c   0x08006a7c   0x00000274   Code   RO         4274    i.UART_SetConfig    stm32g4xx_hal_uart.o
    0x08006cf0   0x08006cf0   0x000000a8   Code   RO         4275    i.UART_Start_Receive_DMA  stm32g4xx_hal_uart.o
    0x08006d98   0x08006d98   0x00000094   Code   RO         4281    i.UART_WaitOnFlagUntilTimeout  stm32g4xx_hal_uart.o
    0x08006e2c   0x08006e2c   0x0000000c   Code   RO          447    i.USART2_IRQHandler  stm32g4xx_it.o
    0x08006e38   0x08006e38   0x00000002   Code   RO          448    i.UsageFault_Handler  stm32g4xx_it.o
    0x08006e3a   0x08006e3a   0x00000002   PAD
    0x08006e3c   0x08006e3c   0x00000028   Code   RO         5353    i.VOFA_Init         vofa_usart.o
    0x08006e64   0x08006e64   0x0000004c   Code   RO         5354    i.VOFA_JustFloat_Send  vofa_usart.o
    0x08006eb0   0x08006eb0   0x00000026   Code   RO         5492    i.__ARM_fpclassifyf  m_wm.l(fpclassifyf.o)
    0x08006ed6   0x08006ed6   0x00000020   Code   RO         2415    i.__NVIC_SetPriority  stm32g4xx_hal_cortex.o
    0x08006ef6   0x08006ef6   0x00000002   PAD
    0x08006ef8   0x08006ef8   0x00000150   Code   RO         5436    i.__hardfp_cosf     m_wm.l(cosf.o)
    0x08007048   0x08007048   0x000000b0   Code   RO         5448    i.__hardfp_fmodf    m_wm.l(fmodf.o)
    0x080070f8   0x080070f8   0x0000009a   Code   RO         5472    i.__hardfp_roundf   m_wm.l(roundf.o)
    0x08007192   0x08007192   0x00000002   PAD
    0x08007194   0x08007194   0x00000190   Code   RO         5460    i.__hardfp_sinf     m_wm.l(sinf.o)
    0x08007324   0x08007324   0x00000006   Code   RO         5495    i.__mathlib_flt_infnan  m_wm.l(funder.o)
    0x0800732a   0x0800732a   0x00000002   PAD
    0x0800732c   0x0800732c   0x00000010   Code   RO         5497    i.__mathlib_flt_invalid  m_wm.l(funder.o)
    0x0800733c   0x0800733c   0x00000010   Code   RO         5500    i.__mathlib_flt_underflow  m_wm.l(funder.o)
    0x0800734c   0x0800734c   0x00000154   Code   RO         5508    i.__mathlib_rredf2  m_wm.l(rredf.o)
    0x080074a0   0x080074a0   0x00000010   Code   RO         5438    i.cosf              m_wm.l(cosf.o)
    0x080074b0   0x080074b0   0x00000014   Code   RO         5450    i.fmodf             m_wm.l(fmodf.o)
    0x080074c4   0x080074c4   0x000000bc   Code   RO         4844    i.hardware_init     hardware_init.o
    0x08007580   0x08007580   0x00000032   Code   RO           15    i.main              main.o
    0x080075b2   0x080075b2   0x00000010   Code   RO         5462    i.sinf              m_wm.l(sinf.o)
    0x080075c2   0x080075c2   0x0000000c   Code   RO         5483    x$fpl$dretinf       fz_wm.l(dretinf.o)
    0x080075ce   0x080075ce   0x00000002   PAD
    0x080075d0   0x080075d0   0x00000056   Code   RO         5434    x$fpl$f2d           fz_wm.l(f2d.o)
    0x08007626   0x08007626   0x0000008c   Code   RO         5485    x$fpl$fnaninf       fz_wm.l(fnaninf.o)
    0x080076b2   0x080076b2   0x0000000a   Code   RO         5618    x$fpl$fpinit        fz_wm.l(fpinit.o)
    0x080076bc   0x080076bc   0x000000f4   Code   RO         5487    x$fpl$frem          fz_wm.l(frem_clz.o)
    0x080077b0   0x080077b0   0x00000060   Code   RO         5489    x$fpl$frnd          fz_wm.l(frnd.o)
    0x08007810   0x08007810   0x00000000   Code   RO         5491    x$fpl$usenofp       fz_wm.l(usenofp.o)
    0x08007810   0x08007810   0x00000018   Data   RO         4282    .constdata          stm32g4xx_hal_uart.o
    0x08007828   0x08007828   0x00000010   Data   RO         4648    .constdata          stm32g4xx_hal_uart_ex.o
    0x08007838   0x08007838   0x00000010   Data   RO         4753    .constdata          system_stm32g4xx.o
    0x08007848   0x08007848   0x00000008   Data   RO         4754    .constdata          system_stm32g4xx.o
    0x08007850   0x08007850   0x000005f0   Data   RO         5165    .constdata          oled.o
    0x08007e40   0x08007e40   0x00000004   Data   RO         5360    .constdata          vofa_usart.o
    0x08007e44   0x08007e44   0x00000020   Data   RO         5509    .constdata          m_wm.l(rredf.o)
    0x08007e64   0x08007e64   0x00000020   Data   RO         5676    Region$$Table       anon$$obj.o


    Execution Region RW_IRAM1 (Exec base: 0x20000000, Load base: 0x08007e84, Size: 0x00000c40, Max: 0x00008000, ABSOLUTE)

    Exec Addr    Load Addr    Size         Type   Attr      Idx    E Section Name        Object

    0x20000000   0x08007e84   0x00000004   Data   RW          224    .data               adc.o
    0x20000004   0x08007e88   0x0000000c   Data   RW         1075    .data               stm32g4xx_hal.o
    0x20000010   0x08007e94   0x00000004   Data   RW         4755    .data               system_stm32g4xx.o
    0x20000014   0x08007e98   0x00000006   Data   RW         4794    .data               as5600.o
    0x2000001a   0x08007e9e   0x00000002   PAD
    0x2000001c   0x08007ea0   0x0000000c   Data   RW         5018    .data               motor_identify.o
    0x20000028   0x08007eac   0x00000002   Data   RW         5076    .data               motor_publicdata.o
    0x2000002a   0x08007eae   0x00000008   Data   RW         5095    .data               motor_system.o
    0x20000032   0x08007eb6   0x00000002   PAD
    0x20000034        -       0x00000138   Zero   RW          223    .bss                adc.o
    0x2000016c        -       0x00000114   Zero   RW          295    .bss                i2c.o
    0x20000280        -       0x00000098   Zero   RW          339    .bss                tim.o
    0x20000318        -       0x00000154   Zero   RW          391    .bss                usart.o
    0x2000046c        -       0x000000a0   Zero   RW         4909    .bss                motor_current_loop.o
    0x2000050c        -       0x00000014   Zero   RW         5017    .bss                motor_identify.o
    0x20000520        -       0x000000c0   Zero   RW         5359    .bss                vofa_usart.o
    0x200005e0        -       0x00000060   Zero   RW         5534    .bss                c_w.l(libspace.o)
    0x20000640        -       0x00000200   Zero   RW            2    HEAP                startup_stm32g431xx.o
    0x20000840        -       0x00000400   Zero   RW            1    STACK               startup_stm32g431xx.o


==============================================================================

Image component sizes


      Code (inc. data)   RO Data    RW Data    ZI Data      Debug   Object Name

       664         58          0          4        312       2880   adc.o
       152         34          0          6          0       2780   as5600.o
       124          4          0          0          0        850   dma.o
       188         10          0          0          0       1003   gpio.o
       356         28          0          0          0       4562   hardware_init.o
       472         46          0          0        276       2623   i2c.o
       158          0          0          0          0     688525   main.o
       784         82          0          0        160       9062   motor_current_loop.o
       708        110          0         12         20       4774   motor_identify.o
         0          0          0          2          0        613   motor_publicdata.o
       400         96          0          8          0       3216   motor_system.o
       832         26       1520          0          0      10672   oled.o
       192          6          0          0          0       1719   pid.o
        64         26        472          0       1536        848   startup_stm32g431xx.o
       162         24          0         12          0       4353   stm32g4xx_hal.o
      2804        134          0          0          0      80841   stm32g4xx_hal_adc.o
      2568        108          0          0          0      81809   stm32g4xx_hal_adc_ex.o
       232         14          0          0          0      34565   stm32g4xx_hal_cortex.o
      1182         44          0          0          0       8974   stm32g4xx_hal_dma.o
       926         62          0          0          0       3851   stm32g4xx_hal_gpio.o
      3632         98          0          0          0      27660   stm32g4xx_hal_i2c.o
       168          0          0          0          0       1923   stm32g4xx_hal_i2c_ex.o
        48          6          0          0          0        874   stm32g4xx_hal_msp.o
       204         18          0          0          0       1413   stm32g4xx_hal_pwr_ex.o
      1684         88          0          0          0       6312   stm32g4xx_hal_rcc.o
       648         10          0          0          0       1908   stm32g4xx_hal_rcc_ex.o
      2782        288          0          0          0      18866   stm32g4xx_hal_tim.o
       536         58          0          0          0       7851   stm32g4xx_hal_tim_ex.o
      2876        110         24          0          0      36486   stm32g4xx_hal_uart.o
       362          6         16          0          0       6309   stm32g4xx_hal_uart_ex.o
       156         64          0          0          0       9037   stm32g4xx_it.o
        16          4         24          4          0       1139   system_stm32g4xx.o
       612         36          0          0        152       3329   tim.o
       344         32          0          0        340       1984   usart.o
        12          4          0          0          0        449   user_io.o
       168         36          4          0        192       2453   vofa_usart.o

    ----------------------------------------------------------------------
     27268       1770       2092         52       2988    1076513   Object Totals
         0          0         32          0          0          0   (incl. Generated)
        52          0          0          4          0          0   (incl. Padding)

    ----------------------------------------------------------------------

      Code (inc. data)   RO Data    RW Data    ZI Data      Debug   Library Member Name

         8          0          0          0          0         68   __main.o
         0          0          0          0          0          0   __rtentry.o
        12          0          0          0          0          0   __rtentry2.o
         6          0          0          0          0          0   __rtentry4.o
        52          8          0          0          0          0   __scatter.o
        26          0          0          0          0          0   __scatter_copy.o
        28          0          0          0          0          0   __scatter_zi.o
        22          0          0          0          0        100   _rserrno.o
        18          0          0          0          0         80   exit.o
         6          0          0          0          0        152   heapauxi.o
         0          0          0          0          0          0   indicate_semi.o
         2          0          0          0          0          0   libinit.o
         6          0          0          0          0          0   libinit2.o
         2          0          0          0          0          0   libshutdown.o
         2          0          0          0          0          0   libshutdown2.o
         8          4          0          0         96         68   libspace.o
       238          0          0          0          0        100   lludivv7m.o
         8          4          0          0          0         68   rt_errno_addr_intlibspace.o
        78          0          0          0          0         80   rt_memclr_w.o
       138          0          0          0          0         68   rt_memcpy_v6.o
       100          0          0          0          0         80   rt_memcpy_w.o
         2          0          0          0          0          0   rtexit.o
        10          0          0          0          0          0   rtexit2.o
        12          4          0          0          0         68   sys_exit.o
        74          0          0          0          0         80   sys_stackheap_outer.o
         2          0          0          0          0         68   use_no_semi.o
        12          0          0          0          0        116   dretinf.o
        86          4          0          0          0        132   f2d.o
       140          4          0          0          0        132   fnaninf.o
        10          0          0          0          0        116   fpinit.o
       244          8          0          0          0        132   frem_clz.o
        96          4          0          0          0        124   frnd.o
         0          0          0          0          0          0   usenofp.o
       352         56          0          0          0        260   cosf.o
       196          0          0          0          0        292   fmodf.o
        38          0          0          0          0        116   fpclassifyf.o
        38         12          0          0          0        348   funder.o
       154          0          0          0          0        140   roundf.o
       340         24         32          0          0        160   rredf.o
       416         56          0          0          0        336   sinf.o

    ----------------------------------------------------------------------
      2996        188         32          0         96       3484   Library Totals
        14          0          0          0          0          0   (incl. Padding)

    ----------------------------------------------------------------------

      Code (inc. data)   RO Data    RW Data    ZI Data      Debug   Library Name

       860         20          0          0         96       1080   c_w.l
       588         20          0          0          0        752   fz_wm.l
      1534        148         32          0          0       1652   m_wm.l

    ----------------------------------------------------------------------
      2996        188         32          0         96       3484   Library Totals

    ----------------------------------------------------------------------

==============================================================================


      Code (inc. data)   RO Data    RW Data    ZI Data      Debug   

     30264       1958       2124         52       3084    1054029   Grand Totals
     30264       1958       2124         52       3084    1054029   ELF Image Totals
     30264       1958       2124         52          0          0   ROM Totals

==============================================================================

    Total RO  Size (Code + RO Data)                32388 (  31.63kB)
    Total RW  Size (RW Data + ZI Data)              3136 (   3.06kB)
    Total ROM Size (Code + RO Data + RW Data)      32440 (  31.68kB)

==============================================================================

