Component: ARM Compiler 5.06 update 7 (build 960) Tool: armlink [4d3601]

==============================================================================

Section Cross References

    startup_stm32g431xx.o(STACK) refers (Special) to heapauxi.o(.text) for __use_two_region_memory
    startup_stm32g431xx.o(HEAP) refers (Special) to heapauxi.o(.text) for __use_two_region_memory
    startup_stm32g431xx.o(RESET) refers (Special) to heapauxi.o(.text) for __use_two_region_memory
    startup_stm32g431xx.o(RESET) refers to startup_stm32g431xx.o(STACK) for __initial_sp
    startup_stm32g431xx.o(RESET) refers to startup_stm32g431xx.o(.text) for Reset_Handler
    startup_stm32g431xx.o(RESET) refers to stm32g4xx_it.o(i.NMI_Handler) for NMI_Handler
    startup_stm32g431xx.o(RESET) refers to stm32g4xx_it.o(i.HardFault_Handler) for HardFault_Handler
    startup_stm32g431xx.o(RESET) refers to stm32g4xx_it.o(i.MemManage_Handler) for MemManage_Handler
    startup_stm32g431xx.o(RESET) refers to stm32g4xx_it.o(i.BusFault_Handler) for BusFault_Handler
    startup_stm32g431xx.o(RESET) refers to stm32g4xx_it.o(i.UsageFault_Handler) for UsageFault_Handler
    startup_stm32g431xx.o(RESET) refers to stm32g4xx_it.o(i.SVC_Handler) for SVC_Handler
    startup_stm32g431xx.o(RESET) refers to stm32g4xx_it.o(i.DebugMon_Handler) for DebugMon_Handler
    startup_stm32g431xx.o(RESET) refers to stm32g4xx_it.o(i.PendSV_Handler) for PendSV_Handler
    startup_stm32g431xx.o(RESET) refers to stm32g4xx_it.o(i.SysTick_Handler) for SysTick_Handler
    startup_stm32g431xx.o(RESET) refers to stm32g4xx_it.o(i.DMA1_Channel1_IRQHandler) for DMA1_Channel1_IRQHandler
    startup_stm32g431xx.o(RESET) refers to stm32g4xx_it.o(i.DMA1_Channel2_IRQHandler) for DMA1_Channel2_IRQHandler
    startup_stm32g431xx.o(RESET) refers to stm32g4xx_it.o(i.DMA1_Channel3_IRQHandler) for DMA1_Channel3_IRQHandler
    startup_stm32g431xx.o(RESET) refers to stm32g4xx_it.o(i.DMA1_Channel4_IRQHandler) for DMA1_Channel4_IRQHandler
    startup_stm32g431xx.o(RESET) refers to stm32g4xx_it.o(i.DMA1_Channel5_IRQHandler) for DMA1_Channel5_IRQHandler
    startup_stm32g431xx.o(RESET) refers to stm32g4xx_it.o(i.ADC1_2_IRQHandler) for ADC1_2_IRQHandler
    startup_stm32g431xx.o(RESET) refers to stm32g4xx_it.o(i.TIM2_IRQHandler) for TIM2_IRQHandler
    startup_stm32g431xx.o(RESET) refers to stm32g4xx_it.o(i.USART2_IRQHandler) for USART2_IRQHandler
    startup_stm32g431xx.o(.text) refers (Special) to heapauxi.o(.text) for __use_two_region_memory
    startup_stm32g431xx.o(.text) refers to system_stm32g4xx.o(i.SystemInit) for SystemInit
    startup_stm32g431xx.o(.text) refers to __main.o(!!!main) for __main
    startup_stm32g431xx.o(.text) refers to startup_stm32g431xx.o(HEAP) for Heap_Mem
    startup_stm32g431xx.o(.text) refers to startup_stm32g431xx.o(STACK) for Stack_Mem
    main.o(i.SystemClock_Config) refers to rt_memclr_w.o(.text) for __aeabi_memclr4
    main.o(i.SystemClock_Config) refers to stm32g4xx_hal_pwr_ex.o(i.HAL_PWREx_ControlVoltageScaling) for HAL_PWREx_ControlVoltageScaling
    main.o(i.SystemClock_Config) refers to stm32g4xx_hal_rcc.o(i.HAL_RCC_OscConfig) for HAL_RCC_OscConfig
    main.o(i.SystemClock_Config) refers to stm32g4xx_hal_rcc.o(i.HAL_RCC_ClockConfig) for HAL_RCC_ClockConfig
    main.o(i.main) refers to stm32g4xx_hal.o(i.HAL_Init) for HAL_Init
    main.o(i.main) refers to main.o(i.SystemClock_Config) for SystemClock_Config
    main.o(i.main) refers to gpio.o(i.MX_GPIO_Init) for MX_GPIO_Init
    main.o(i.main) refers to dma.o(i.MX_DMA_Init) for MX_DMA_Init
    main.o(i.main) refers to adc.o(i.MX_ADC1_Init) for MX_ADC1_Init
    main.o(i.main) refers to tim.o(i.MX_TIM1_Init) for MX_TIM1_Init
    main.o(i.main) refers to tim.o(i.MX_TIM2_Init) for MX_TIM2_Init
    main.o(i.main) refers to adc.o(i.MX_ADC2_Init) for MX_ADC2_Init
    main.o(i.main) refers to i2c.o(i.MX_I2C1_Init) for MX_I2C1_Init
    main.o(i.main) refers to usart.o(i.MX_USART2_UART_Init) for MX_USART2_UART_Init
    main.o(i.main) refers to hardware_init.o(i.hardware_init) for hardware_init
    main.o(i.main) refers to motor_system.o(i.Motor_ShowDebugInfo_OLED) for Motor_ShowDebugInfo_OLED
    gpio.o(i.MX_GPIO_Init) refers to rt_memclr_w.o(.text) for __aeabi_memclr4
    gpio.o(i.MX_GPIO_Init) refers to stm32g4xx_hal_gpio.o(i.HAL_GPIO_WritePin) for HAL_GPIO_WritePin
    gpio.o(i.MX_GPIO_Init) refers to stm32g4xx_hal_gpio.o(i.HAL_GPIO_Init) for HAL_GPIO_Init
    adc.o(i.HAL_ADC_MspDeInit) refers to stm32g4xx_hal_gpio.o(i.HAL_GPIO_DeInit) for HAL_GPIO_DeInit
    adc.o(i.HAL_ADC_MspDeInit) refers to stm32g4xx_hal_dma.o(i.HAL_DMA_DeInit) for HAL_DMA_DeInit
    adc.o(i.HAL_ADC_MspDeInit) refers to adc.o(.data) for .data
    adc.o(i.HAL_ADC_MspInit) refers to rt_memclr_w.o(.text) for __aeabi_memclr4
    adc.o(i.HAL_ADC_MspInit) refers to stm32g4xx_hal_rcc_ex.o(i.HAL_RCCEx_PeriphCLKConfig) for HAL_RCCEx_PeriphCLKConfig
    adc.o(i.HAL_ADC_MspInit) refers to main.o(i.Error_Handler) for Error_Handler
[...]
    i.LL_ADC_REG_IsConversionOngoing         0x08004188   Section        0  stm32g4xx_hal_adc_ex.o(i.LL_ADC_REG_IsConversionOngoing)
    LL_ADC_REG_IsConversionOngoing           0x08004189   Thumb Code     8  stm32g4xx_hal_adc_ex.o(i.LL_ADC_REG_IsConversionOngoing)
    i.LL_ADC_REG_IsTriggerSourceSWStart      0x08004190   Section        0  stm32g4xx_hal_adc.o(i.LL_ADC_REG_IsTriggerSourceSWStart)
    LL_ADC_REG_IsTriggerSourceSWStart        0x08004191   Thumb Code    16  stm32g4xx_hal_adc.o(i.LL_ADC_REG_IsTriggerSourceSWStart)
    i.LL_ADC_SetChannelSamplingTime          0x080041a0   Section        0  stm32g4xx_hal_adc.o(i.LL_ADC_SetChannelSamplingTime)
    LL_ADC_SetChannelSamplingTime            0x080041a1   Thumb Code    30  stm32g4xx_hal_adc.o(i.LL_ADC_SetChannelSamplingTime)
    i.LL_ADC_SetChannelSamplingTime          0x080041be   Section        0  stm32g4xx_hal_adc_ex.o(i.LL_ADC_SetChannelSamplingTime)
    LL_ADC_SetChannelSamplingTime            0x080041bf   Thumb Code    30  stm32g4xx_hal_adc_ex.o(i.LL_ADC_SetChannelSamplingTime)
    i.LL_ADC_SetOffsetState                  0x080041dc   Section        0  stm32g4xx_hal_adc.o(i.LL_ADC_SetOffsetState)
    LL_ADC_SetOffsetState                    0x080041dd   Thumb Code    16  stm32g4xx_hal_adc.o(i.LL_ADC_SetOffsetState)
    i.LL_ADC_SetOffsetState                  0x080041ec   Section        0  stm32g4xx_hal_adc_ex.o(i.LL_ADC_SetOffsetState)
    LL_ADC_SetOffsetState                    0x080041ed   Thumb Code    16  stm32g4xx_hal_adc_ex.o(i.LL_ADC_SetOffsetState)
    i.Led_Toggle                             0x080041fc   Section        0  user_io.o(i.Led_Toggle)
    i.MX_ADC1_Init                           0x08004208   Section        0  adc.o(i.MX_ADC1_Init)
    i.MX_ADC2_Init                           0x080042d0   Section        0  adc.o(i.MX_ADC2_Init)
    i.MX_DMA_Init                            0x08004350   Section        0  dma.o(i.MX_DMA_Init)
    i.MX_GPIO_Init                           0x080043cc   Section        0  gpio.o(i.MX_GPIO_Init)
    i.MX_I2C1_Init                           0x08004488   Section        0  i2c.o(i.MX_I2C1_Init)
    i.MX_TIM1_Init                           0x080044e0   Section        0  tim.o(i.MX_TIM1_Init)
    i.MX_TIM2_Init                           0x080045f8   Section        0  tim.o(i.MX_TIM2_Init)
    i.MX_USART2_UART_Init                    0x08004660   Section        0  usart.o(i.MX_USART2_UART_Init)
    i.MemManage_Handler                      0x080046c8   Section        0  stm32g4xx_it.o(i.MemManage_Handler)
    i.Motor_CurrentLoop_Clarke               0x080046cc   Section        0  motor_current_loop.o(i.Motor_CurrentLoop_Clarke)
    i.Motor_CurrentLoop_GetLastSample        0x080046f0   Section        0  motor_current_loop.o(i.Motor_CurrentLoop_GetLastSample)
    i.Motor_CurrentLoop_Init                 0x08004704   Section        0  motor_current_loop.o(i.Motor_CurrentLoop_Init)
    i.Motor_CurrentLoop_InvPark              0x080047a4   Section        0  motor_current_loop.o(i.Motor_CurrentLoop_InvPark)
    i.Motor_CurrentLoop_Park                 0x080047be   Section        0  motor_current_loop.o(i.Motor_CurrentLoop_Park)
    i.Motor_CurrentLoop_RawToCurrent         0x080047d4   Section        0  motor_current_loop.o(i.Motor_CurrentLoop_RawToCurrent)
    Motor_CurrentLoop_RawToCurrent           0x080047d5   Thumb Code    52  motor_current_loop.o(i.Motor_CurrentLoop_RawToCurrent)
    i.Motor_CurrentLoop_Run                  0x0800480c   Section        0  motor_current_loop.o(i.Motor_CurrentLoop_Run)
    i.Motor_OpenLoop_Drive                   0x080048a4   Section        0  motor_system.o(i.Motor_OpenLoop_Drive)
    i.Motor_ShowDebugInfo_OLED               0x0800495c   Section        0  motor_system.o(i.Motor_ShowDebugInfo_OLED)
    i.Motor_System_Task                      0x08004a18   Section        0  motor_system.o(i.Motor_System_Task)
    i.NMI_Handler                            0x08004a2c   Section        0  stm32g4xx_it.o(i.NMI_Handler)
    i.OLED_Clear                             0x08004a2e   Section        0  oled.o(i.OLED_Clear)
    i.OLED_I2C_Init                          0x08004a54   Section        0  oled.o(i.OLED_I2C_Init)
    i.OLED_I2C_SendByte                      0x08004a6c   Section        0  oled.o(i.OLED_I2C_SendByte)
    i.OLED_I2C_Start                         0x08004aa6   Section        0  oled.o(i.OLED_I2C_Start)
    i.OLED_I2C_Stop                          0x08004ac4   Section        0  oled.o(i.OLED_I2C_Stop)
    i.OLED_Init                              0x08004adc   Section        0  oled.o(i.OLED_Init)
    i.OLED_Pow                               0x08004b7a   Section        0  oled.o(i.OLED_Pow)
    i.OLED_SetCursor                         0x08004b88   Section        0  oled.o(i.OLED_SetCursor)
    i.OLED_ShowChar                          0x08004bac   Section        0  oled.o(i.OLED_ShowChar)
    i.OLED_ShowNum                           0x08004c14   Section        0  oled.o(i.OLED_ShowNum)
    i.OLED_ShowSignedNum                     0x08004c56   Section        0  oled.o(i.OLED_ShowSignedNum)
    i.OLED_ShowString                        0x08004cae   Section        0  oled.o(i.OLED_ShowString)
    i.OLED_W_SCL                             0x08004cd4   Section        0  oled.o(i.OLED_W_SCL)
    i.OLED_W_SDA                             0x08004cf0   Section        0  oled.o(i.OLED_W_SDA)
    i.OLED_WriteCommand                      0x08004d0c   Section        0  oled.o(i.OLED_WriteCommand)
    i.OLED_WriteData                         0x08004d2e   Section        0  oled.o(i.OLED_WriteData)
    i.PID_Calculate                          0x08004d50   Section        0  pid.o(i.PID_Calculate)
    i.PID_Init                               0x08004de0   Section        0  pid.o(i.PID_Init)
    i.PendSV_Handler                         0x08004e10   Section        0  stm32g4xx_it.o(i.PendSV_Handler)
    i.SVC_Handler                            0x08004e12   Section        0  stm32g4xx_it.o(i.SVC_Handler)
    i.SysTick_Handler                        0x08004e14   Section        0  stm32g4xx_it.o(i.SysTick_Handler)
    i.SystemClock_Config                     0x08004e18   Section        0  main.o(i.SystemClock_Config)
    i.SystemInit                             0x08004e80   Section        0  system_stm32g4xx.o(i.SystemInit)
    i.TIM2_IRQHandler                        0x08004e90   Section        0  stm32g4xx_it.o(i.TIM2_IRQHandler)
    i.TIM_Base_SetConfig                     0x08004e9c   Section        0  stm32g4xx_hal_tim.o(i.TIM_Base_SetConfig)
    i.TIM_CCxChannelCmd                      0x08004f54   Section        0  stm32g4xx_hal_tim.o(i.TIM_CCxChannelCmd)
    i.TIM_CCxNChannelCmd                     0x08004f6e   Section        0  stm32g4xx_hal_tim_ex.o(i.TIM_CCxNChannelCmd)
    TIM_CCxNChannelCmd                       0x08004f6f   Thumb Code    26  stm32g4xx_hal_tim_ex.o(i.TIM_CCxNChannelCmd)
    i.TIM_ETR_SetConfig                      0x08004f88   Section        0  stm32g4xx_hal_tim.o(i.TIM_ETR_SetConfig)
    i.TIM_ITRx_SetConfig                     0x08004f9c   Section        0  stm32g4xx_hal_tim.o(i.TIM_ITRx_SetConfig)
    TIM_ITRx_SetConfig                       0x08004f9d   Thumb Code    16  stm32g4xx_hal_tim.o(i.TIM_ITRx_SetConfig)
    i.TIM_OC1_SetConfig                      0x08004fb0   Section        0  stm32g4xx_hal_tim.o(i.TIM_OC1_SetConfig)
    TIM_OC1_SetConfig                        0x08004fb1   Thumb Code   140  stm32g4xx_hal_tim.o(i.TIM_OC1_SetConfig)
    i.TIM_OC2_SetConfig                      0x08005054   Section        0  stm32g4xx_hal_tim.o(i.TIM_OC2_SetConfig)
    i.TIM_OC3_SetConfig                      0x080050e8   Section        0  stm32g4xx_hal_tim.o(i.TIM_OC3_SetConfig)
    TIM_OC3_SetConfig                        0x080050e9   Thumb Code   122  stm32g4xx_hal_tim.o(i.TIM_OC3_SetConfig)
    i.TIM_OC4_SetConfig                      0x0800517c   Section        0  stm32g4xx_hal_tim.o(i.TIM_OC4_SetConfig)
    TIM_OC4_SetConfig                        0x0800517d   Thumb Code   124  stm32g4xx_hal_tim.o(i.TIM_OC4_SetConfig)
    i.TIM_OC5_SetConfig                      0x08005210   Section        0  stm32g4xx_hal_tim.o(i.TIM_OC5_SetConfig)
    TIM_OC5_SetConfig                        0x08005211   Thumb Code    86  stm32g4xx_hal_tim.o(i.TIM_OC5_SetConfig)
    i.TIM_OC6_SetConfig                      0x08005280   Section        0  stm32g4xx_hal_tim.o(i.TIM_OC6_SetConfig)
    TIM_OC6_SetConfig                        0x08005281   Thumb Code    88  stm32g4xx_hal_tim.o(i.TIM_OC6_SetConfig)
    i.TIM_TI1_ConfigInputStage               0x080052f0   Section        0  stm32g4xx_hal_tim.o(i.TIM_TI1_ConfigInputStage)
    TIM_TI1_ConfigInputStage                 0x080052f1   Thumb Code    72  stm32g4xx_hal_tim.o(i.TIM_TI1_ConfigInputStage)
    i.TIM_TI2_ConfigInputStage               0x0800534c   Section        0  stm32g4xx_hal_tim.o(i.TIM_TI2_ConfigInputStage)
    TIM_TI2_ConfigInputStage                 0x0800534d   Thumb Code    56  stm32g4xx_hal_tim.o(i.TIM_TI2_ConfigInputStage)
    i.UARTEx_SetNbDataToProcess              0x0800538c   Section        0  stm32g4xx_hal_uart_ex.o(i.UARTEx_SetNbDataToProcess)
    UARTEx_SetNbDataToProcess                0x0800538d   Thumb Code    62  stm32g4xx_hal_uart_ex.o(i.UARTEx_SetNbDataToProcess)
    i.UART_AdvFeatureConfig                  0x080053d0   Section        0  stm32g4xx_hal_uart.o(i.UART_AdvFeatureConfig)
    i.UART_CheckIdleState                    0x08005498   Section        0  stm32g4xx_hal_uart.o(i.UART_CheckIdleState)
    i.UART_DMAAbortOnError                   0x08005544   Section        0  stm32g4xx_hal_uart.o(i.UART_DMAAbortOnError)
    UART_DMAAbortOnError                     0x08005545   Thumb Code    10  stm32g4xx_hal_uart.o(i.UART_DMAAbortOnError)
    i.UART_EndRxTransfer                     0x08005550   Section        0  stm32g4xx_hal_uart.o(i.UART_EndRxTransfer)
    UART_EndRxTransfer                       0x08005551   Thumb Code    78  stm32g4xx_hal_uart.o(i.UART_EndRxTransfer)
    i.UART_SetConfig                         0x080055a4   Section        0  stm32g4xx_hal_uart.o(i.UART_SetConfig)
    i.UART_WaitOnFlagUntilTimeout            0x08005818   Section        0  stm32g4xx_hal_uart.o(i.UART_WaitOnFlagUntilTimeout)
    i.USART2_IRQHandler                      0x080058ac   Section        0  stm32g4xx_it.o(i.USART2_IRQHandler)
    i.UsageFault_Handler                     0x080058b8   Section        0  stm32g4xx_it.o(i.UsageFault_Handler)
    i.__ARM_fpclassifyf                      0x080058ba   Section        0  fpclassifyf.o(i.__ARM_fpclassifyf)
    i.__NVIC_SetPriority                     0x080058e0   Section        0  stm32g4xx_hal_cortex.o(i.__NVIC_SetPriority)
    __NVIC_SetPriority                       0x080058e1   Thumb Code    32  stm32g4xx_hal_cortex.o(i.__NVIC_SetPriority)
    i.__hardfp_sinf                          0x08005900   Section        0  sinf.o(i.__hardfp_sinf)
    i.__mathlib_flt_infnan                   0x08005a90   Section        0  funder.o(i.__mathlib_flt_infnan)
    i.__mathlib_flt_invalid                  0x08005a98   Section        0  funder.o(i.__mathlib_flt_invalid)
    i.__mathlib_flt_underflow                0x08005aa8   Section        0  funder.o(i.__mathlib_flt_underflow)
    i.__mathlib_rredf2                       0x08005ab8   Section        0  rredf.o(i.__mathlib_rredf2)
    i.hardware_init                          0x08005c0c   Section        0  hardware_init.o(i.hardware_init)
    i.main                                   0x08005cb8   Section        0  main.o(i.main)
    x$fpl$fpinit                             0x08005cea   Section       10  fpinit.o(x$fpl$fpinit)
    $v0                                      0x08005cea   Number         0  fpinit.o(x$fpl$fpinit)
    .constdata                               0x08005cf4   Section       24  stm32g4xx_hal_uart.o(.constdata)
    x$fpl$usenofp                            0x08005cf4   Section        0  usenofp.o(x$fpl$usenofp)
    .constdata                               0x08005d0c   Section       16  stm32g4xx_hal_uart_ex.o(.constdata)
    numerator                                0x08005d0c   Data           8  stm32g4xx_hal_uart_ex.o(.constdata)
    denominator                              0x08005d14   Data           8  stm32g4xx_hal_uart_ex.o(.constdata)
    .constdata                               0x08005d1c   Section       16  system_stm32g4xx.o(.constdata)
    .constdata                               0x08005d2c   Section        8  system_stm32g4xx.o(.constdata)
    .constdata                               0x08005d34   Section     1520  oled.o(.constdata)
    .constdata                               0x08006324   Section       32  rredf.o(.constdata)
    twooverpi                                0x08006324   Data          32  rredf.o(.constdata)
    .data                                    0x20000000   Section        4  adc.o(.data)
    HAL_RCC_ADC12_CLK_ENABLED                0x20000000   Data           4  adc.o(.data)
    .data                                    0x20000004   Section       12  stm32g4xx_hal.o(.data)
    .data                                    0x20000010   Section        4  system_stm32g4xx.o(.data)
    .data                                    0x20000014   Section        2  motor_publicdata.o(.data)
    .data                                    0x20000018   Section       14  motor_system.o(.data)
    led_cnt                                  0x20000018   Data           2  motor_system.o(.data)
    open_loop_angle                          0x2000001c   Data           4  motor_system.o(.data)
    .bss                                     0x20000028   Section      312  adc.o(.bss)
    .bss                                     0x20000160   Section      276  i2c.o(.bss)
    .bss                                     0x20000274   Section      152  tim.o(.bss)
    .bss                                     0x2000030c   Section      340  usart.o(.bss)
    .bss                                     0x20000460   Section      144  motor_current_loop.o(.bss)
    .bss                                     0x200004f0   Section       96  libspace.o(.bss)
    HEAP                                     0x20000550   Section      512  startup_stm32g431xx.o(HEAP)
    Heap_Mem                                 0x20000550   Data         512  startup_stm32g431xx.o(HEAP)
    STACK                                    0x20000750   Section     1024  startup_stm32g431xx.o(STACK)
    Stack_Mem                                0x20000750   Data        1024  startup_stm32g431xx.o(STACK)
    __initial_sp                             0x20000b50   Data           0  startup_stm32g431xx.o(STACK)

    Global Symbols

    Symbol Name                              Value     Ov Type        Size  Object(Section)

    BuildAttributes$$THM_ISAv4$E$P$D$K$B$S$7EM$VFPi3$EXTD16$VFPS$VFMA$PE$A:L22UL41UL21$X:L11$S22US41US21$IEEE1$IW$USESV6$~STKCKD$USESV7$~SHL$OTIME$ROPI$IEEEX$EBA8$UX$STANDARDLIB$REQ8$PRES8$EABIv2 0x00000000   Number         0  anon$$obj.o ABSOLUTE
    __ARM_use_no_argv                        0x00000000   Number         0  main.o ABSOLUTE
    __ARM_exceptions_init                     - Undefined Weak Reference
    __alloca_initialize                       - Undefined Weak Reference
    __arm_fini_                               - Undefined Weak Reference
    __arm_preinit_                            - Undefined Weak Reference
    __cpp_initialize__aeabi_                  - Undefined Weak Reference
    __cxa_finalize                            - Undefined Weak Reference
    __rt_locale                               - Undefined Weak Reference
    __sigvec_lookup                           - Undefined Weak Reference
    _atexit_init                              - Undefined Weak Reference
    _call_atexit_fns                          - Undefined Weak Reference
    _clock_init                               - Undefined Weak Reference
    _fp_trap_init                             - Undefined Weak Reference
    _fp_trap_shutdown                         - Undefined Weak Reference
    _get_lc_collate                           - Undefined Weak Reference
    _get_lc_ctype                             - Undefined Weak Reference
    _get_lc_monetary                          - Undefined Weak Reference
    _get_lc_numeric                           - Undefined Weak Reference
    _get_lc_time                              - Undefined Weak Reference
    _getenv_init                              - Undefined Weak Reference
    _handle_redirection                       - Undefined Weak Reference
    _init_alloc                               - Undefined Weak Reference
    _init_user_alloc                          - Undefined Weak Reference
    _initio                                   - Undefined Weak Reference
    _rand_init                                - Undefined Weak Reference
    _signal_finish                            - Undefined Weak Reference
    _signal_init                              - Undefined Weak Reference
    _terminate_alloc                          - Undefined Weak Reference
    _terminate_user_alloc                     - Undefined Weak Reference
    _terminateio                              - Undefined Weak Reference
    __Vectors_Size                           0x000001d8   Number         0  startup_stm32g431xx.o ABSOLUTE
    __Vectors                                0x08000000   Data           4  startup_stm32g431xx.o(RESET)
    __Vectors_End                            0x080001d8   Data           0  startup_stm32g431xx.o(RESET)
    __main                                   0x080001d9   Thumb Code     8  __main.o(!!!main)
    __scatterload                            0x080001e1   Thumb Code     0  __scatter.o(!!!scatter)
    __scatterload_rt2                        0x080001e1   Thumb Code    44  __scatter.o(!!!scatter)
    __scatterload_rt2_thumb_only             0x080001e1   Thumb Code     0  __scatter.o(!!!scatter)
    __scatterload_null                       0x080001ef   Thumb Code     0  __scatter.o(!!!scatter)
    __scatterload_copy                       0x08000215   Thumb Code    26  __scatter_copy.o(!!handler_copy)
    __scatterload_zeroinit                   0x08000231   Thumb Code    28  __scatter_zi.o(!!handler_zi)
    __rt_lib_init                            0x0800024d   Thumb Code     0  libinit.o(.ARM.Collect$$libinit$$00000000)
    __rt_lib_init_fp_1                       0x0800024f   Thumb Code     0  libinit2.o(.ARM.Collect$$libinit$$00000001)
    __rt_lib_init_alloca_1                   0x08000253   Thumb Code     0  libinit2.o(.ARM.Collect$$libinit$$0000002E)
    __rt_lib_init_argv_1                     0x08000253   Thumb Code     0  libinit2.o(.ARM.Collect$$libinit$$0000002C)
    __rt_lib_init_atexit_1                   0x08000253   Thumb Code     0  libinit2.o(.ARM.Collect$$libinit$$0000001B)
    __rt_lib_init_clock_1                    0x08000253   Thumb Code     0  libinit2.o(.ARM.Collect$$libinit$$00000021)
    __rt_lib_init_cpp_1                      0x08000253   Thumb Code     0  libinit2.o(.ARM.Collect$$libinit$$00000032)
    __rt_lib_init_exceptions_1               0x08000253   Thumb Code     0  libinit2.o(.ARM.Collect$$libinit$$00000030)
    __rt_lib_init_fp_trap_1                  0x08000253   Thumb Code     0  libinit2.o(.ARM.Collect$$libinit$$0000001F)
    __rt_lib_init_getenv_1                   0x08000253   Thumb Code     0  libinit2.o(.ARM.Collect$$libinit$$00000023)
    __rt_lib_init_heap_1                     0x08000253   Thumb Code     0  libinit2.o(.ARM.Collect$$libinit$$0000000A)
    __rt_lib_init_lc_collate_1               0x08000253   Thumb Code     0  libinit2.o(.ARM.Collect$$libinit$$00000011)
    __rt_lib_init_lc_ctype_1                 0x08000253   Thumb Code     0  libinit2.o(.ARM.Collect$$libinit$$00000013)
    __rt_lib_init_lc_monetary_1              0x08000253   Thumb Code     0  libinit2.o(.ARM.Collect$$libinit$$00000015)
    __rt_lib_init_lc_numeric_1               0x08000253   Thumb Code     0  libinit2.o(.ARM.Collect$$libinit$$00000017)
    __rt_lib_init_lc_time_1                  0x08000253   Thumb Code     0  libinit2.o(.ARM.Collect$$libinit$$00000019)
    __rt_lib_init_preinit_1                  0x08000253   Thumb Code     0  libinit2.o(.ARM.Collect$$libinit$$00000004)
    __rt_lib_init_rand_1                     0x08000253   Thumb Code     0  libinit2.o(.ARM.Collect$$libinit$$0000000E)
    __rt_lib_init_return                     0x08000253   Thumb Code     0  libinit2.o(.ARM.Collect$$libinit$$00000033)
    __rt_lib_init_signal_1                   0x08000253   Thumb Code     0  libinit2.o(.ARM.Collect$$libinit$$0000001D)
    __rt_lib_init_stdio_1                    0x08000253   Thumb Code     0  libinit2.o(.ARM.Collect$$libinit$$00000025)
    __rt_lib_init_user_alloc_1               0x08000253   Thumb Code     0  libinit2.o(.ARM.Collect$$libinit$$0000000C)
    __rt_lib_shutdown                        0x08000255   Thumb Code     0  libshutdown.o(.ARM.Collect$$libshutdown$$00000000)
    __rt_lib_shutdown_cpp_1                  0x08000257   Thumb Code     0  libshutdown2.o(.ARM.Collect$$libshutdown$$00000004)
    __rt_lib_shutdown_fini_1                 0x08000257   Thumb Code     0  libshutdown2.o(.ARM.Collect$$libshutdown$$00000002)
    __rt_lib_shutdown_fp_trap_1              0x08000257   Thumb Code     0  libshutdown2.o(.ARM.Collect$$libshutdown$$00000009)
    __rt_lib_shutdown_heap_1                 0x08000257   Thumb Code     0  libshutdown2.o(.ARM.Collect$$libshutdown$$00000011)
    __rt_lib_shutdown_return                 0x08000257   Thumb Code     0  libshutdown2.o(.ARM.Collect$$libshutdown$$00000012)
    __rt_lib_shutdown_signal_1               0x08000257   Thumb Code     0  libshutdown2.o(.ARM.Collect$$libshutdown$$0000000C)
    __rt_lib_shutdown_stdio_1                0x08000257   Thumb Code     0  libshutdown2.o(.ARM.Collect$$libshutdown$$00000006)
    __rt_lib_shutdown_user_alloc_1           0x08000257   Thumb Code     0  libshutdown2.o(.ARM.Collect$$libshutdown$$0000000E)
    __rt_entry                               0x08000259   Thumb Code     0  __rtentry.o(.ARM.Collect$$rtentry$$00000000)
    __rt_entry_presh_1                       0x08000259   Thumb Code     0  __rtentry2.o(.ARM.Collect$$rtentry$$00000002)
    __rt_entry_sh                            0x08000259   Thumb Code     0  __rtentry4.o(.ARM.Collect$$rtentry$$00000004)
    __rt_entry_li                            0x0800025f   Thumb Code     0  __rtentry2.o(.ARM.Collect$$rtentry$$0000000A)
    __rt_entry_postsh_1                      0x0800025f   Thumb Code     0  __rtentry2.o(.ARM.Collect$$rtentry$$00000009)
    __rt_entry_main                          0x08000263   Thumb Code     0  __rtentry2.o(.ARM.Collect$$rtentry$$0000000D)
    __rt_entry_postli_1                      0x08000263   Thumb Code     0  __rtentry2.o(.ARM.Collect$$rtentry$$0000000C)
    __rt_exit                                0x0800026b   Thumb Code     0  rtexit.o(.ARM.Collect$$rtexit$$00000000)
    __rt_exit_ls                             0x0800026d   Thumb Code     0  rtexit2.o(.ARM.Collect$$rtexit$$00000003)
    __rt_exit_prels_1                        0x0800026d   Thumb Code     0  rtexit2.o(.ARM.Collect$$rtexit$$00000002)
    __rt_exit_exit                           0x08000271   Thumb Code     0  rtexit2.o(.ARM.Collect$$rtexit$$00000004)
    Reset_Handler                            0x08000279   Thumb Code     8  startup_stm32g431xx.o(.text)
    COMP1_2_3_IRQHandler                     0x08000293   Thumb Code     0  startup_stm32g431xx.o(.text)
    COMP4_IRQHandler                         0x08000293   Thumb Code     0  startup_stm32g431xx.o(.text)
    CORDIC_IRQHandler                        0x08000293   Thumb Code     0  startup_stm32g431xx.o(.text)
    CRS_IRQHandler                           0x08000293   Thumb Code     0  startup_stm32g431xx.o(.text)
    DMA1_Channel6_IRQHandler                 0x08000293   Thumb Code     0  startup_stm32g431xx.o(.text)
    DMA2_Channel1_IRQHandler                 0x08000293   Thumb Code     0  startup_stm32g431xx.o(.text)
    DMA2_Channel2_IRQHandler                 0x08000293   Thumb Code     0  startup_stm32g431xx.o(.text)
    DMA2_Channel3_IRQHandler                 0x08000293   Thumb Code     0  startup_stm32g431xx.o(.text)
    DMA2_Channel4_IRQHandler                 0x08000293   Thumb Code     0  startup_stm32g431xx.o(.text)
    DMA2_Channel5_IRQHandler                 0x08000293   Thumb Code     0  startup_stm32g431xx.o(.text)
    DMA2_Channel6_IRQHandler                 0x08000293   Thumb Code     0  startup_stm32g431xx.o(.text)
    DMAMUX_OVR_IRQHandler                    0x08000293   Thumb Code     0  startup_stm32g431xx.o(.text)
    EXTI0_IRQHandler                         0x08000293   Thumb Code     0  startup_stm32g431xx.o(.text)
    EXTI15_10_IRQHandler                     0x08000293   Thumb Code     0  startup_stm32g431xx.o(.text)
    EXTI1_IRQHandler                         0x08000293   Thumb Code     0  startup_stm32g431xx.o(.text)
    EXTI2_IRQHandler                         0x08000293   Thumb Code     0  startup_stm32g431xx.o(.text)
    EXTI3_IRQHandler                         0x08000293   Thumb Code     0  startup_stm32g431xx.o(.text)
    EXTI4_IRQHandler                         0x08000293   Thumb Code     0  startup_stm32g431xx.o(.text)
    EXTI9_5_IRQHandler                       0x08000293   Thumb Code     0  startup_stm32g431xx.o(.text)
    FDCAN1_IT0_IRQHandler                    0x08000293   Thumb Code     0  startup_stm32g431xx.o(.text)
    FDCAN1_IT1_IRQHandler                    0x08000293   Thumb Code     0  startup_stm32g431xx.o(.text)
    FLASH_IRQHandler                         0x08000293   Thumb Code     0  startup_stm32g431xx.o(.text)
    FMAC_IRQHandler                          0x08000293   Thumb Code     0  startup_stm32g431xx.o(.text)
    FPU_IRQHandler                           0x08000293   Thumb Code     0  startup_stm32g431xx.o(.text)
    I2C1_ER_IRQHandler                       0x08000293   Thumb Code     0  startup_stm32g431xx.o(.text)
    I2C1_EV_IRQHandler                       0x08000293   Thumb Code     0  startup_stm32g431xx.o(.text)
    I2C2_ER_IRQHandler                       0x08000293   Thumb Code     0  startup_stm32g431xx.o(.text)
    I2C2_EV_IRQHandler                       0x08000293   Thumb Code     0  startup_stm32g431xx.o(.text)
    I2C3_ER_IRQHandler                       0x08000293   Thumb Code     0  startup_stm32g431xx.o(.text)
    I2C3_EV_IRQHandler                       0x08000293   Thumb Code     0  startup_stm32g431xx.o(.text)
    LPTIM1_IRQHandler                        0x08000293   Thumb Code     0  startup_stm32g431xx.o(.text)
    LPUART1_IRQHandler                       0x08000293   Thumb Code     0  startup_stm32g431xx.o(.text)
    PVD_PVM_IRQHandler                       0x08000293   Thumb Code     0  startup_stm32g431xx.o(.text)
    RCC_IRQHandler                           0x08000293   Thumb Code     0  startup_stm32g431xx.o(.text)
    RNG_IRQHandler                           0x08000293   Thumb Code     0  startup_stm32g431xx.o(.text)
    RTC_Alarm_IRQHandler                     0x08000293   Thumb Code     0  startup_stm32g431xx.o(.text)
    RTC_TAMP_LSECSS_IRQHandler               0x08000293   Thumb Code     0  startup_stm32g431xx.o(.text)
    RTC_WKUP_IRQHandler                      0x08000293   Thumb Code     0  startup_stm32g431xx.o(.text)
    SAI1_IRQHandler                          0x08000293   Thumb Code     0  startup_stm32g431xx.o(.text)
    SPI1_IRQHandler                          0x08000293   Thumb Code     0  startup_stm32g431xx.o(.text)
    SPI2_IRQHandler                          0x08000293   Thumb Code     0  startup_stm32g431xx.o(.text)
    SPI3_IRQHandler                          0x08000293   Thumb Code     0  startup_stm32g431xx.o(.text)
    TIM1_BRK_TIM15_IRQHandler                0x08000293   Thumb Code     0  startup_stm32g431xx.o(.text)
    TIM1_CC_IRQHandler                       0x08000293   Thumb Code     0  startup_stm32g431xx.o(.text)
    TIM1_TRG_COM_TIM17_IRQHandler            0x08000293   Thumb Code     0  startup_stm32g431xx.o(.text)
    TIM1_UP_TIM16_IRQHandler                 0x08000293   Thumb Code     0  startup_stm32g431xx.o(.text)
    TIM3_IRQHandler                          0x08000293   Thumb Code     0  startup_stm32g431xx.o(.text)
    TIM4_IRQHandler                          0x08000293   Thumb Code     0  startup_stm32g431xx.o(.text)
    TIM6_DAC_IRQHandler                      0x08000293   Thumb Code     0  startup_stm32g431xx.o(.text)
    TIM7_IRQHandler                          0x08000293   Thumb Code     0  startup_stm32g431xx.o(.text)
    TIM8_BRK_IRQHandler                      0x08000293   Thumb Code     0  startup_stm32g431xx.o(.text)
    TIM8_CC_IRQHandler                       0x08000293   Thumb Code     0  startup_stm32g431xx.o(.text)
    TIM8_TRG_COM_IRQHandler                  0x08000293   Thumb Code     0  startup_stm32g431xx.o(.text)
    TIM8_UP_IRQHandler                       0x08000293   Thumb Code     0  startup_stm32g431xx.o(.text)
    UART4_IRQHandler                         0x08000293   Thumb Code     0  startup_stm32g431xx.o(.text)
    UCPD1_IRQHandler                         0x08000293   Thumb Code     0  startup_stm32g431xx.o(.text)
    USART1_IRQHandler                        0x08000293   Thumb Code     0  startup_stm32g431xx.o(.text)
    USART3_IRQHandler                        0x08000293   Thumb Code     0  startup_stm32g431xx.o(.text)
    USBWakeUp_IRQHandler                     0x08000293   Thumb Code     0  startup_stm32g431xx.o(.text)
    USB_HP_IRQHandler                        0x08000293   Thumb Code     0  startup_stm32g431xx.o(.text)
    USB_LP_IRQHandler                        0x08000293   Thumb Code     0  startup_stm32g431xx.o(.text)
    WWDG_IRQHandler                          0x08000293   Thumb Code     0  startup_stm32g431xx.o(.text)
    __user_initial_stackheap                 0x08000295   Thumb Code     0  startup_stm32g431xx.o(.text)
    __aeabi_uldivmod                         0x080002b9   Thumb Code     0  lludivv7m.o(.text)
    _ll_udiv                                 0x080002b9   Thumb Code   238  lludivv7m.o(.text)
    __aeabi_memclr4                          0x080003a7   Thumb Code     0  rt_memclr_w.o(.text)
    __aeabi_memclr8                          0x080003a7   Thumb Code     0  rt_memclr_w.o(.text)
    __rt_memclr_w                            0x080003a7   Thumb Code    78  rt_memclr_w.o(.text)
    _memset_w                                0x080003ab   Thumb Code     0  rt_memclr_w.o(.text)
    __use_two_region_memory                  0x080003f5   Thumb Code     2  heapauxi.o(.text)
    __rt_heap_escrow$2region                 0x080003f7   Thumb Code     2  heapauxi.o(.text)
    __rt_heap_expand$2region                 0x080003f9   Thumb Code     2  heapauxi.o(.text)
    __read_errno                             0x080003fb   Thumb Code    10  _rserrno.o(.text)
    __set_errno                              0x08000405   Thumb Code    12  _rserrno.o(.text)
    __aeabi_errno_addr                       0x08000411   Thumb Code     8  rt_errno_addr_intlibspace.o(.text)
    __errno$intlibspace                      0x08000411   Thumb Code     0  rt_errno_addr_intlibspace.o(.text)
    __rt_errno_addr$intlibspace              0x08000411   Thumb Code     0  rt_errno_addr_intlibspace.o(.text)
    __user_libspace                          0x08000419   Thumb Code     8  libspace.o(.text)
    __user_perproc_libspace                  0x08000419   Thumb Code     0  libspace.o(.text)
    __user_perthread_libspace                0x08000419   Thumb Code     0  libspace.o(.text)
    __user_setup_stackheap                   0x08000421   Thumb Code    74  sys_stackheap_outer.o(.text)
    exit                                     0x0800046b   Thumb Code    18  exit.o(.text)
    _sys_exit                                0x0800047d   Thumb Code     8  sys_exit.o(.text)
    __I$use$semihosting                      0x08000489   Thumb Code     0  use_no_semi.o(.text)
    __use_no_semihosting_swi                 0x08000489   Thumb Code     2  use_no_semi.o(.text)
    __semihosting_library_function           0x0800048b   Thumb Code     0  indicate_semi.o(.text)
    ADC1_2_IRQHandler                        0x0800048d   Thumb Code    18  stm32g4xx_it.o(i.ADC1_2_IRQHandler)
    ADC_Disable                              0x080004a9   Thumb Code   106  stm32g4xx_hal_adc.o(i.ADC_Disable)
    ADC_Enable                               0x08000519   Thumb Code   154  stm32g4xx_hal_adc.o(i.ADC_Enable)
    AS5600_ReadRawAngle                      0x080005c5   Thumb Code    92  as5600.o(i.AS5600_ReadRawAngle)
    BusFault_Handler                         0x08000625   Thumb Code     2  stm32g4xx_it.o(i.BusFault_Handler)
    DMA1_Channel1_IRQHandler                 0x08000629   Thumb Code     6  stm32g4xx_it.o(i.DMA1_Channel1_IRQHandler)
    DMA1_Channel2_IRQHandler                 0x08000635   Thumb Code     6  stm32g4xx_it.o(i.DMA1_Channel2_IRQHandler)
    DMA1_Channel3_IRQHandler                 0x08000641   Thumb Code     6  stm32g4xx_it.o(i.DMA1_Channel3_IRQHandler)
    DMA1_Channel4_IRQHandler                 0x0800064d   Thumb Code     6  stm32g4xx_it.o(i.DMA1_Channel4_IRQHandler)
    DMA1_Channel5_IRQHandler                 0x08000659   Thumb Code     6  stm32g4xx_it.o(i.DMA1_Channel5_IRQHandler)
    DebugMon_Handler                         0x08000713   Thumb Code     2  stm32g4xx_it.o(i.DebugMon_Handler)
    Error_Handler                            0x08000715   Thumb Code     4  main.o(i.Error_Handler)
    HAL_ADCEx_Calibration_Start              0x08000719   Thumb Code   138  stm32g4xx_hal_adc_ex.o(i.HAL_ADCEx_Calibration_Start)
    HAL_ADCEx_EndOfSamplingCallback          0x080007ad   Thumb Code     2  stm32g4xx_hal_adc_ex.o(i.HAL_ADCEx_EndOfSamplingCallback)
    HAL_ADCEx_InjectedConfigChannel          0x080007b1   Thumb Code  1264  stm32g4xx_hal_adc_ex.o(i.HAL_ADCEx_InjectedConfigChannel)
    HAL_ADCEx_InjectedConvCpltCallback       0x08000cc9   Thumb Code    42  motor_current_loop.o(i.HAL_ADCEx_InjectedConvCpltCallback)
    HAL_ADCEx_InjectedGetValue               0x08000cf9   Thumb Code    46  stm32g4xx_hal_adc_ex.o(i.HAL_ADCEx_InjectedGetValue)
    HAL_ADCEx_InjectedQueueOverflowCallback  0x08000d27   Thumb Code     2  stm32g4xx_hal_adc_ex.o(i.HAL_ADCEx_InjectedQueueOverflowCallback)
    HAL_ADCEx_InjectedStart_IT               0x08000d29   Thumb Code   282  stm32g4xx_hal_adc_ex.o(i.HAL_ADCEx_InjectedStart_IT)
    HAL_ADCEx_LevelOutOfWindow2Callback      0x08000e51   Thumb Code     2  stm32g4xx_hal_adc_ex.o(i.HAL_ADCEx_LevelOutOfWindow2Callback)
    HAL_ADCEx_LevelOutOfWindow3Callback      0x08000e53   Thumb Code     2  stm32g4xx_hal_adc_ex.o(i.HAL_ADCEx_LevelOutOfWindow3Callback)
    HAL_ADCEx_MultiModeConfigChannel         0x08000e55   Thumb Code   208  stm32g4xx_hal_adc_ex.o(i.HAL_ADCEx_MultiModeConfigChannel)
    HAL_ADC_ConfigChannel                    0x08000f2d   Thumb Code  1006  stm32g4xx_hal_adc.o(i.HAL_ADC_ConfigChannel)
    HAL_ADC_ConvCpltCallback                 0x08001351   Thumb Code     2  stm32g4xx_hal_adc.o(i.HAL_ADC_ConvCpltCallback)
    HAL_ADC_ErrorCallback                    0x08001353   Thumb Code     2  stm32g4xx_hal_adc.o(i.HAL_ADC_ErrorCallback)
    HAL_ADC_IRQHandler                       0x08001355   Thumb Code   612  stm32g4xx_hal_adc.o(i.HAL_ADC_IRQHandler)
    HAL_ADC_Init                             0x080015c1   Thumb Code   466  stm32g4xx_hal_adc.o(i.HAL_ADC_Init)
    HAL_ADC_LevelOutOfWindowCallback         0x080017b5   Thumb Code     2  stm32g4xx_hal_adc.o(i.HAL_ADC_LevelOutOfWindowCallback)
    HAL_ADC_MspInit                          0x080017b9   Thumb Code   306  adc.o(i.HAL_ADC_MspInit)
    HAL_ADC_Start                            0x08001909   Thumb Code   230  stm32g4xx_hal_adc.o(i.HAL_ADC_Start)
    HAL_DMA_Abort                            0x080019fd   Thumb Code   112  stm32g4xx_hal_dma.o(i.HAL_DMA_Abort)
    HAL_DMA_Abort_IT                         0x08001a6d   Thumb Code   120  stm32g4xx_hal_dma.o(i.HAL_DMA_Abort_IT)
    HAL_DMA_IRQHandler                       0x08001ae5   Thumb Code   186  stm32g4xx_hal_dma.o(i.HAL_DMA_IRQHandler)
    HAL_DMA_Init                             0x08001ba1   Thumb Code   182  stm32g4xx_hal_dma.o(i.HAL_DMA_Init)
    HAL_DMA_Start                            0x08001c65   Thumb Code    80  stm32g4xx_hal_dma.o(i.HAL_DMA_Start)
    HAL_Delay                                0x08001cb5   Thumb Code    32  stm32g4xx_hal.o(i.HAL_Delay)
    HAL_GPIO_Init                            0x08001cd9   Thumb Code   532  stm32g4xx_hal_gpio.o(i.HAL_GPIO_Init)
    HAL_GPIO_TogglePin                       0x08001f0d   Thumb Code    16  stm32g4xx_hal_gpio.o(i.HAL_GPIO_TogglePin)
    HAL_GPIO_WritePin                        0x08001f1d   Thumb Code    10  stm32g4xx_hal_gpio.o(i.HAL_GPIO_WritePin)
    HAL_GetTick                              0x08001f29   Thumb Code     6  stm32g4xx_hal.o(i.HAL_GetTick)
    HAL_I2CEx_ConfigAnalogFilter             0x08001f35   Thumb Code    86  stm32g4xx_hal_i2c_ex.o(i.HAL_I2CEx_ConfigAnalogFilter)
    HAL_I2CEx_ConfigDigitalFilter            0x08001f8b   Thumb Code    82  stm32g4xx_hal_i2c_ex.o(i.HAL_I2CEx_ConfigDigitalFilter)
    HAL_I2C_Init                             0x08001fdd   Thumb Code   184  stm32g4xx_hal_i2c.o(i.HAL_I2C_Init)
    HAL_I2C_Master_Receive                   0x08002099   Thumb Code   282  stm32g4xx_hal_i2c.o(i.HAL_I2C_Master_Receive)
    HAL_I2C_Master_Transmit                  0x080021bd   Thumb Code   324  stm32g4xx_hal_i2c.o(i.HAL_I2C_Master_Transmit)
    HAL_I2C_MspInit                          0x08002309   Thumb Code   246  i2c.o(i.HAL_I2C_MspInit)
    HAL_IncTick                              0x08002415   Thumb Code    12  stm32g4xx_hal.o(i.HAL_IncTick)
    HAL_Init                                 0x08002425   Thumb Code    30  stm32g4xx_hal.o(i.HAL_Init)
    HAL_InitTick                             0x08002445   Thumb Code    58  stm32g4xx_hal.o(i.HAL_InitTick)
    HAL_MspInit                              0x08002489   Thumb Code    42  stm32g4xx_hal_msp.o(i.HAL_MspInit)
    HAL_NVIC_EnableIRQ                       0x080024b9   Thumb Code    26  stm32g4xx_hal_cortex.o(i.HAL_NVIC_EnableIRQ)
    HAL_NVIC_SetPriority                     0x080024d5   Thumb Code    60  stm32g4xx_hal_cortex.o(i.HAL_NVIC_SetPriority)
    HAL_NVIC_SetPriorityGrouping             0x08002515   Thumb Code    26  stm32g4xx_hal_cortex.o(i.HAL_NVIC_SetPriorityGrouping)
    HAL_PWREx_ControlVoltageScaling          0x08002539   Thumb Code   174  stm32g4xx_hal_pwr_ex.o(i.HAL_PWREx_ControlVoltageScaling)
    HAL_PWREx_DisableUCPDDeadBattery         0x080025f5   Thumb Code    12  stm32g4xx_hal_pwr_ex.o(i.HAL_PWREx_DisableUCPDDeadBattery)
    HAL_RCCEx_PeriphCLKConfig                0x08002605   Thumb Code   638  stm32g4xx_hal_rcc_ex.o(i.HAL_RCCEx_PeriphCLKConfig)
    HAL_RCC_ClockConfig                      0x0800288d   Thumb Code   444  stm32g4xx_hal_rcc.o(i.HAL_RCC_ClockConfig)
    HAL_RCC_GetPCLK1Freq                     0x08002a69   Thumb Code    24  stm32g4xx_hal_rcc.o(i.HAL_RCC_GetPCLK1Freq)
    HAL_RCC_GetPCLK2Freq                     0x08002a8d   Thumb Code    24  stm32g4xx_hal_rcc.o(i.HAL_RCC_GetPCLK2Freq)
    HAL_RCC_GetSysClockFreq                  0x08002ab1   Thumb Code    98  stm32g4xx_hal_rcc.o(i.HAL_RCC_GetSysClockFreq)
    HAL_RCC_OscConfig                        0x08002b1d   Thumb Code  1028  stm32g4xx_hal_rcc.o(i.HAL_RCC_OscConfig)
    HAL_SYSTICK_Config                       0x08002f21   Thumb Code    40  stm32g4xx_hal_cortex.o(i.HAL_SYSTICK_Config)
    HAL_TIMEx_Break2Callback                 0x08002f49   Thumb Code     2  stm32g4xx_hal_tim_ex.o(i.HAL_TIMEx_Break2Callback)
    HAL_TIMEx_BreakCallback                  0x08002f4b   Thumb Code     2  stm32g4xx_hal_tim_ex.o(i.HAL_TIMEx_BreakCallback)
    HAL_TIMEx_CommutCallback                 0x08002f4d   Thumb Code     2  stm32g4xx_hal_tim_ex.o(i.HAL_TIMEx_CommutCallback)
    HAL_TIMEx_ConfigBreakDeadTime            0x08002f51   Thumb Code   148  stm32g4xx_hal_tim_ex.o(i.HAL_TIMEx_ConfigBreakDeadTime)
    HAL_TIMEx_DirectionChangeCallback        0x08002fed   Thumb Code     2  stm32g4xx_hal_tim_ex.o(i.HAL_TIMEx_DirectionChangeCallback)
    HAL_TIMEx_EncoderIndexCallback           0x08002fef   Thumb Code     2  stm32g4xx_hal_tim_ex.o(i.HAL_TIMEx_EncoderIndexCallback)
    HAL_TIMEx_IndexErrorCallback             0x08002ff1   Thumb Code     2  stm32g4xx_hal_tim_ex.o(i.HAL_TIMEx_IndexErrorCallback)
    HAL_TIMEx_MasterConfigSynchronization    0x08002ff5   Thumb Code   132  stm32g4xx_hal_tim_ex.o(i.HAL_TIMEx_MasterConfigSynchronization)
    HAL_TIMEx_PWMN_Start                     0x08003091   Thumb Code   158  stm32g4xx_hal_tim_ex.o(i.HAL_TIMEx_PWMN_Start)
    HAL_TIMEx_TransitionErrorCallback        0x08003149   Thumb Code     2  stm32g4xx_hal_tim_ex.o(i.HAL_TIMEx_TransitionErrorCallback)
    HAL_TIM_Base_Init                        0x0800314b   Thumb Code    98  stm32g4xx_hal_tim.o(i.HAL_TIM_Base_Init)
    HAL_TIM_Base_MspInit                     0x080031ad   Thumb Code    72  tim.o(i.HAL_TIM_Base_MspInit)
    HAL_TIM_Base_Start_IT                    0x080031fd   Thumb Code    94  stm32g4xx_hal_tim.o(i.HAL_TIM_Base_Start_IT)
    HAL_TIM_ConfigClockSource                0x08003275   Thumb Code   246  stm32g4xx_hal_tim.o(i.HAL_TIM_ConfigClockSource)
    HAL_TIM_IC_CaptureCallback               0x08003375   Thumb Code     2  stm32g4xx_hal_tim.o(i.HAL_TIM_IC_CaptureCallback)
    HAL_TIM_IRQHandler                       0x08003377   Thumb Code   418  stm32g4xx_hal_tim.o(i.HAL_TIM_IRQHandler)
    HAL_TIM_MspPostInit                      0x08003519   Thumb Code   136  tim.o(i.HAL_TIM_MspPostInit)
    HAL_TIM_OC_DelayElapsedCallback          0x080035ad   Thumb Code     2  stm32g4xx_hal_tim.o(i.HAL_TIM_OC_DelayElapsedCallback)
    HAL_TIM_PWM_ConfigChannel                0x080035af   Thumb Code   292  stm32g4xx_hal_tim.o(i.HAL_TIM_PWM_ConfigChannel)
    HAL_TIM_PWM_Init                         0x080036d3   Thumb Code    98  stm32g4xx_hal_tim.o(i.HAL_TIM_PWM_Init)
    HAL_TIM_PWM_MspInit                      0x08003735   Thumb Code     2  stm32g4xx_hal_tim.o(i.HAL_TIM_PWM_MspInit)
    HAL_TIM_PWM_PulseFinishedCallback        0x08003737   Thumb Code     2  stm32g4xx_hal_tim.o(i.HAL_TIM_PWM_PulseFinishedCallback)
    HAL_TIM_PWM_Start                        0x08003739   Thumb Code   218  stm32g4xx_hal_tim.o(i.HAL_TIM_PWM_Start)
    HAL_TIM_PeriodElapsedCallback            0x08003835   Thumb Code    86  motor_system.o(i.HAL_TIM_PeriodElapsedCallback)
    HAL_TIM_TriggerCallback                  0x080038a5   Thumb Code     2  stm32g4xx_hal_tim.o(i.HAL_TIM_TriggerCallback)
    HAL_UARTEx_DisableFifoMode               0x080038a7   Thumb Code    62  stm32g4xx_hal_uart_ex.o(i.HAL_UARTEx_DisableFifoMode)
    HAL_UARTEx_RxEventCallback               0x080038e5   Thumb Code     2  stm32g4xx_hal_uart.o(i.HAL_UARTEx_RxEventCallback)
    HAL_UARTEx_RxFifoFullCallback            0x080038e7   Thumb Code     2  stm32g4xx_hal_uart_ex.o(i.HAL_UARTEx_RxFifoFullCallback)
    HAL_UARTEx_SetRxFifoThreshold            0x080038e9   Thumb Code    76  stm32g4xx_hal_uart_ex.o(i.HAL_UARTEx_SetRxFifoThreshold)
    HAL_UARTEx_SetTxFifoThreshold            0x08003935   Thumb Code    76  stm32g4xx_hal_uart_ex.o(i.HAL_UARTEx_SetTxFifoThreshold)
    HAL_UARTEx_TxFifoEmptyCallback           0x08003981   Thumb Code     2  stm32g4xx_hal_uart_ex.o(i.HAL_UARTEx_TxFifoEmptyCallback)
    HAL_UARTEx_WakeupCallback                0x08003983   Thumb Code     2  stm32g4xx_hal_uart_ex.o(i.HAL_UARTEx_WakeupCallback)
    HAL_UART_ErrorCallback                   0x08003985   Thumb Code     2  stm32g4xx_hal_uart.o(i.HAL_UART_ErrorCallback)
    HAL_UART_IRQHandler                      0x08003989   Thumb Code   782  stm32g4xx_hal_uart.o(i.HAL_UART_IRQHandler)
    HAL_UART_Init                            0x08003ca5   Thumb Code   106  stm32g4xx_hal_uart.o(i.HAL_UART_Init)
    HAL_UART_MspInit                         0x08003d11   Thumb Code   218  usart.o(i.HAL_UART_MspInit)
    HAL_UART_TxCpltCallback                  0x08003e01   Thumb Code     2  stm32g4xx_hal_uart.o(i.HAL_UART_TxCpltCallback)
    HardFault_Handler                        0x08003e03   Thumb Code     2  stm32g4xx_it.o(i.HardFault_Handler)
    I2C_Delay                                0x08003e05   Thumb Code    24  oled.o(i.I2C_Delay)
    Led_Toggle                               0x080041fd   Thumb Code     8  user_io.o(i.Led_Toggle)
    MX_ADC1_Init                             0x08004209   Thumb Code   186  adc.o(i.MX_ADC1_Init)
    MX_ADC2_Init                             0x080042d1   Thumb Code   114  adc.o(i.MX_ADC2_Init)
    MX_DMA_Init                              0x08004351   Thumb Code   120  dma.o(i.MX_DMA_Init)
    MX_GPIO_Init                             0x080043cd   Thumb Code   178  gpio.o(i.MX_GPIO_Init)
    MX_I2C1_Init                             0x08004489   Thumb Code    76  i2c.o(i.MX_I2C1_Init)
    MX_TIM1_Init                             0x080044e1   Thumb Code   270  tim.o(i.MX_TIM1_Init)
    MX_TIM2_Init                             0x080045f9   Thumb Code    98  tim.o(i.MX_TIM2_Init)
    MX_USART2_UART_Init                      0x08004661   Thumb Code    94  usart.o(i.MX_USART2_UART_Init)
    MemManage_Handler                        0x080046c9   Thumb Code     2  stm32g4xx_it.o(i.MemManage_Handler)
    Motor_CurrentLoop_Clarke                 0x080046cd   Thumb Code    30  motor_current_loop.o(i.Motor_CurrentLoop_Clarke)
    Motor_CurrentLoop_GetLastSample          0x080046f1   Thumb Code    14  motor_current_loop.o(i.Motor_CurrentLoop_GetLastSample)
    Motor_CurrentLoop_Init                   0x08004705   Thumb Code   132  motor_current_loop.o(i.Motor_CurrentLoop_Init)
    Motor_CurrentLoop_InvPark                0x080047a5   Thumb Code    26  motor_current_loop.o(i.Motor_CurrentLoop_InvPark)
    Motor_CurrentLoop_Park                   0x080047bf   Thumb Code    22  motor_current_loop.o(i.Motor_CurrentLoop_Park)
    Motor_CurrentLoop_Run                    0x0800480d   Thumb Code   146  motor_current_loop.o(i.Motor_CurrentLoop_Run)
    Motor_OpenLoop_Drive                     0x080048a5   Thumb Code   162  motor_system.o(i.Motor_OpenLoop_Drive)
    Motor_ShowDebugInfo_OLED                 0x0800495d   Thumb Code   156  motor_system.o(i.Motor_ShowDebugInfo_OLED)
    Motor_System_Task                        0x08004a19   Thumb Code    12  motor_system.o(i.Motor_System_Task)
    NMI_Handler                              0x08004a2d   Thumb Code     2  stm32g4xx_it.o(i.NMI_Handler)
    OLED_Clear                               0x08004a2f   Thumb Code    38  oled.o(i.OLED_Clear)
    OLED_I2C_Init                            0x08004a55   Thumb Code    24  oled.o(i.OLED_I2C_Init)
    OLED_I2C_SendByte                        0x08004a6d   Thumb Code    58  oled.o(i.OLED_I2C_SendByte)
    OLED_I2C_Start                           0x08004aa7   Thumb Code    30  oled.o(i.OLED_I2C_Start)
    OLED_I2C_Stop                            0x08004ac5   Thumb Code    24  oled.o(i.OLED_I2C_Stop)
    OLED_Init                                0x08004add   Thumb Code   158  oled.o(i.OLED_Init)
    OLED_Pow                                 0x08004b7b   Thumb Code    14  oled.o(i.OLED_Pow)
    OLED_SetCursor                           0x08004b89   Thumb Code    34  oled.o(i.OLED_SetCursor)
    OLED_ShowChar                            0x08004bad   Thumb Code    98  oled.o(i.OLED_ShowChar)
    OLED_ShowNum                             0x08004c15   Thumb Code    66  oled.o(i.OLED_ShowNum)
    OLED_ShowSignedNum                       0x08004c57   Thumb Code    88  oled.o(i.OLED_ShowSignedNum)
    OLED_ShowString                          0x08004caf   Thumb Code    38  oled.o(i.OLED_ShowString)
    OLED_W_SCL                               0x08004cd5   Thumb Code    22  oled.o(i.OLED_W_SCL)
    OLED_W_SDA                               0x08004cf1   Thumb Code    22  oled.o(i.OLED_W_SDA)
    OLED_WriteCommand                        0x08004d0d   Thumb Code    34  oled.o(i.OLED_WriteCommand)
    OLED_WriteData                           0x08004d2f   Thumb Code    34  oled.o(i.OLED_WriteData)
    PID_Calculate                            0x08004d51   Thumb Code   144  pid.o(i.PID_Calculate)
    PID_Init                                 0x08004de1   Thumb Code    42  pid.o(i.PID_Init)
    PendSV_Handler                           0x08004e11   Thumb Code     2  stm32g4xx_it.o(i.PendSV_Handler)
    SVC_Handler                              0x08004e13   Thumb Code     2  stm32g4xx_it.o(i.SVC_Handler)
    SysTick_Handler                          0x08004e15   Thumb Code     4  stm32g4xx_it.o(i.SysTick_Handler)
    SystemClock_Config                       0x08004e19   Thumb Code   104  main.o(i.SystemClock_Config)
    SystemInit                               0x08004e81   Thumb Code    12  system_stm32g4xx.o(i.SystemInit)
    TIM2_IRQHandler                          0x08004e91   Thumb Code     6  stm32g4xx_it.o(i.TIM2_IRQHandler)
    TIM_Base_SetConfig                       0x08004e9d   Thumb Code   154  stm32g4xx_hal_tim.o(i.TIM_Base_SetConfig)
    TIM_CCxChannelCmd                        0x08004f55   Thumb Code    26  stm32g4xx_hal_tim.o(i.TIM_CCxChannelCmd)
    TIM_ETR_SetConfig                        0x08004f89   Thumb Code    20  stm32g4xx_hal_tim.o(i.TIM_ETR_SetConfig)
    TIM_OC2_SetConfig                        0x08005055   Thumb Code   124  stm32g4xx_hal_tim.o(i.TIM_OC2_SetConfig)
    UART_AdvFeatureConfig                    0x080053d1   Thumb Code   200  stm32g4xx_hal_uart.o(i.UART_AdvFeatureConfig)
    UART_CheckIdleState                      0x08005499   Thumb Code   172  stm32g4xx_hal_uart.o(i.UART_CheckIdleState)
    UART_SetConfig                           0x080055a5   Thumb Code   582  stm32g4xx_hal_uart.o(i.UART_SetConfig)
    UART_WaitOnFlagUntilTimeout              0x08005819   Thumb Code   148  stm32g4xx_hal_uart.o(i.UART_WaitOnFlagUntilTimeout)
    USART2_IRQHandler                        0x080058ad   Thumb Code     6  stm32g4xx_it.o(i.USART2_IRQHandler)
    UsageFault_Handler                       0x080058b9   Thumb Code     2  stm32g4xx_it.o(i.UsageFault_Handler)
    __ARM_fpclassifyf                        0x080058bb   Thumb Code    38  fpclassifyf.o(i.__ARM_fpclassifyf)
    __hardfp_sinf                            0x08005901   Thumb Code   344  sinf.o(i.__hardfp_sinf)
    __mathlib_flt_infnan                     0x08005a91   Thumb Code     6  funder.o(i.__mathlib_flt_infnan)
    __mathlib_flt_invalid                    0x08005a99   Thumb Code    10  funder.o(i.__mathlib_flt_invalid)
    __mathlib_flt_underflow                  0x08005aa9   Thumb Code    10  funder.o(i.__mathlib_flt_underflow)
    __mathlib_rredf2                         0x08005ab9   Thumb Code   316  rredf.o(i.__mathlib_rredf2)
    hardware_init                            0x08005c0d   Thumb Code   152  hardware_init.o(i.hardware_init)
    main                                     0x08005cb9   Thumb Code    50  main.o(i.main)
    _fp_init                                 0x08005ceb   Thumb Code    10  fpinit.o(x$fpl$fpinit)
    __fplib_config_fpu_vfp                   0x08005cf3   Thumb Code     0  fpinit.o(x$fpl$fpinit)
    __fplib_config_pureend_doubles           0x08005cf3   Thumb Code     0  fpinit.o(x$fpl$fpinit)
    UARTPrescTable                           0x08005cf4   Data          24  stm32g4xx_hal_uart.o(.constdata)
    __I$use$fp                               0x08005cf4   Number         0  usenofp.o(x$fpl$usenofp)
    AHBPrescTable                            0x08005d1c   Data          16  system_stm32g4xx.o(.constdata)
    APBPrescTable                            0x08005d2c   Data           8  system_stm32g4xx.o(.constdata)
    OLED_F8x16                               0x08005d34   Data        1520  oled.o(.constdata)
    Region$$Table$$Base                      0x08006344   Number         0  anon$$obj.o(Region$$Table)
    Region$$Table$$Limit                     0x08006364   Number         0  anon$$obj.o(Region$$Table)
    uwTickPrio                               0x20000004   Data           4  stm32g4xx_hal.o(.data)
    uwTickFreq                               0x20000008   Data           4  stm32g4xx_hal.o(.data)
    uwTick                                   0x2000000c   Data           4  stm32g4xx_hal.o(.data)
    SystemCoreClock                          0x20000010   Data           4  system_stm32g4xx.o(.data)
    g_motor_publicdata                       0x20000014   Data           2  motor_publicdata.o(.data)
    g_motor_system                           0x20000020   Data           6  motor_system.o(.data)
    hadc1                                    0x20000028   Data         108  adc.o(.bss)
    hadc2                                    0x20000094   Data         108  adc.o(.bss)
    hdma_adc2                                0x20000100   Data          96  adc.o(.bss)
    hi2c1                                    0x20000160   Data          84  i2c.o(.bss)
    hdma_i2c1_rx                             0x200001b4   Data          96  i2c.o(.bss)
    hdma_i2c1_tx                             0x20000214   Data          96  i2c.o(.bss)
    htim1                                    0x20000274   Data          76  tim.o(.bss)
    htim2                                    0x200002c0   Data          76  tim.o(.bss)
    huart2                                   0x2000030c   Data         148  usart.o(.bss)
    hdma_usart2_rx                           0x200003a0   Data          96  usart.o(.bss)
    hdma_usart2_tx                           0x20000400   Data          96  usart.o(.bss)
    g_foc_state                              0x20000460   Data         144  motor_current_loop.o(.bss)
    __libspace_start                         0x200004f0   Data          96  libspace.o(.bss)
    __temporary_stack_top$libspace           0x20000550   Data           0  libspace.o(.bss)



==============================================================================

Memory Map of the image

  Image Entry point : 0x080001d9

  Load Region LR_IROM1 (Base: 0x08000000, Size: 0x0000638c, Max: 0x00020000, ABSOLUTE)

    Execution Region ER_IROM1 (Exec base: 0x08000000, Load base: 0x08000000, Size: 0x00006364, Max: 0x00020000, ABSOLUTE)

    Exec Addr    Load Addr    Size         Type   Attr      Idx    E Section Name        Object

    0x08000000   0x08000000   0x000001d8   Data   RO            3    RESET               startup_stm32g431xx.o
    0x080001d8   0x080001d8   0x00000008   Code   RO         5269  * !!!main             c_w.l(__main.o)
    0x080001e0   0x080001e0   0x00000034   Code   RO         5477    !!!scatter          c_w.l(__scatter.o)
    0x08000214   0x08000214   0x0000001a   Code   RO         5479    !!handler_copy      c_w.l(__scatter_copy.o)
    0x0800022e   0x0800022e   0x00000002   PAD
    0x08000230   0x08000230   0x0000001c   Code   RO         5481    !!handler_zi        c_w.l(__scatter_zi.o)
    0x0800024c   0x0800024c   0x00000002   Code   RO         5348    .ARM.Collect$$libinit$$00000000  c_w.l(libinit.o)
    0x0800024e   0x0800024e   0x00000004   Code   RO         5357    .ARM.Collect$$libinit$$00000001  c_w.l(libinit2.o)
    0x08000252   0x08000252   0x00000000   Code   RO         5360    .ARM.Collect$$libinit$$00000004  c_w.l(libinit2.o)
    0x08000252   0x08000252   0x00000000   Code   RO         5363    .ARM.Collect$$libinit$$0000000A  c_w.l(libinit2.o)
    0x08000252   0x08000252   0x00000000   Code   RO         5365    .ARM.Collect$$libinit$$0000000C  c_w.l(libinit2.o)
    0x08000252   0x08000252   0x00000000   Code   RO         5367    .ARM.Collect$$libinit$$0000000E  c_w.l(libinit2.o)
    0x08000252   0x08000252   0x00000000   Code   RO         5370    .ARM.Collect$$libinit$$00000011  c_w.l(libinit2.o)
    0x08000252   0x08000252   0x00000000   Code   RO         5372    .ARM.Collect$$libinit$$00000013  c_w.l(libinit2.o)
    0x08000252   0x08000252   0x00000000   Code   RO         5374    .ARM.Collect$$libinit$$00000015  c_w.l(libinit2.o)
    0x08000252   0x08000252   0x00000000   Code   RO         5376    .ARM.Collect$$libinit$$00000017  c_w.l(libinit2.o)
    0x08000252   0x08000252   0x00000000   Code   RO         5378    .ARM.Collect$$libinit$$00000019  c_w.l(libinit2.o)
    0x08000252   0x08000252   0x00000000   Code   RO         5380    .ARM.Collect$$libinit$$0000001B  c_w.l(libinit2.o)
    0x08000252   0x08000252   0x00000000   Code   RO         5382    .ARM.Collect$$libinit$$0000001D  c_w.l(libinit2.o)
    0x08000252   0x08000252   0x00000000   Code   RO         5384    .ARM.Collect$$libinit$$0000001F  c_w.l(libinit2.o)
    0x08000252   0x08000252   0x00000000   Code   RO         5386    .ARM.Collect$$libinit$$00000021  c_w.l(libinit2.o)
    0x08000252   0x08000252   0x00000000   Code   RO         5388    .ARM.Collect$$libinit$$00000023  c_w.l(libinit2.o)
    0x08000252   0x08000252   0x00000000   Code   RO         5390    .ARM.Collect$$libinit$$00000025  c_w.l(libinit2.o)
    0x08000252   0x08000252   0x00000000   Code   RO         5394    .ARM.Collect$$libinit$$0000002C  c_w.l(libinit2.o)
    0x08000252   0x08000252   0x00000000   Code   RO         5396    .ARM.Collect$$libinit$$0000002E  c_w.l(libinit2.o)
    0x08000252   0x08000252   0x00000000   Code   RO         5398    .ARM.Collect$$libinit$$00000030  c_w.l(libinit2.o)
    0x08000252   0x08000252   0x00000000   Code   RO         5400    .ARM.Collect$$libinit$$00000032  c_w.l(libinit2.o)
    0x08000252   0x08000252   0x00000002   Code   RO         5401    .ARM.Collect$$libinit$$00000033  c_w.l(libinit2.o)
    0x08000254   0x08000254   0x00000002   Code   RO         5432    .ARM.Collect$$libshutdown$$00000000  c_w.l(libshutdown.o)
    0x08000256   0x08000256   0x00000000   Code   RO         5458    .ARM.Collect$$libshutdown$$00000002  c_w.l(libshutdown2.o)
    0x08000256   0x08000256   0x00000000   Code   RO         5460    .ARM.Collect$$libshutdown$$00000004  c_w.l(libshutdown2.o)
    0x08000256   0x08000256   0x00000000   Code   RO         5462    .ARM.Collect$$libshutdown$$00000006  c_w.l(libshutdown2.o)
    0x08000256   0x08000256   0x00000000   Code   RO         5465    .ARM.Collect$$libshutdown$$00000009  c_w.l(libshutdown2.o)
    0x08000256   0x08000256   0x00000000   Code   RO         5468    .ARM.Collect$$libshutdown$$0000000C  c_w.l(libshutdown2.o)
    0x08000256   0x08000256   0x00000000   Code   RO         5470    .ARM.Collect$$libshutdown$$0000000E  c_w.l(libshutdown2.o)
    0x08000256   0x08000256   0x00000000   Code   RO         5473    .ARM.Collect$$libshutdown$$00000011  c_w.l(libshutdown2.o)
    0x08000256   0x08000256   0x00000002   Code   RO         5474    .ARM.Collect$$libshutdown$$00000012  c_w.l(libshutdown2.o)
    0x08000258   0x08000258   0x00000000   Code   RO         5283    .ARM.Collect$$rtentry$$00000000  c_w.l(__rtentry.o)
    0x08000258   0x08000258   0x00000000   Code   RO         5311    .ARM.Collect$$rtentry$$00000002  c_w.l(__rtentry2.o)
    0x08000258   0x08000258   0x00000006   Code   RO         5323    .ARM.Collect$$rtentry$$00000004  c_w.l(__rtentry4.o)
    0x0800025e   0x0800025e   0x00000000   Code   RO         5313    .ARM.Collect$$rtentry$$00000009  c_w.l(__rtentry2.o)
    0x0800025e   0x0800025e   0x00000004   Code   RO         5314    .ARM.Collect$$rtentry$$0000000A  c_w.l(__rtentry2.o)
    0x08000262   0x08000262   0x00000000   Code   RO         5316    .ARM.Collect$$rtentry$$0000000C  c_w.l(__rtentry2.o)
    0x08000262   0x08000262   0x00000008   Code   RO         5317    .ARM.Collect$$rtentry$$0000000D  c_w.l(__rtentry2.o)
    0x0800026a   0x0800026a   0x00000002   Code   RO         5349    .ARM.Collect$$rtexit$$00000000  c_w.l(rtexit.o)
    0x0800026c   0x0800026c   0x00000000   Code   RO         5405    .ARM.Collect$$rtexit$$00000002  c_w.l(rtexit2.o)
    0x0800026c   0x0800026c   0x00000004   Code   RO         5406    .ARM.Collect$$rtexit$$00000003  c_w.l(rtexit2.o)
    0x08000270   0x08000270   0x00000006   Code   RO         5407    .ARM.Collect$$rtexit$$00000004  c_w.l(rtexit2.o)
    0x08000276   0x08000276   0x00000002   PAD
    0x08000278   0x08000278   0x00000040   Code   RO            4    .text               startup_stm32g431xx.o
    0x080002b8   0x080002b8   0x000000ee   Code   RO         5261    .text               c_w.l(lludivv7m.o)
    0x080003a6   0x080003a6   0x0000004e   Code   RO         5265    .text               c_w.l(rt_memclr_w.o)
    0x080003f4   0x080003f4   0x00000006   Code   RO         5267    .text               c_w.l(heapauxi.o)
    0x080003fa   0x080003fa   0x00000016   Code   RO         5288    .text               c_w.l(_rserrno.o)
    0x08000410   0x08000410   0x00000008   Code   RO         5330    .text               c_w.l(rt_errno_addr_intlibspace.o)
    0x08000418   0x08000418   0x00000008   Code   RO         5332    .text               c_w.l(libspace.o)
    0x08000420   0x08000420   0x0000004a   Code   RO         5335    .text               c_w.l(sys_stackheap_outer.o)
    0x0800046a   0x0800046a   0x00000012   Code   RO         5337    .text               c_w.l(exit.o)
    0x0800047c   0x0800047c   0x0000000c   Code   RO         5402    .text               c_w.l(sys_exit.o)
    0x08000488   0x08000488   0x00000002   Code   RO         5421    .text               c_w.l(use_no_semi.o)
    0x0800048a   0x0800048a   0x00000000   Code   RO         5423    .text               c_w.l(indicate_semi.o)
    0x0800048a   0x0800048a   0x00000002   PAD
    0x0800048c   0x0800048c   0x0000001c   Code   RO          430    i.ADC1_2_IRQHandler  stm32g4xx_it.o
    0x080004a8   0x080004a8   0x00000070   Code   RO          582    i.ADC_Disable       stm32g4xx_hal_adc.o
    0x08000518   0x08000518   0x000000ac   Code   RO          583    i.ADC_Enable        stm32g4xx_hal_adc.o
    0x080005c4   0x080005c4   0x00000060   Code   RO         4777    i.AS5600_ReadRawAngle  as5600.o
    0x08000624   0x08000624   0x00000002   Code   RO          431    i.BusFault_Handler  stm32g4xx_it.o
    0x08000626   0x08000626   0x00000002   PAD
    0x08000628   0x08000628   0x0000000c   Code   RO          432    i.DMA1_Channel1_IRQHandler  stm32g4xx_it.o
    0x08000634   0x08000634   0x0000000c   Code   RO          433    i.DMA1_Channel2_IRQHandler  stm32g4xx_it.o
    0x08000640   0x08000640   0x0000000c   Code   RO          434    i.DMA1_Channel3_IRQHandler  stm32g4xx_it.o
    0x0800064c   0x0800064c   0x0000000c   Code   RO          435    i.DMA1_Channel4_IRQHandler  stm32g4xx_it.o
    0x08000658   0x08000658   0x0000000c   Code   RO          436    i.DMA1_Channel5_IRQHandler  stm32g4xx_it.o
    0x08000664   0x08000664   0x00000048   Code   RO         1876    i.DMA_CalcDMAMUXChannelBaseAndMask  stm32g4xx_hal_dma.o
    0x080006ac   0x080006ac   0x00000028   Code   RO         1877    i.DMA_CalcDMAMUXRequestGenBaseAndMask  stm32g4xx_hal_dma.o
    0x080006d4   0x080006d4   0x0000003e   Code   RO         1878    i.DMA_SetConfig     stm32g4xx_hal_dma.o
    0x08000712   0x08000712   0x00000002   Code   RO          437    i.DebugMon_Handler  stm32g4xx_it.o
    0x08000714   0x08000714   0x00000004   Code   RO           13    i.Error_Handler     main.o
    0x08000718   0x08000718   0x00000094   Code   RO          816    i.HAL_ADCEx_Calibration_Start  stm32g4xx_hal_adc_ex.o
    0x080007ac   0x080007ac   0x00000002   Code   RO          820    i.HAL_ADCEx_EndOfSamplingCallback  stm32g4xx_hal_adc_ex.o
    0x080007ae   0x080007ae   0x00000002   PAD
    0x080007b0   0x080007b0   0x00000518   Code   RO          822    i.HAL_ADCEx_InjectedConfigChannel  stm32g4xx_hal_adc_ex.o
    0x08000cc8   0x08000cc8   0x00000030   Code   RO         4842    i.HAL_ADCEx_InjectedConvCpltCallback  motor_current_loop.o
    0x08000cf8   0x08000cf8   0x0000002e   Code   RO          824    i.HAL_ADCEx_InjectedGetValue  stm32g4xx_hal_adc_ex.o
    0x08000d26   0x08000d26   0x00000002   Code   RO          826    i.HAL_ADCEx_InjectedQueueOverflowCallback  stm32g4xx_hal_adc_ex.o
    0x08000d28   0x08000d28   0x00000128   Code   RO          828    i.HAL_ADCEx_InjectedStart_IT  stm32g4xx_hal_adc_ex.o
    0x08000e50   0x08000e50   0x00000002   Code   RO          831    i.HAL_ADCEx_LevelOutOfWindow2Callback  stm32g4xx_hal_adc_ex.o
    0x08000e52   0x08000e52   0x00000002   Code   RO          832    i.HAL_ADCEx_LevelOutOfWindow3Callback  stm32g4xx_hal_adc_ex.o
    0x08000e54   0x08000e54   0x000000d8   Code   RO          833    i.HAL_ADCEx_MultiModeConfigChannel  stm32g4xx_hal_adc_ex.o
    0x08000f2c   0x08000f2c   0x00000424   Code   RO          585    i.HAL_ADC_ConfigChannel  stm32g4xx_hal_adc.o
    0x08001350   0x08001350   0x00000002   Code   RO          586    i.HAL_ADC_ConvCpltCallback  stm32g4xx_hal_adc.o
    0x08001352   0x08001352   0x00000002   Code   RO          589    i.HAL_ADC_ErrorCallback  stm32g4xx_hal_adc.o
    0x08001354   0x08001354   0x0000026c   Code   RO          593    i.HAL_ADC_IRQHandler  stm32g4xx_hal_adc.o
    0x080015c0   0x080015c0   0x000001f4   Code   RO          594    i.HAL_ADC_Init      stm32g4xx_hal_adc.o
    0x080017b4   0x080017b4   0x00000002   Code   RO          595    i.HAL_ADC_LevelOutOfWindowCallback  stm32g4xx_hal_adc.o
    0x080017b6   0x080017b6   0x00000002   PAD
    0x080017b8   0x080017b8   0x00000150   Code   RO          220    i.HAL_ADC_MspInit   adc.o
    0x08001908   0x08001908   0x000000f4   Code   RO          600    i.HAL_ADC_Start     stm32g4xx_hal_adc.o
    0x080019fc   0x080019fc   0x00000070   Code   RO         1879    i.HAL_DMA_Abort     stm32g4xx_hal_dma.o
    0x08001a6c   0x08001a6c   0x00000078   Code   RO         1880    i.HAL_DMA_Abort_IT  stm32g4xx_hal_dma.o
    0x08001ae4   0x08001ae4   0x000000ba   Code   RO         1884    i.HAL_DMA_IRQHandler  stm32g4xx_hal_dma.o
    0x08001b9e   0x08001b9e   0x00000002   PAD
    0x08001ba0   0x08001ba0   0x000000c4   Code   RO         1885    i.HAL_DMA_Init      stm32g4xx_hal_dma.o
    0x08001c64   0x08001c64   0x00000050   Code   RO         1888    i.HAL_DMA_Start     stm32g4xx_hal_dma.o
    0x08001cb4   0x08001cb4   0x00000024   Code   RO         1032    i.HAL_Delay         stm32g4xx_hal.o
    0x08001cd8   0x08001cd8   0x00000234   Code   RO         1741    i.HAL_GPIO_Init     stm32g4xx_hal_gpio.o
    0x08001f0c   0x08001f0c   0x00000010   Code   RO         1744    i.HAL_GPIO_TogglePin  stm32g4xx_hal_gpio.o
    0x08001f1c   0x08001f1c   0x0000000a   Code   RO         1745    i.HAL_GPIO_WritePin  stm32g4xx_hal_gpio.o
    0x08001f26   0x08001f26   0x00000002   PAD
    0x08001f28   0x08001f28   0x0000000c   Code   RO         1036    i.HAL_GetTick       stm32g4xx_hal.o
    0x08001f34   0x08001f34   0x00000056   Code   RO         3002    i.HAL_I2CEx_ConfigAnalogFilter  stm32g4xx_hal_i2c_ex.o
    0x08001f8a   0x08001f8a   0x00000052   Code   RO         3003    i.HAL_I2CEx_ConfigDigitalFilter  stm32g4xx_hal_i2c_ex.o
    0x08001fdc   0x08001fdc   0x000000bc   Code   RO         2541    i.HAL_I2C_Init      stm32g4xx_hal_i2c.o
    0x08002098   0x08002098   0x00000124   Code   RO         2547    i.HAL_I2C_Master_Receive  stm32g4xx_hal_i2c.o
    0x080021bc   0x080021bc   0x0000014c   Code   RO         2554    i.HAL_I2C_Master_Transmit  stm32g4xx_hal_i2c.o
    0x08002308   0x08002308   0x0000010c   Code   RO          293    i.HAL_I2C_MspInit   i2c.o
    0x08002414   0x08002414   0x00000010   Code   RO         1042    i.HAL_IncTick       stm32g4xx_hal.o
    0x08002424   0x08002424   0x0000001e   Code   RO         1043    i.HAL_Init          stm32g4xx_hal.o
    0x08002442   0x08002442   0x00000002   PAD
    0x08002444   0x08002444   0x00000044   Code   RO         1044    i.HAL_InitTick      stm32g4xx_hal.o
    0x08002488   0x08002488   0x00000030   Code   RO          554    i.HAL_MspInit       stm32g4xx_hal_msp.o
    0x080024b8   0x080024b8   0x0000001a   Code   RO         2390    i.HAL_NVIC_EnableIRQ  stm32g4xx_hal_cortex.o
    0x080024d2   0x080024d2   0x00000002   PAD
    0x080024d4   0x080024d4   0x00000040   Code   RO         2396    i.HAL_NVIC_SetPriority  stm32g4xx_hal_cortex.o
    0x08002514   0x08002514   0x00000024   Code   RO         2397    i.HAL_NVIC_SetPriorityGrouping  stm32g4xx_hal_cortex.o
    0x08002538   0x08002538   0x000000bc   Code   RO         2144    i.HAL_PWREx_ControlVoltageScaling  stm32g4xx_hal_pwr_ex.o
    0x080025f4   0x080025f4   0x00000010   Code   RO         2156    i.HAL_PWREx_DisableUCPDDeadBattery  stm32g4xx_hal_pwr_ex.o
    0x08002604   0x08002604   0x00000288   Code   RO         1403    i.HAL_RCCEx_PeriphCLKConfig  stm32g4xx_hal_rcc_ex.o
    0x0800288c   0x0800288c   0x000001dc   Code   RO         1278    i.HAL_RCC_ClockConfig  stm32g4xx_hal_rcc.o
    0x08002a68   0x08002a68   0x00000024   Code   RO         1286    i.HAL_RCC_GetPCLK1Freq  stm32g4xx_hal_rcc.o
    0x08002a8c   0x08002a8c   0x00000024   Code   RO         1287    i.HAL_RCC_GetPCLK2Freq  stm32g4xx_hal_rcc.o
    0x08002ab0   0x08002ab0   0x0000006c   Code   RO         1288    i.HAL_RCC_GetSysClockFreq  stm32g4xx_hal_rcc.o
    0x08002b1c   0x08002b1c   0x00000404   Code   RO         1291    i.HAL_RCC_OscConfig  stm32g4xx_hal_rcc.o
    0x08002f20   0x08002f20   0x00000028   Code   RO         2401    i.HAL_SYSTICK_Config  stm32g4xx_hal_cortex.o
    0x08002f48   0x08002f48   0x00000002   Code   RO         3772    i.HAL_TIMEx_Break2Callback  stm32g4xx_hal_tim_ex.o
    0x08002f4a   0x08002f4a   0x00000002   Code   RO         3773    i.HAL_TIMEx_BreakCallback  stm32g4xx_hal_tim_ex.o
    0x08002f4c   0x08002f4c   0x00000002   Code   RO         3774    i.HAL_TIMEx_CommutCallback  stm32g4xx_hal_tim_ex.o
    0x08002f4e   0x08002f4e   0x00000002   PAD
    0x08002f50   0x08002f50   0x0000009c   Code   RO         3777    i.HAL_TIMEx_ConfigBreakDeadTime  stm32g4xx_hal_tim_ex.o
    0x08002fec   0x08002fec   0x00000002   Code   RO         3785    i.HAL_TIMEx_DirectionChangeCallback  stm32g4xx_hal_tim_ex.o
    0x08002fee   0x08002fee   0x00000002   Code   RO         3799    i.HAL_TIMEx_EncoderIndexCallback  stm32g4xx_hal_tim_ex.o
    0x08002ff0   0x08002ff0   0x00000002   Code   RO         3813    i.HAL_TIMEx_IndexErrorCallback  stm32g4xx_hal_tim_ex.o
    0x08002ff2   0x08002ff2   0x00000002   PAD
    0x08002ff4   0x08002ff4   0x0000009c   Code   RO         3814    i.HAL_TIMEx_MasterConfigSynchronization  stm32g4xx_hal_tim_ex.o
    0x08003090   0x08003090   0x000000b8   Code   RO         3826    i.HAL_TIMEx_PWMN_Start  stm32g4xx_hal_tim_ex.o
    0x08003148   0x08003148   0x00000002   Code   RO         3835    i.HAL_TIMEx_TransitionErrorCallback  stm32g4xx_hal_tim_ex.o
    0x0800314a   0x0800314a   0x00000062   Code   RO         3058    i.HAL_TIM_Base_Init  stm32g4xx_hal_tim.o
    0x080031ac   0x080031ac   0x00000050   Code   RO          335    i.HAL_TIM_Base_MspInit  tim.o
    0x080031fc   0x080031fc   0x00000078   Code   RO         3063    i.HAL_TIM_Base_Start_IT  stm32g4xx_hal_tim.o
    0x08003274   0x08003274   0x00000100   Code   RO         3067    i.HAL_TIM_ConfigClockSource  stm32g4xx_hal_tim.o
    0x08003374   0x08003374   0x00000002   Code   RO         3092    i.HAL_TIM_IC_CaptureCallback  stm32g4xx_hal_tim.o
    0x08003376   0x08003376   0x000001a2   Code   RO         3106    i.HAL_TIM_IRQHandler  stm32g4xx_hal_tim.o
    0x08003518   0x08003518   0x00000094   Code   RO          336    i.HAL_TIM_MspPostInit  tim.o
    0x080035ac   0x080035ac   0x00000002   Code   RO         3109    i.HAL_TIM_OC_DelayElapsedCallback  stm32g4xx_hal_tim.o
    0x080035ae   0x080035ae   0x00000124   Code   RO         3130    i.HAL_TIM_PWM_ConfigChannel  stm32g4xx_hal_tim.o
    0x080036d2   0x080036d2   0x00000062   Code   RO         3133    i.HAL_TIM_PWM_Init  stm32g4xx_hal_tim.o
    0x08003734   0x08003734   0x00000002   Code   RO         3135    i.HAL_TIM_PWM_MspInit  stm32g4xx_hal_tim.o
    0x08003736   0x08003736   0x00000002   Code   RO         3136    i.HAL_TIM_PWM_PulseFinishedCallback  stm32g4xx_hal_tim.o
    0x08003738   0x08003738   0x000000fc   Code   RO         3138    i.HAL_TIM_PWM_Start  stm32g4xx_hal_tim.o
    0x08003834   0x08003834   0x00000070   Code   RO         4995    i.HAL_TIM_PeriodElapsedCallback  motor_system.o
    0x080038a4   0x080038a4   0x00000002   Code   RO         3149    i.HAL_TIM_TriggerCallback  stm32g4xx_hal_tim.o
    0x080038a6   0x080038a6   0x0000003e   Code   RO         4621    i.HAL_UARTEx_DisableFifoMode  stm32g4xx_hal_uart_ex.o
    0x080038e4   0x080038e4   0x00000002   Code   RO         4210    i.HAL_UARTEx_RxEventCallback  stm32g4xx_hal_uart.o
    0x080038e6   0x080038e6   0x00000002   Code   RO         4629    i.HAL_UARTEx_RxFifoFullCallback  stm32g4xx_hal_uart_ex.o
    0x080038e8   0x080038e8   0x0000004c   Code   RO         4630    i.HAL_UARTEx_SetRxFifoThreshold  stm32g4xx_hal_uart_ex.o
    0x08003934   0x08003934   0x0000004c   Code   RO         4631    i.HAL_UARTEx_SetTxFifoThreshold  stm32g4xx_hal_uart_ex.o
    0x08003980   0x08003980   0x00000002   Code   RO         4633    i.HAL_UARTEx_TxFifoEmptyCallback  stm32g4xx_hal_uart_ex.o
    0x08003982   0x08003982   0x00000002   Code   RO         4634    i.HAL_UARTEx_WakeupCallback  stm32g4xx_hal_uart_ex.o
    0x08003984   0x08003984   0x00000002   Code   RO         4226    i.HAL_UART_ErrorCallback  stm32g4xx_hal_uart.o
    0x08003986   0x08003986   0x00000002   PAD
    0x08003988   0x08003988   0x0000031c   Code   RO         4229    i.HAL_UART_IRQHandler  stm32g4xx_hal_uart.o
    0x08003ca4   0x08003ca4   0x0000006a   Code   RO         4230    i.HAL_UART_Init     stm32g4xx_hal_uart.o
    0x08003d0e   0x08003d0e   0x00000002   PAD
    0x08003d10   0x08003d10   0x000000f0   Code   RO          389    i.HAL_UART_MspInit  usart.o
    0x08003e00   0x08003e00   0x00000002   Code   RO         4242    i.HAL_UART_TxCpltCallback  stm32g4xx_hal_uart.o
    0x08003e02   0x08003e02   0x00000002   Code   RO          438    i.HardFault_Handler  stm32g4xx_it.o
    0x08003e04   0x08003e04   0x00000020   Code   RO         5056    i.I2C_Delay         oled.o
    0x08003e24   0x08003e24   0x00000022   Code   RO         2588    i.I2C_Flush_TXDR    stm32g4xx_hal_i2c.o
    0x08003e46   0x08003e46   0x00000002   PAD
    0x08003e48   0x08003e48   0x0000010c   Code   RO         2596    i.I2C_IsErrorOccurred  stm32g4xx_hal_i2c.o
    0x08003f54   0x08003f54   0x00000030   Code   RO         2605    i.I2C_TransferConfig  stm32g4xx_hal_i2c.o
    0x08003f84   0x08003f84   0x0000007a   Code   RO         2607    i.I2C_WaitOnFlagUntilTimeout  stm32g4xx_hal_i2c.o
    0x08003ffe   0x08003ffe   0x00000002   PAD
    0x08004000   0x08004000   0x000000a8   Code   RO         2608    i.I2C_WaitOnRXNEFlagUntilTimeout  stm32g4xx_hal_i2c.o
    0x080040a8   0x080040a8   0x00000056   Code   RO         2609    i.I2C_WaitOnSTOPFlagUntilTimeout  stm32g4xx_hal_i2c.o
    0x080040fe   0x080040fe   0x0000005a   Code   RO         2610    i.I2C_WaitOnTXISFlagUntilTimeout  stm32g4xx_hal_i2c.o
    0x08004158   0x08004158   0x0000000c   Code   RO          608    i.LL_ADC_GetOffsetChannel  stm32g4xx_hal_adc.o
    0x08004164   0x08004164   0x0000000c   Code   RO          841    i.LL_ADC_GetOffsetChannel  stm32g4xx_hal_adc_ex.o
    0x08004170   0x08004170   0x00000008   Code   RO          609    i.LL_ADC_INJ_IsConversionOngoing  stm32g4xx_hal_adc.o
    0x08004178   0x08004178   0x00000008   Code   RO          842    i.LL_ADC_INJ_IsConversionOngoing  stm32g4xx_hal_adc_ex.o
    0x08004180   0x08004180   0x00000008   Code   RO          610    i.LL_ADC_REG_IsConversionOngoing  stm32g4xx_hal_adc.o
    0x08004188   0x08004188   0x00000008   Code   RO          843    i.LL_ADC_REG_IsConversionOngoing  stm32g4xx_hal_adc_ex.o
    0x08004190   0x08004190   0x00000010   Code   RO          611    i.LL_ADC_REG_IsTriggerSourceSWStart  stm32g4xx_hal_adc.o
    0x080041a0   0x080041a0   0x0000001e   Code   RO          613    i.LL_ADC_SetChannelSamplingTime  stm32g4xx_hal_adc.o
    0x080041be   0x080041be   0x0000001e   Code   RO          844    i.LL_ADC_SetChannelSamplingTime  stm32g4xx_hal_adc_ex.o
    0x080041dc   0x080041dc   0x00000010   Code   RO          614    i.LL_ADC_SetOffsetState  stm32g4xx_hal_adc.o
    0x080041ec   0x080041ec   0x00000010   Code   RO          845    i.LL_ADC_SetOffsetState  stm32g4xx_hal_adc_ex.o
    0x080041fc   0x080041fc   0x0000000c   Code   RO         5211    i.Led_Toggle        user_io.o
    0x08004208   0x08004208   0x000000c8   Code   RO          221    i.MX_ADC1_Init      adc.o
    0x080042d0   0x080042d0   0x00000080   Code   RO          222    i.MX_ADC2_Init      adc.o
    0x08004350   0x08004350   0x0000007c   Code   RO          268    i.MX_DMA_Init       dma.o
    0x080043cc   0x080043cc   0x000000bc   Code   RO          195    i.MX_GPIO_Init      gpio.o
    0x08004488   0x08004488   0x00000058   Code   RO          294    i.MX_I2C1_Init      i2c.o
    0x080044e0   0x080044e0   0x00000118   Code   RO          337    i.MX_TIM1_Init      tim.o
    0x080045f8   0x080045f8   0x00000068   Code   RO          338    i.MX_TIM2_Init      tim.o
    0x08004660   0x08004660   0x00000068   Code   RO          390    i.MX_USART2_UART_Init  usart.o
    0x080046c8   0x080046c8   0x00000002   Code   RO          439    i.MemManage_Handler  stm32g4xx_it.o
    0x080046ca   0x080046ca   0x00000002   PAD
    0x080046cc   0x080046cc   0x00000024   Code   RO         4843    i.Motor_CurrentLoop_Clarke  motor_current_loop.o
    0x080046f0   0x080046f0   0x00000014   Code   RO         4844    i.Motor_CurrentLoop_GetLastSample  motor_current_loop.o
    0x08004704   0x08004704   0x000000a0   Code   RO         4846    i.Motor_CurrentLoop_Init  motor_current_loop.o
    0x080047a4   0x080047a4   0x0000001a   Code   RO         4847    i.Motor_CurrentLoop_InvPark  motor_current_loop.o
    0x080047be   0x080047be   0x00000016   Code   RO         4848    i.Motor_CurrentLoop_Park  motor_current_loop.o
    0x080047d4   0x080047d4   0x00000038   Code   RO         4849    i.Motor_CurrentLoop_RawToCurrent  motor_current_loop.o
    0x0800480c   0x0800480c   0x00000098   Code   RO         4850    i.Motor_CurrentLoop_Run  motor_current_loop.o
    0x080048a4   0x080048a4   0x000000b8   Code   RO         4996    i.Motor_OpenLoop_Drive  motor_system.o
    0x0800495c   0x0800495c   0x000000bc   Code   RO         4997    i.Motor_ShowDebugInfo_OLED  motor_system.o
    0x08004a18   0x08004a18   0x00000014   Code   RO         4999    i.Motor_System_Task  motor_system.o
    0x08004a2c   0x08004a2c   0x00000002   Code   RO          440    i.NMI_Handler       stm32g4xx_it.o
    0x08004a2e   0x08004a2e   0x00000026   Code   RO         5057    i.OLED_Clear        oled.o
    0x08004a54   0x08004a54   0x00000018   Code   RO         5058    i.OLED_I2C_Init     oled.o
    0x08004a6c   0x08004a6c   0x0000003a   Code   RO         5059    i.OLED_I2C_SendByte  oled.o
    0x08004aa6   0x08004aa6   0x0000001e   Code   RO         5060    i.OLED_I2C_Start    oled.o
    0x08004ac4   0x08004ac4   0x00000018   Code   RO         5061    i.OLED_I2C_Stop     oled.o
    0x08004adc   0x08004adc   0x0000009e   Code   RO         5062    i.OLED_Init         oled.o
    0x08004b7a   0x08004b7a   0x0000000e   Code   RO         5063    i.OLED_Pow          oled.o
    0x08004b88   0x08004b88   0x00000022   Code   RO         5064    i.OLED_SetCursor    oled.o
    0x08004baa   0x08004baa   0x00000002   PAD
    0x08004bac   0x08004bac   0x00000068   Code   RO         5066    i.OLED_ShowChar     oled.o
    0x08004c14   0x08004c14   0x00000042   Code   RO         5068    i.OLED_ShowNum      oled.o
    0x08004c56   0x08004c56   0x00000058   Code   RO         5069    i.OLED_ShowSignedNum  oled.o
    0x08004cae   0x08004cae   0x00000026   Code   RO         5070    i.OLED_ShowString   oled.o
    0x08004cd4   0x08004cd4   0x0000001c   Code   RO         5071    i.OLED_W_SCL        oled.o
    0x08004cf0   0x08004cf0   0x0000001c   Code   RO         5072    i.OLED_W_SDA        oled.o
    0x08004d0c   0x08004d0c   0x00000022   Code   RO         5073    i.OLED_WriteCommand  oled.o
    0x08004d2e   0x08004d2e   0x00000022   Code   RO         5074    i.OLED_WriteData    oled.o
    0x08004d50   0x08004d50   0x00000090   Code   RO         5181    i.PID_Calculate     pid.o
    0x08004de0   0x08004de0   0x00000030   Code   RO         5182    i.PID_Init          pid.o
    0x08004e10   0x08004e10   0x00000002   Code   RO          441    i.PendSV_Handler    stm32g4xx_it.o
    0x08004e12   0x08004e12   0x00000002   Code   RO          442    i.SVC_Handler       stm32g4xx_it.o
    0x08004e14   0x08004e14   0x00000004   Code   RO          443    i.SysTick_Handler   stm32g4xx_it.o
    0x08004e18   0x08004e18   0x00000068   Code   RO           14    i.SystemClock_Config  main.o
    0x08004e80   0x08004e80   0x00000010   Code   RO         4740    i.SystemInit        system_stm32g4xx.o
    0x08004e90   0x08004e90   0x0000000c   Code   RO          444    i.TIM2_IRQHandler   stm32g4xx_it.o
    0x08004e9c   0x08004e9c   0x000000b8   Code   RO         3151    i.TIM_Base_SetConfig  stm32g4xx_hal_tim.o
    0x08004f54   0x08004f54   0x0000001a   Code   RO         3152    i.TIM_CCxChannelCmd  stm32g4xx_hal_tim.o
    0x08004f6e   0x08004f6e   0x0000001a   Code   RO         3838    i.TIM_CCxNChannelCmd  stm32g4xx_hal_tim_ex.o
    0x08004f88   0x08004f88   0x00000014   Code   RO         3162    i.TIM_ETR_SetConfig  stm32g4xx_hal_tim.o
    0x08004f9c   0x08004f9c   0x00000014   Code   RO         3163    i.TIM_ITRx_SetConfig  stm32g4xx_hal_tim.o
    0x08004fb0   0x08004fb0   0x000000a4   Code   RO         3164    i.TIM_OC1_SetConfig  stm32g4xx_hal_tim.o
    0x08005054   0x08005054   0x00000094   Code   RO         3165    i.TIM_OC2_SetConfig  stm32g4xx_hal_tim.o
    0x080050e8   0x080050e8   0x00000094   Code   RO         3166    i.TIM_OC3_SetConfig  stm32g4xx_hal_tim.o
    0x0800517c   0x0800517c   0x00000094   Code   RO         3167    i.TIM_OC4_SetConfig  stm32g4xx_hal_tim.o
    0x08005210   0x08005210   0x00000070   Code   RO         3168    i.TIM_OC5_SetConfig  stm32g4xx_hal_tim.o
    0x08005280   0x08005280   0x00000070   Code   RO         3169    i.TIM_OC6_SetConfig  stm32g4xx_hal_tim.o
    0x080052f0   0x080052f0   0x0000005c   Code   RO         3171    i.TIM_TI1_ConfigInputStage  stm32g4xx_hal_tim.o
    0x0800534c   0x0800534c   0x00000040   Code   RO         3173    i.TIM_TI2_ConfigInputStage  stm32g4xx_hal_tim.o
    0x0800538c   0x0800538c   0x00000044   Code   RO         4635    i.UARTEx_SetNbDataToProcess  stm32g4xx_hal_uart_ex.o
    0x080053d0   0x080053d0   0x000000c8   Code   RO         4244    i.UART_AdvFeatureConfig  stm32g4xx_hal_uart.o
    0x08005498   0x08005498   0x000000ac   Code   RO         4245    i.UART_CheckIdleState  stm32g4xx_hal_uart.o
    0x08005544   0x08005544   0x0000000a   Code   RO         4246    i.UART_DMAAbortOnError  stm32g4xx_hal_uart.o
    0x0800554e   0x0800554e   0x00000002   PAD
    0x08005550   0x08005550   0x00000054   Code   RO         4256    i.UART_EndRxTransfer  stm32g4xx_hal_uart.o
    0x080055a4   0x080055a4   0x00000274   Code   RO         4262    i.UART_SetConfig    stm32g4xx_hal_uart.o
    0x08005818   0x08005818   0x00000094   Code   RO         4269    i.UART_WaitOnFlagUntilTimeout  stm32g4xx_hal_uart.o
    0x080058ac   0x080058ac   0x0000000c   Code   RO          445    i.USART2_IRQHandler  stm32g4xx_it.o
    0x080058b8   0x080058b8   0x00000002   Code   RO          446    i.UsageFault_Handler  stm32g4xx_it.o
    0x080058ba   0x080058ba   0x00000026   Code   RO         5291    i.__ARM_fpclassifyf  m_wm.l(fpclassifyf.o)
    0x080058e0   0x080058e0   0x00000020   Code   RO         2403    i.__NVIC_SetPriority  stm32g4xx_hal_cortex.o
    0x08005900   0x08005900   0x00000190   Code   RO         5271    i.__hardfp_sinf     m_wm.l(sinf.o)
    0x08005a90   0x08005a90   0x00000006   Code   RO         5294    i.__mathlib_flt_infnan  m_wm.l(funder.o)
    0x08005a96   0x08005a96   0x00000002   PAD
    0x08005a98   0x08005a98   0x00000010   Code   RO         5296    i.__mathlib_flt_invalid  m_wm.l(funder.o)
    0x08005aa8   0x08005aa8   0x00000010   Code   RO         5299    i.__mathlib_flt_underflow  m_wm.l(funder.o)
    0x08005ab8   0x08005ab8   0x00000154   Code   RO         5307    i.__mathlib_rredf2  m_wm.l(rredf.o)
    0x08005c0c   0x08005c0c   0x000000ac   Code   RO         4804    i.hardware_init     hardware_init.o
    0x08005cb8   0x08005cb8   0x00000032   Code   RO           15    i.main              main.o
    0x08005cea   0x08005cea   0x0000000a   Code   RO         5417    x$fpl$fpinit        fz_wm.l(fpinit.o)
    0x08005cf4   0x08005cf4   0x00000000   Code   RO         5290    x$fpl$usenofp       fz_wm.l(usenofp.o)
    0x08005cf4   0x08005cf4   0x00000018   Data   RO         4270    .constdata          stm32g4xx_hal_uart.o
    0x08005d0c   0x08005d0c   0x00000010   Data   RO         4636    .constdata          stm32g4xx_hal_uart_ex.o
    0x08005d1c   0x08005d1c   0x00000010   Data   RO         4741    .constdata          system_stm32g4xx.o
    0x08005d2c   0x08005d2c   0x00000008   Data   RO         4742    .constdata          system_stm32g4xx.o
    0x08005d34   0x08005d34   0x000005f0   Data   RO         5075    .constdata          oled.o
    0x08006324   0x08006324   0x00000020   Data   RO         5308    .constdata          m_wm.l(rredf.o)
    0x08006344   0x08006344   0x00000020   Data   RO         5475    Region$$Table       anon$$obj.o


    Execution Region RW_IRAM1 (Exec base: 0x20000000, Load base: 0x08006364, Size: 0x00000b50, Max: 0x00008000, ABSOLUTE)

    Exec Addr    Load Addr    Size         Type   Attr      Idx    E Section Name        Object

    0x20000000   0x08006364   0x00000004   Data   RW          224    .data               adc.o
    0x20000004   0x08006368   0x0000000c   Data   RW         1063    .data               stm32g4xx_hal.o
    0x20000010   0x08006374   0x00000004   Data   RW         4743    .data               system_stm32g4xx.o
    0x20000014   0x08006378   0x00000002   Data   RW         4980    .data               motor_publicdata.o
    0x20000016   0x0800637a   0x00000002   PAD
    0x20000018   0x0800637c   0x0000000e   Data   RW         5000    .data               motor_system.o
    0x20000026   0x0800638a   0x00000002   PAD
    0x20000028        -       0x00000138   Zero   RW          223    .bss                adc.o
    0x20000160        -       0x00000114   Zero   RW          295    .bss                i2c.o
    0x20000274        -       0x00000098   Zero   RW          339    .bss                tim.o
    0x2000030c        -       0x00000154   Zero   RW          391    .bss                usart.o
    0x20000460        -       0x00000090   Zero   RW         4856    .bss                motor_current_loop.o
    0x200004f0        -       0x00000060   Zero   RW         5333    .bss                c_w.l(libspace.o)
    0x20000550        -       0x00000200   Zero   RW            2    HEAP                startup_stm32g431xx.o
    0x20000750        -       0x00000400   Zero   RW            1    STACK               startup_stm32g431xx.o


==============================================================================

Image component sizes


      Code (inc. data)   RO Data    RW Data    ZI Data      Debug   Object Name

       664         58          0          4        312       2880   adc.o
        96          4          0          0          0        894   as5600.o
       124          4          0          0          0        850   dma.o
       188         10          0          0          0       1003   gpio.o
       172         20          0          0          0       2374   hardware_init.o
       356         34          0          0        276       1999   i2c.o
       158          0          0          0          0     688525   main.o
       520         56          0          0        144       7334   motor_current_loop.o
         0          0          0          2          0        613   motor_publicdata.o
       504         88          0         14          0       4039   motor_system.o
       832         26       1520          0          0      10672   oled.o
       192          6          0          0          0       1719   pid.o
        64         26        472          0       1536        848   startup_stm32g431xx.o
       162         24          0         12          0       4353   stm32g4xx_hal.o
      2804        134          0          0          0      80841   stm32g4xx_hal_adc.o
      2092         88          0          0          0      78985   stm32g4xx_hal_adc_ex.o
       198         14          0          0          0      33863   stm32g4xx_hal_cortex.o
       868         30          0          0          0       6627   stm32g4xx_hal_dma.o
       590         32          0          0          0       2973   stm32g4xx_hal_gpio.o
      1628         36          0          0          0      11666   stm32g4xx_hal_i2c.o
       168          0          0          0          0       1923   stm32g4xx_hal_i2c_ex.o
        48          6          0          0          0        874   stm32g4xx_hal_msp.o
       204         18          0          0          0       1413   stm32g4xx_hal_pwr_ex.o
      1684         88          0          0          0       6312   stm32g4xx_hal_rcc.o
       648         10          0          0          0       1908   stm32g4xx_hal_rcc_ex.o
      2782        288          0          0          0      18866   stm32g4xx_hal_tim.o
       536         58          0          0          0       7851   stm32g4xx_hal_tim_ex.o
      2150         86         24          0          0      29476   stm32g4xx_hal_uart.o
       288          6         16          0          0       5402   stm32g4xx_hal_uart_ex.o
       132         52          0          0          0       8091   stm32g4xx_it.o
        16          4         24          4          0       1139   system_stm32g4xx.o
       612         36          0          0        152       3329   tim.o
       344         32          0          0        340       1984   usart.o
        12          4          0          0          0        449   user_io.o

    ----------------------------------------------------------------------
     21868       1378       2088         40       2760    1032075   Object Totals
         0          0         32          0          0          0   (incl. Generated)
        32          0          0          4          0          0   (incl. Padding)

    ----------------------------------------------------------------------

      Code (inc. data)   RO Data    RW Data    ZI Data      Debug   Library Member Name

         8          0          0          0          0         68   __main.o
         0          0          0          0          0          0   __rtentry.o
        12          0          0          0          0          0   __rtentry2.o
         6          0          0          0          0          0   __rtentry4.o
        52          8          0          0          0          0   __scatter.o
        26          0          0          0          0          0   __scatter_copy.o
        28          0          0          0          0          0   __scatter_zi.o
        22          0          0          0          0        100   _rserrno.o
        18          0          0          0          0         80   exit.o
         6          0          0          0          0        152   heapauxi.o
         0          0          0          0          0          0   indicate_semi.o
         2          0          0          0          0          0   libinit.o
         6          0          0          0          0          0   libinit2.o
         2          0          0          0          0          0   libshutdown.o
         2          0          0          0          0          0   libshutdown2.o
         8          4          0          0         96         68   libspace.o
       238          0          0          0          0        100   lludivv7m.o
         8          4          0          0          0         68   rt_errno_addr_intlibspace.o
        78          0          0          0          0         80   rt_memclr_w.o
         2          0          0          0          0          0   rtexit.o
        10          0          0          0          0          0   rtexit2.o
        12          4          0          0          0         68   sys_exit.o
        74          0          0          0          0         80   sys_stackheap_outer.o
         2          0          0          0          0         68   use_no_semi.o
        10          0          0          0          0        116   fpinit.o
         0          0          0          0          0          0   usenofp.o
        38          0          0          0          0        116   fpclassifyf.o
        38         12          0          0          0        348   funder.o
       340         24         32          0          0        160   rredf.o
       400         56          0          0          0        212   sinf.o

    ----------------------------------------------------------------------
      1456        112         32          0         96       1884   Library Totals
         8          0          0          0          0          0   (incl. Padding)

    ----------------------------------------------------------------------

      Code (inc. data)   RO Data    RW Data    ZI Data      Debug   Library Name

       622         20          0          0         96        932   c_w.l
        10          0          0          0          0        116   fz_wm.l
       816         92         32          0          0        836   m_wm.l

    ----------------------------------------------------------------------
      1456        112         32          0         96       1884   Library Totals

    ----------------------------------------------------------------------

==============================================================================


      Code (inc. data)   RO Data    RW Data    ZI Data      Debug   

     23324       1490       2120         40       2856    1014695   Grand Totals
     23324       1490       2120         40       2856    1014695   ELF Image Totals
     23324       1490       2120         40          0          0   ROM Totals

==============================================================================

    Total RO  Size (Code + RO Data)                25444 (  24.85kB)
    Total RW  Size (RW Data + ZI Data)              2896 (   2.83kB)
    Total ROM Size (Code + RO Data + RW Data)      25484 (  24.89kB)

==============================================================================

