<html>
<body>
<pre>
<h1>µVision Build Log</h1>
<h2>Tool Versions:</h2>
IDE-Version: ¦ÌVision V5.39.0.0
Copyright (C) 2023 ARM Ltd and ARM Germany GmbH. All rights reserved.
License Information: a 2593469385@qq.com, a, LIC=21E4T-RYQRR-Y8KFK-ZW2BC-0VQYP-SD1ZJ
 
Tool Versions:
Toolchain:       MDK-ARM Plus  Version: 5.39.0.0
Toolchain Path:  F:\Keil5\ARM\armcc\Bin
C Compiler:      Armcc.exe V5.06 update 7 (build 960)
Assembler:       Armasm.exe V5.06 update 7 (build 960)
Linker/Locator:  ArmLink.exe V5.06 update 7 (build 960)
Library Manager: ArmAr.exe V5.06 update 7 (build 960)
Hex Converter:   FromElf.exe V5.06 update 7 (build 960)
CPU DLL:         SARMCM3.DLL V5.39.0.0
Dialog DLL:      DCM.DLL V1.17.5.0
Target DLL:      CMSIS_AGDI.dll V1.33.16.0
Dialog DLL:      TCM.DLL V1.56.4.0
 
<h2>Project:</h2>
C:\Users\25934\Desktop\g431_foc\g431_foc\MDK-ARM\g431_foc.uvprojx
Project File Date:  05/11/2026

<h2>Output:</h2>
*** Using Compiler 'V5.06 update 7 (build 960)', folder: 'F:\Keil5\ARM\armcc\Bin'
Build target 'g431_foc'
compiling motor_system.c...
compiling motor_current_loop.c...
..\user\src\motor_current_loop.c(45): warning:  #1035-D: single-precision operand implicitly converted to double-precision
      float mech_angle = (float)raw_mech_angle * 0.001534;//(6.2831853f / 4096.0f);
..\user\src\motor_current_loop.c: 1 warning, 0 errors
compiling motor_identify.c...
..\user\src\motor_identify.c(14): warning:  #177-D: variable "g_uvw_start_angle"  was declared but never referenced
  static uint16_t g_uvw_start_angle = 0;
..\user\src\motor_identify.c: 1 warning, 0 errors
compiling hardware_init.c...
..\user\src\hardware_init.c(102): warning:  #223-D: function "AS5600_RequestRead_DMA" declared implicitly
      AS5600_RequestRead_DMA();
..\user\src\hardware_init.c: 1 warning, 0 errors
linking...
Program Size: Code=39548 RO-data=2124 RW-data=84 ZI-data=3132  
FromELF: creating hex file...
"g431_foc\g431_foc.axf" - 0 Error(s), 3 Warning(s).

<h2>Software Packages used:</h2>

Package Vendor: ARM
                http://www.keil.com/pack/ARM.CMSIS.5.9.0.pack
                ARM::CMSIS@5.9.0
                CMSIS (Common Microcontroller Software Interface Standard)
   * Component: CORE Version: 5.6.0

Package Vendor: Keil
                https://www.keil.com/pack/Keil.STM32G4xx_DFP.1.5.0.pack
                Keil::STM32G4xx_DFP@1.5.0
                STMicroelectronics STM32G4 Series Device Support, Drivers and Examples

<h2>Collection of Component include folders:</h2>
  ./RTE/_g431_foc
  F:/Keil5/packs/ARM/CMSIS/5.9.0/CMSIS/Core/Include
  F:/Keil5/packs/Keil/STM32G4xx_DFP/1.5.0/Drivers/CMSIS/Device/ST/STM32G4xx/Include

<h2>Collection of Component Files used:</h2>

   * Component: ARM::CMSIS:CORE@5.6.0
      Include file:  CMSIS/Core/Include/tz_context.h
Build Time Elapsed:  00:00:06
</pre>
</body>
</html>
