Archive member included to satisfy reference by file (symbol)

c:/progra~2/armgnu~1/112202~1.02/bin/../lib/gcc/arm-none-eabi/11.2.1/thumb/v7e-m+fp/hard\libm.a(lib_a-sf_cos.o)
                              CMakeFiles/g431_foc.dir/user/src/motor_current_loop.c.obj (cosf)
c:/progra~2/armgnu~1/112202~1.02/bin/../lib/gcc/arm-none-eabi/11.2.1/thumb/v7e-m+fp/hard\libm.a(lib_a-sf_round.o)
                              CMakeFiles/g431_foc.dir/user/src/motor_identify.c.obj (roundf)
c:/progra~2/armgnu~1/112202~1.02/bin/../lib/gcc/arm-none-eabi/11.2.1/thumb/v7e-m+fp/hard\libm.a(lib_a-sf_sin.o)
                              CMakeFiles/g431_foc.dir/user/src/motor_current_loop.c.obj (sinf)
c:/progra~2/armgnu~1/112202~1.02/bin/../lib/gcc/arm-none-eabi/11.2.1/thumb/v7e-m+fp/hard\libm.a(lib_a-wf_fmod.o)
                              CMakeFiles/g431_foc.dir/user/src/motor_identify.c.obj (fmodf)
c:/progra~2/armgnu~1/112202~1.02/bin/../lib/gcc/arm-none-eabi/11.2.1/thumb/v7e-m+fp/hard\libm.a(lib_a-wf_sqrt.o)
                              CMakeFiles/g431_foc.dir/user/src/svpwm.c.obj (sqrtf)
c:/progra~2/armgnu~1/112202~1.02/bin/../lib/gcc/arm-none-eabi/11.2.1/thumb/v7e-m+fp/hard\libm.a(lib_a-ef_fmod.o)
                              c:/progra~2/armgnu~1/112202~1.02/bin/../lib/gcc/arm-none-eabi/11.2.1/thumb/v7e-m+fp/hard\libm.a(lib_a-wf_fmod.o) (__ieee754_fmodf)
c:/progra~2/armgnu~1/112202~1.02/bin/../lib/gcc/arm-none-eabi/11.2.1/thumb/v7e-m+fp/hard\libm.a(lib_a-ef_rem_pio2.o)
                              c:/progra~2/armgnu~1/112202~1.02/bin/../lib/gcc/arm-none-eabi/11.2.1/thumb/v7e-m+fp/hard\libm.a(lib_a-sf_cos.o) (__ieee754_rem_pio2f)
c:/progra~2/armgnu~1/112202~1.02/bin/../lib/gcc/arm-none-eabi/11.2.1/thumb/v7e-m+fp/hard\libm.a(lib_a-ef_sqrt.o)
                              c:/progra~2/armgnu~1/112202~1.02/bin/../lib/gcc/arm-none-eabi/11.2.1/thumb/v7e-m+fp/hard\libm.a(lib_a-wf_sqrt.o) (__ieee754_sqrtf)
c:/progra~2/armgnu~1/112202~1.02/bin/../lib/gcc/arm-none-eabi/11.2.1/thumb/v7e-m+fp/hard\libm.a(lib_a-kf_cos.o)
                              c:/progra~2/armgnu~1/112202~1.02/bin/../lib/gcc/arm-none-eabi/11.2.1/thumb/v7e-m+fp/hard\libm.a(lib_a-sf_cos.o) (__kernel_cosf)
c:/progra~2/armgnu~1/112202~1.02/bin/../lib/gcc/arm-none-eabi/11.2.1/thumb/v7e-m+fp/hard\libm.a(lib_a-kf_rem_pio2.o)
                              c:/progra~2/armgnu~1/112202~1.02/bin/../lib/gcc/arm-none-eabi/11.2.1/thumb/v7e-m+fp/hard\libm.a(lib_a-ef_rem_pio2.o) (__kernel_rem_pio2f)
c:/progra~2/armgnu~1/112202~1.02/bin/../lib/gcc/arm-none-eabi/11.2.1/thumb/v7e-m+fp/hard\libm.a(lib_a-kf_sin.o)
                              c:/progra~2/armgnu~1/112202~1.02/bin/../lib/gcc/arm-none-eabi/11.2.1/thumb/v7e-m+fp/hard\libm.a(lib_a-sf_cos.o) (__kernel_sinf)
c:/progra~2/armgnu~1/112202~1.02/bin/../lib/gcc/arm-none-eabi/11.2.1/thumb/v7e-m+fp/hard\libm.a(lib_a-sf_fabs.o)
                              c:/progra~2/armgnu~1/112202~1.02/bin/../lib/gcc/arm-none-eabi/11.2.1/thumb/v7e-m+fp/hard\libm.a(lib_a-ef_rem_pio2.o) (fabsf)
c:/progra~2/armgnu~1/112202~1.02/bin/../lib/gcc/arm-none-eabi/11.2.1/thumb/v7e-m+fp/hard\libm.a(lib_a-sf_floor.o)
                              c:/progra~2/armgnu~1/112202~1.02/bin/../lib/gcc/arm-none-eabi/11.2.1/thumb/v7e-m+fp/hard\libm.a(lib_a-kf_rem_pio2.o) (floorf)
c:/progra~2/armgnu~1/112202~1.02/bin/../lib/gcc/arm-none-eabi/11.2.1/thumb/v7e-m+fp/hard\libm.a(lib_a-sf_scalbn.o)
                              c:/progra~2/armgnu~1/112202~1.02/bin/../lib/gcc/arm-none-eabi/11.2.1/thumb/v7e-m+fp/hard\libm.a(lib_a-kf_rem_pio2.o) (scalbnf)
c:/progra~2/armgnu~1/112202~1.02/bin/../lib/gcc/arm-none-eabi/11.2.1/thumb/v7e-m+fp/hard\libgcc.a(_arm_muldf3.o)
                              CMakeFiles/g431_foc.dir/user/src/motor_current_loop.c.obj (__aeabi_dmul)
c:/progra~2/armgnu~1/112202~1.02/bin/../lib/gcc/arm-none-eabi/11.2.1/thumb/v7e-m+fp/hard\libgcc.a(_arm_addsubdf3.o)
                              CMakeFiles/g431_foc.dir/user/src/motor_current_loop.c.obj (__aeabi_f2d)
c:/progra~2/armgnu~1/112202~1.02/bin/../lib/gcc/arm-none-eabi/11.2.1/thumb/v7e-m+fp/hard\libgcc.a(_arm_truncdfsf2.o)
                              CMakeFiles/g431_foc.dir/user/src/motor_current_loop.c.obj (__aeabi_d2f)
c:/progra~2/armgnu~1/112202~1.02/bin/../lib/gcc/arm-none-eabi/11.2.1/thumb/v7e-m+fp/hard\libgcc.a(_aeabi_uldivmod.o)
                              cmake/stm32cubemx/CMakeFiles/STM32_Drivers.dir/__/__/Drivers/STM32G4xx_HAL_Driver/Src/stm32g4xx_hal_uart.c.obj (__aeabi_uldivmod)
c:/progra~2/armgnu~1/112202~1.02/bin/../lib/gcc/arm-none-eabi/11.2.1/thumb/v7e-m+fp/hard\libgcc.a(_udivmoddi4.o)
                              c:/progra~2/armgnu~1/112202~1.02/bin/../lib/gcc/arm-none-eabi/11.2.1/thumb/v7e-m+fp/hard\libgcc.a(_aeabi_uldivmod.o) (__udivmoddi4)
c:/progra~2/armgnu~1/112202~1.02/bin/../lib/gcc/arm-none-eabi/11.2.1/thumb/v7e-m+fp/hard\libgcc.a(_dvmd_tls.o)
[...]
Memory Configuration

Name             Origin             Length             Attributes
RAM              0x20000000         0x00008000         xrw
FLASH            0x08000000         0x00020000         xr
*default*        0x00000000         0xffffffff

Linker script and memory map

LOAD c:/progra~2/armgnu~1/112202~1.02/bin/../lib/gcc/arm-none-eabi/11.2.1/thumb/v7e-m+fp/hard/crti.o
LOAD c:/progra~2/armgnu~1/112202~1.02/bin/../lib/gcc/arm-none-eabi/11.2.1/thumb/v7e-m+fp/hard/crtbegin.o
LOAD c:/progra~2/armgnu~1/112202~1.02/bin/../lib/gcc/arm-none-eabi/11.2.1/thumb/v7e-m+fp/hard/crt0.o
LOAD cmake/stm32cubemx/CMakeFiles/STM32_Drivers.dir/__/__/Core/Src/system_stm32g4xx.c.obj
LOAD cmake/stm32cubemx/CMakeFiles/STM32_Drivers.dir/__/__/Drivers/STM32G4xx_HAL_Driver/Src/stm32g4xx_hal_adc.c.obj
LOAD cmake/stm32cubemx/CMakeFiles/STM32_Drivers.dir/__/__/Drivers/STM32G4xx_HAL_Driver/Src/stm32g4xx_hal_adc_ex.c.obj
LOAD cmake/stm32cubemx/CMakeFiles/STM32_Drivers.dir/__/__/Drivers/STM32G4xx_HAL_Driver/Src/stm32g4xx_ll_adc.c.obj
LOAD cmake/stm32cubemx/CMakeFiles/STM32_Drivers.dir/__/__/Drivers/STM32G4xx_HAL_Driver/Src/stm32g4xx_hal.c.obj
LOAD cmake/stm32cubemx/CMakeFiles/STM32_Drivers.dir/__/__/Drivers/STM32G4xx_HAL_Driver/Src/stm32g4xx_hal_rcc.c.obj
LOAD cmake/stm32cubemx/CMakeFiles/STM32_Drivers.dir/__/__/Drivers/STM32G4xx_HAL_Driver/Src/stm32g4xx_hal_rcc_ex.c.obj
LOAD cmake/stm32cubemx/CMakeFiles/STM32_Drivers.dir/__/__/Drivers/STM32G4xx_HAL_Driver/Src/stm32g4xx_hal_flash.c.obj
LOAD cmake/stm32cubemx/CMakeFiles/STM32_Drivers.dir/__/__/Drivers/STM32G4xx_HAL_Driver/Src/stm32g4xx_hal_flash_ex.c.obj
LOAD cmake/stm32cubemx/CMakeFiles/STM32_Drivers.dir/__/__/Drivers/STM32G4xx_HAL_Driver/Src/stm32g4xx_hal_flash_ramfunc.c.obj
LOAD cmake/stm32cubemx/CMakeFiles/STM32_Drivers.dir/__/__/Drivers/STM32G4xx_HAL_Driver/Src/stm32g4xx_hal_gpio.c.obj
LOAD cmake/stm32cubemx/CMakeFiles/STM32_Drivers.dir/__/__/Drivers/STM32G4xx_HAL_Driver/Src/stm32g4xx_hal_exti.c.obj
LOAD cmake/stm32cubemx/CMakeFiles/STM32_Drivers.dir/__/__/Drivers/STM32G4xx_HAL_Driver/Src/stm32g4xx_hal_dma.c.obj
LOAD cmake/stm32cubemx/CMakeFiles/STM32_Drivers.dir/__/__/Drivers/STM32G4xx_HAL_Driver/Src/stm32g4xx_hal_dma_ex.c.obj
LOAD cmake/stm32cubemx/CMakeFiles/STM32_Drivers.dir/__/__/Drivers/STM32G4xx_HAL_Driver/Src/stm32g4xx_hal_pwr.c.obj
LOAD cmake/stm32cubemx/CMakeFiles/STM32_Drivers.dir/__/__/Drivers/STM32G4xx_HAL_Driver/Src/stm32g4xx_hal_pwr_ex.c.obj
LOAD cmake/stm32cubemx/CMakeFiles/STM32_Drivers.dir/__/__/Drivers/STM32G4xx_HAL_Driver/Src/stm32g4xx_hal_cortex.c.obj
LOAD cmake/stm32cubemx/CMakeFiles/STM32_Drivers.dir/__/__/Drivers/STM32G4xx_HAL_Driver/Src/stm32g4xx_hal_i2c.c.obj
LOAD cmake/stm32cubemx/CMakeFiles/STM32_Drivers.dir/__/__/Drivers/STM32G4xx_HAL_Driver/Src/stm32g4xx_hal_i2c_ex.c.obj
LOAD cmake/stm32cubemx/CMakeFiles/STM32_Drivers.dir/__/__/Drivers/STM32G4xx_HAL_Driver/Src/stm32g4xx_hal_spi.c.obj
LOAD cmake/stm32cubemx/CMakeFiles/STM32_Drivers.dir/__/__/Drivers/STM32G4xx_HAL_Driver/Src/stm32g4xx_hal_spi_ex.c.obj
LOAD cmake/stm32cubemx/CMakeFiles/STM32_Drivers.dir/__/__/Drivers/STM32G4xx_HAL_Driver/Src/stm32g4xx_hal_tim.c.obj
LOAD cmake/stm32cubemx/CMakeFiles/STM32_Drivers.dir/__/__/Drivers/STM32G4xx_HAL_Driver/Src/stm32g4xx_hal_tim_ex.c.obj
LOAD cmake/stm32cubemx/CMakeFiles/STM32_Drivers.dir/__/__/Drivers/STM32G4xx_HAL_Driver/Src/stm32g4xx_hal_uart.c.obj
LOAD cmake/stm32cubemx/CMakeFiles/STM32_Drivers.dir/__/__/Drivers/STM32G4xx_HAL_Driver/Src/stm32g4xx_hal_uart_ex.c.obj
LOAD CMakeFiles/g431_foc.dir/Core/Src/main.c.obj
LOAD CMakeFiles/g431_foc.dir/Core/Src/gpio.c.obj
LOAD CMakeFiles/g431_foc.dir/Core/Src/adc.c.obj
LOAD CMakeFiles/g431_foc.dir/Core/Src/dma.c.obj
LOAD CMakeFiles/g431_foc.dir/Core/Src/i2c.c.obj
LOAD CMakeFiles/g431_foc.dir/Core/Src/spi.c.obj
LOAD CMakeFiles/g431_foc.dir/Core/Src/tim.c.obj
LOAD CMakeFiles/g431_foc.dir/Core/Src/usart.c.obj
LOAD CMakeFiles/g431_foc.dir/Core/Src/stm32g4xx_it.c.obj
LOAD CMakeFiles/g431_foc.dir/Core/Src/stm32g4xx_hal_msp.c.obj
LOAD CMakeFiles/g431_foc.dir/Core/Src/sysmem.c.obj
LOAD CMakeFiles/g431_foc.dir/Core/Src/syscalls.c.obj
LOAD CMakeFiles/g431_foc.dir/startup_stm32g431xx.s.obj
LOAD CMakeFiles/g431_foc.dir/user/src/as5600.c.obj
LOAD CMakeFiles/g431_foc.dir/user/src/hardware_init.c.obj
LOAD CMakeFiles/g431_foc.dir/user/src/motor_current_loop.c.obj
LOAD CMakeFiles/g431_foc.dir/user/src/motor_feedforward.c.obj
LOAD CMakeFiles/g431_foc.dir/user/src/motor_identify.c.obj
LOAD CMakeFiles/g431_foc.dir/user/src/motor_position_loop.c.obj
LOAD CMakeFiles/g431_foc.dir/user/src/motor_speed_loop.c.obj
LOAD CMakeFiles/g431_foc.dir/user/src/motor_system.c.obj
LOAD CMakeFiles/g431_foc.dir/user/src/motor_trajectory.c.obj
LOAD CMakeFiles/g431_foc.dir/user/src/mt6826s.c.obj
LOAD CMakeFiles/g431_foc.dir/user/src/oled.c.obj
LOAD CMakeFiles/g431_foc.dir/user/src/pid.c.obj
LOAD CMakeFiles/g431_foc.dir/user/src/svpwm.c.obj
LOAD CMakeFiles/g431_foc.dir/user/src/user_io.c.obj
LOAD CMakeFiles/g431_foc.dir/user/src/vofa_usart.c.obj
LOAD c:/progra~2/armgnu~1/112202~1.02/bin/../lib/gcc/arm-none-eabi/11.2.1/thumb/v7e-m+fp/hard\libm.a
START GROUP
LOAD c:/progra~2/armgnu~1/112202~1.02/bin/../lib/gcc/arm-none-eabi/11.2.1/thumb/v7e-m+fp/hard\libgcc.a
LOAD c:/progra~2/armgnu~1/112202~1.02/bin/../lib/gcc/arm-none-eabi/11.2.1/thumb/v7e-m+fp/hard\libg_nano.a
LOAD c:/progra~2/armgnu~1/112202~1.02/bin/../lib/gcc/arm-none-eabi/11.2.1/thumb/v7e-m+fp/hard\libc_nano.a
END GROUP
START GROUP
LOAD c:/progra~2/armgnu~1/112202~1.02/bin/../lib/gcc/arm-none-eabi/11.2.1/thumb/v7e-m+fp/hard\libgcc.a
LOAD c:/progra~2/armgnu~1/112202~1.02/bin/../lib/gcc/arm-none-eabi/11.2.1/thumb/v7e-m+fp/hard\libc_nano.a
END GROUP
LOAD c:/progra~2/armgnu~1/112202~1.02/bin/../lib/gcc/arm-none-eabi/11.2.1/thumb/v7e-m+fp/hard/crtend.o
LOAD c:/progra~2/armgnu~1/112202~1.02/bin/../lib/gcc/arm-none-eabi/11.2.1/thumb/v7e-m+fp/hard/crtn.o
                0x20008000                _estack = (ORIGIN (RAM) + LENGTH (RAM))
                0x00000200                _Min_Heap_Size = 0x200
                0x00000400                _Min_Stack_Size = 0x400

.isr_vector     0x08000000      0x1d8
                0x08000000                . = ALIGN (0x4)
 *(.isr_vector)
 .isr_vector    0x08000000      0x1d8 CMakeFiles/g431_foc.dir/startup_stm32g431xx.s.obj
                0x08000000                g_pfnVectors
                0x080001d8                . = ALIGN (0x4)

.text           0x080001d8    0x103d8
                0x080001d8                . = ALIGN (0x4)
 *(.text)
 .text          0x080001d8      0x254 c:/progra~2/armgnu~1/112202~1.02/bin/../lib/gcc/arm-none-eabi/11.2.1/thumb/v7e-m+fp/hard\libgcc.a(_arm_muldf3.o)
                0x080001d8                __muldf3
                0x080001d8                __aeabi_dmul
 .text          0x0800042c      0x378 c:/progra~2/armgnu~1/112202~1.02/bin/../lib/gcc/arm-none-eabi/11.2.1/thumb/v7e-m+fp/hard\libgcc.a(_arm_addsubdf3.o)
                0x0800042c                __aeabi_drsub
                0x08000434                __aeabi_dsub
                0x08000434                __subdf3
                0x08000438                __aeabi_dadd
                0x08000438                __adddf3
                0x080006b0                __floatunsidf
                0x080006b0                __aeabi_ui2d
                0x080006d0                __floatsidf
                0x080006d0                __aeabi_i2d
                0x080006f4                __aeabi_f2d
                0x080006f4                __extendsfdf2
                0x08000738                __floatundidf
                0x08000738                __aeabi_ul2d
                0x08000748                __floatdidf
                0x08000748                __aeabi_l2d
 .text          0x080007a4       0xa0 c:/progra~2/armgnu~1/112202~1.02/bin/../lib/gcc/arm-none-eabi/11.2.1/thumb/v7e-m+fp/hard\libgcc.a(_arm_truncdfsf2.o)
                0x080007a4                __truncdfsf2
                0x080007a4                __aeabi_d2f
 .text          0x08000844       0x30 c:/progra~2/armgnu~1/112202~1.02/bin/../lib/gcc/arm-none-eabi/11.2.1/thumb/v7e-m+fp/hard\libgcc.a(_aeabi_uldivmod.o)
                0x08000844                __aeabi_uldivmod
 .text          0x08000874        0x4 c:/progra~2/armgnu~1/112202~1.02/bin/../lib/gcc/arm-none-eabi/11.2.1/thumb/v7e-m+fp/hard\libgcc.a(_dvmd_tls.o)
                0x08000874                __aeabi_idiv0
                0x08000874                __aeabi_ldiv0
 *(.text*)
 .text.deregister_tm_clones
                0x08000878       0x1c c:/progra~2/armgnu~1/112202~1.02/bin/../lib/gcc/arm-none-eabi/11.2.1/thumb/v7e-m+fp/hard/crtbegin.o
 .text.register_tm_clones
                0x08000894       0x24 c:/progra~2/armgnu~1/112202~1.02/bin/../lib/gcc/arm-none-eabi/11.2.1/thumb/v7e-m+fp/hard/crtbegin.o
 .text.__do_global_dtors_aux
                0x080008b8       0x28 c:/progra~2/armgnu~1/112202~1.02/bin/../lib/gcc/arm-none-eabi/11.2.1/thumb/v7e-m+fp/hard/crtbegin.o
 .text.frame_dummy
                0x080008e0       0x24 c:/progra~2/armgnu~1/112202~1.02/bin/../lib/gcc/arm-none-eabi/11.2.1/thumb/v7e-m+fp/hard/crtbegin.o
 .text.SystemInit
                0x08000904       0x24 cmake/stm32cubemx/CMakeFiles/STM32_Drivers.dir/__/__/Core/Src/system_stm32g4xx.c.obj
                0x08000904                SystemInit
 .text.LL_ADC_SetCommonClock
                0x08000928       0x26 cmake/stm32cubemx/CMakeFiles/STM32_Drivers.dir/__/__/Drivers/STM32G4xx_HAL_Driver/Src/stm32g4xx_hal_adc.c.obj
 .text.LL_ADC_SetCommonPathInternalCh
                0x0800094e       0x26 cmake/stm32cubemx/CMakeFiles/STM32_Drivers.dir/__/__/Drivers/STM32G4xx_HAL_Driver/Src/stm32g4xx_hal_adc.c.obj
 .text.LL_ADC_GetCommonPathInternalCh
                0x08000974       0x1c cmake/stm32cubemx/CMakeFiles/STM32_Drivers.dir/__/__/Drivers/STM32G4xx_HAL_Driver/Src/stm32g4xx_hal_adc.c.obj
 .text.LL_ADC_SetOffset
                0x08000990       0x48 cmake/stm32cubemx/CMakeFiles/STM32_Drivers.dir/__/__/Drivers/STM32G4xx_HAL_Driver/Src/stm32g4xx_hal_adc.c.obj
 .text.LL_ADC_GetOffsetChannel
                0x080009d8       0x2c cmake/stm32cubemx/CMakeFiles/STM32_Drivers.dir/__/__/Drivers/STM32G4xx_HAL_Driver/Src/stm32g4xx_hal_adc.c.obj
 .text.LL_ADC_SetOffsetState
                0x08000a04       0x36 cmake/stm32cubemx/CMakeFiles/STM32_Drivers.dir/__/__/Drivers/STM32G4xx_HAL_Driver/Src/stm32g4xx_hal_adc.c.obj
 .text.LL_ADC_SetOffsetSign
                0x08000a3a       0x36 cmake/stm32cubemx/CMakeFiles/STM32_Drivers.dir/__/__/Drivers/STM32G4xx_HAL_Driver/Src/stm32g4xx_hal_adc.c.obj
 .text.LL_ADC_SetOffsetSaturation
                0x08000a70       0x36 cmake/stm32cubemx/CMakeFiles/STM32_Drivers.dir/__/__/Drivers/STM32G4xx_HAL_Driver/Src/stm32g4xx_hal_adc.c.obj
 .text.LL_ADC_SetSamplingTimeCommonConfig
                0x08000aa6       0x26 cmake/stm32cubemx/CMakeFiles/STM32_Drivers.dir/__/__/Drivers/STM32G4xx_HAL_Driver/Src/stm32g4xx_hal_adc.c.obj
 .text.LL_ADC_REG_IsTriggerSourceSWStart
                0x08000acc       0x26 cmake/stm32cubemx/CMakeFiles/STM32_Drivers.dir/__/__/Drivers/STM32G4xx_HAL_Driver/Src/stm32g4xx_hal_adc.c.obj
 .text.LL_ADC_REG_SetSequencerRanks
                0x08000af2       0x58 cmake/stm32cubemx/CMakeFiles/STM32_Drivers.dir/__/__/Drivers/STM32G4xx_HAL_Driver/Src/stm32g4xx_hal_adc.c.obj
 .text.LL_ADC_INJ_IsTriggerSourceSWStart
                0x08000b4a       0x26 cmake/stm32cubemx/CMakeFiles/STM32_Drivers.dir/__/__/Drivers/STM32G4xx_HAL_Driver/Src/stm32g4xx_hal_adc.c.obj
 .text.LL_ADC_SetChannelSamplingTime
                0x08000b70       0x56 cmake/stm32cubemx/CMakeFiles/STM32_Drivers.dir/__/__/Drivers/STM32G4xx_HAL_Driver/Src/stm32g4xx_hal_adc.c.obj
 *fill*         0x08000bc6        0x2 
 .text.LL_ADC_SetChannelSingleDiff
                0x08000bc8       0x48 cmake/stm32cubemx/CMakeFiles/STM32_Drivers.dir/__/__/Drivers/STM32G4xx_HAL_Driver/Src/stm32g4xx_hal_adc.c.obj
 .text.LL_ADC_GetMultimode
                0x08000c10       0x1c cmake/stm32cubemx/CMakeFiles/STM32_Drivers.dir/__/__/Drivers/STM32G4xx_HAL_Driver/Src/stm32g4xx_hal_adc.c.obj
 .text.LL_ADC_GetMultiDMATransfer
                0x08000c2c       0x1c cmake/stm32cubemx/CMakeFiles/STM32_Drivers.dir/__/__/Drivers/STM32G4xx_HAL_Driver/Src/stm32g4xx_hal_adc.c.obj
 .text.LL_ADC_DisableDeepPowerDown
                0x08000c48       0x24 cmake/stm32cubemx/CMakeFiles/STM32_Drivers.dir/__/__/Drivers/STM32G4xx_HAL_Driver/Src/stm32g4xx_hal_adc.c.obj
 .text.LL_ADC_IsDeepPowerDownEnabled
                0x08000c6c       0x28 cmake/stm32cubemx/CMakeFiles/STM32_Drivers.dir/__/__/Drivers/STM32G4xx_HAL_Driver/Src/stm32g4xx_hal_adc.c.obj
 .text.LL_ADC_EnableInternalRegulator
                0x08000c94       0x28 cmake/stm32cubemx/CMakeFiles/STM32_Drivers.dir/__/__/Drivers/STM32G4xx_HAL_Driver/Src/stm32g4xx_hal_adc.c.obj
 .text.LL_ADC_IsInternalRegulatorEnabled
                0x08000cbc       0x28 cmake/stm32cubemx/CMakeFiles/STM32_Drivers.dir/__/__/Drivers/STM32G4xx_HAL_Driver/Src/stm32g4xx_hal_adc.c.obj
 .text.LL_ADC_Enable
                0x08000ce4       0x28 cmake/stm32cubemx/CMakeFiles/STM32_Drivers.dir/__/__/Drivers/STM32G4xx_HAL_Driver/Src/stm32g4xx_hal_adc.c.obj
 .text.LL_ADC_Disable
                0x08000d0c       0x28 cmake/stm32cubemx/CMakeFiles/STM32_Drivers.dir/__/__/Drivers/STM32G4xx_HAL_Driver/Src/stm32g4xx_hal_adc.c.obj
 .text.LL_ADC_IsEnabled
                0x08000d34       0x26 cmake/stm32cubemx/CMakeFiles/STM32_Drivers.dir/__/__/Drivers/STM32G4xx_HAL_Driver/Src/stm32g4xx_hal_adc.c.obj
 .text.LL_ADC_IsDisableOngoing
                0x08000d5a       0x26 cmake/stm32cubemx/CMakeFiles/STM32_Drivers.dir/__/__/Drivers/STM32G4xx_HAL_Driver/Src/stm32g4xx_hal_adc.c.obj
 .text.LL_ADC_REG_StartConversion
                0x08000d80       0x28 cmake/stm32cubemx/CMakeFiles/STM32_Drivers.dir/__/__/Drivers/STM32G4xx_HAL_Driver/Src/stm32g4xx_hal_adc.c.obj
 .text.LL_ADC_REG_StopConversion
                0x08000da8       0x28 cmake/stm32cubemx/CMakeFiles/STM32_Drivers.dir/__/__/Drivers/STM32G4xx_HAL_Driver/Src/stm32g4xx_hal_adc.c.obj
 .text.LL_ADC_REG_IsConversionOngoing
                0x08000dd0       0x26 cmake/stm32cubemx/CMakeFiles/STM32_Drivers.dir/__/__/Drivers/STM32G4xx_HAL_Driver/Src/stm32g4xx_hal_adc.c.obj
 .text.LL_ADC_INJ_StopConversion
                0x08000df6       0x28 cmake/stm32cubemx/CMakeFiles/STM32_Drivers.dir/__/__/Drivers/STM32G4xx_HAL_Driver/Src/stm32g4xx_hal_adc.c.obj
 .text.LL_ADC_INJ_IsConversionOngoing
                0x08000e1e       0x26 cmake/stm32cubemx/CMakeFiles/STM32_Drivers.dir/__/__/Drivers/STM32G4xx_HAL_Driver/Src/stm32g4xx_hal_adc.c.obj
 .text.HAL_ADC_Init
                0x08000e44      0x308 cmake/stm32cubemx/CMakeFiles/STM32_Drivers.dir/__/__/Drivers/STM32G4xx_HAL_Driver/Src/stm32g4xx_hal_adc.c.obj
                0x08000e44                HAL_ADC_Init
 .text.HAL_ADC_Start
                0x0800114c      0x178 cmake/stm32cubemx/CMakeFiles/STM32_Drivers.dir/__/__/Drivers/STM32G4xx_HAL_Driver/Src/stm32g4xx_hal_adc.c.obj
                0x0800114c                HAL_ADC_Start
 .text.HAL_ADC_IRQHandler
                0x080012c4      0x434 cmake/stm32cubemx/CMakeFiles/STM32_Drivers.dir/__/__/Drivers/STM32G4xx_HAL_Driver/Src/stm32g4xx_hal_adc.c.obj
                0x080012c4                HAL_ADC_IRQHandler
 .text.HAL_ADC_ConvCpltCallback
                0x080016f8       0x14 cmake/stm32cubemx/CMakeFiles/STM32_Drivers.dir/__/__/Drivers/STM32G4xx_HAL_Driver/Src/stm32g4xx_hal_adc.c.obj
                0x080016f8                HAL_ADC_ConvCpltCallback
 .text.HAL_ADC_LevelOutOfWindowCallback
                0x0800170c       0x14 cmake/stm32cubemx/CMakeFiles/STM32_Drivers.dir/__/__/Drivers/STM32G4xx_HAL_Driver/Src/stm32g4xx_hal_adc.c.obj
                0x0800170c                HAL_ADC_LevelOutOfWindowCallback
 .text.HAL_ADC_ErrorCallback
                0x08001720       0x14 cmake/stm32cubemx/CMakeFiles/STM32_Drivers.dir/__/__/Drivers/STM32G4xx_HAL_Driver/Src/stm32g4xx_hal_adc.c.obj
                0x08001720                HAL_ADC_ErrorCallback
 .text.HAL_ADC_ConfigChannel
                0x08001734      0x7e0 cmake/stm32cubemx/CMakeFiles/STM32_Drivers.dir/__/__/Drivers/STM32G4xx_HAL_Driver/Src/stm32g4xx_hal_adc.c.obj
                0x08001734                HAL_ADC_ConfigChannel
 .text.ADC_ConversionStop
                0x08001f14      0x178 cmake/stm32cubemx/CMakeFiles/STM32_Drivers.dir/__/__/Drivers/STM32G4xx_HAL_Driver/Src/stm32g4xx_hal_adc.c.obj
                0x08001f14                ADC_ConversionStop
 .text.ADC_Enable
                0x0800208c      0x10c cmake/stm32cubemx/CMakeFiles/STM32_Drivers.dir/__/__/Drivers/STM32G4xx_HAL_Driver/Src/stm32g4xx_hal_adc.c.obj
                0x0800208c                ADC_Enable
 .text.ADC_Disable
                0x08002198       0xbe cmake/stm32cubemx/CMakeFiles/STM32_Drivers.dir/__/__/Drivers/STM32G4xx_HAL_Driver/Src/stm32g4xx_hal_adc.c.obj
                0x08002198                ADC_Disable
 .text.LL_ADC_SetCommonPathInternalCh
                0x08002256       0x26 cmake/stm32cubemx/CMakeFiles/STM32_Drivers.dir/__/__/Drivers/STM32G4xx_HAL_Driver/Src/stm32g4xx_hal_adc_ex.c.obj
 .text.LL_ADC_GetCommonPathInternalCh
                0x0800227c       0x1c cmake/stm32cubemx/CMakeFiles/STM32_Drivers.dir/__/__/Drivers/STM32G4xx_HAL_Driver/Src/stm32g4xx_hal_adc_ex.c.obj
 .text.LL_ADC_SetOffset
                0x08002298       0x48 cmake/stm32cubemx/CMakeFiles/STM32_Drivers.dir/__/__/Drivers/STM32G4xx_HAL_Driver/Src/stm32g4xx_hal_adc_ex.c.obj
 .text.LL_ADC_GetOffsetChannel
                0x080022e0       0x2c cmake/stm32cubemx/CMakeFiles/STM32_Drivers.dir/__/__/Drivers/STM32G4xx_HAL_Driver/Src/stm32g4xx_hal_adc_ex.c.obj
 .text.LL_ADC_SetOffsetState
                0x0800230c       0x36 cmake/stm32cubemx/CMakeFiles/STM32_Drivers.dir/__/__/Drivers/STM32G4xx_HAL_Driver/Src/stm32g4xx_hal_adc_ex.c.obj
 .text.LL_ADC_SetOffsetSign
                0x08002342       0x36 cmake/stm32cubemx/CMakeFiles/STM32_Drivers.dir/__/__/Drivers/STM32G4xx_HAL_Driver/Src/stm32g4xx_hal_adc_ex.c.obj
 .text.LL_ADC_SetOffsetSaturation
                0x08002378       0x36 cmake/stm32cubemx/CMakeFiles/STM32_Drivers.dir/__/__/Drivers/STM32G4xx_HAL_Driver/Src/stm32g4xx_hal_adc_ex.c.obj
 .text.LL_ADC_SetSamplingTimeCommonConfig
                0x080023ae       0x26 cmake/stm32cubemx/CMakeFiles/STM32_Drivers.dir/__/__/Drivers/STM32G4xx_HAL_Driver/Src/stm32g4xx_hal_adc_ex.c.obj
 .text.LL_ADC_REG_IsTriggerSourceSWStart
                0x080023d4       0x26 cmake/stm32cubemx/CMakeFiles/STM32_Drivers.dir/__/__/Drivers/STM32G4xx_HAL_Driver/Src/stm32g4xx_hal_adc_ex.c.obj
 .text.LL_ADC_INJ_IsTriggerSourceSWStart
                0x080023fa       0x26 cmake/stm32cubemx/CMakeFiles/STM32_Drivers.dir/__/__/Drivers/STM32G4xx_HAL_Driver/Src/stm32g4xx_hal_adc_ex.c.obj
 .text.LL_ADC_INJ_GetTrigAuto
                0x08002420       0x1c cmake/stm32cubemx/CMakeFiles/STM32_Drivers.dir/__/__/Drivers/STM32G4xx_HAL_Driver/Src/stm32g4xx_hal_adc_ex.c.obj
 .text.LL_ADC_SetChannelSamplingTime
                0x0800243c       0x56 cmake/stm32cubemx/CMakeFiles/STM32_Drivers.dir/__/__/Drivers/STM32G4xx_HAL_Driver/Src/stm32g4xx_hal_adc_ex.c.obj
 *fill*         0x08002492        0x2 
 .text.LL_ADC_SetChannelSingleDiff
                0x08002494       0x48 cmake/stm32cubemx/CMakeFiles/STM32_Drivers.dir/__/__/Drivers/STM32G4xx_HAL_Driver/Src/stm32g4xx_hal_adc_ex.c.obj
 .text.LL_ADC_GetMultimode
                0x080024dc       0x1c cmake/stm32cubemx/CMakeFiles/STM32_Drivers.dir/__/__/Drivers/STM32G4xx_HAL_Driver/Src/stm32g4xx_hal_adc_ex.c.obj
 .text.LL_ADC_IsEnabled
                0x080024f8       0x26 cmake/stm32cubemx/CMakeFiles/STM32_Drivers.dir/__/__/Drivers/STM32G4xx_HAL_Driver/Src/stm32g4xx_hal_adc_ex.c.obj
 .text.LL_ADC_StartCalibration
                0x0800251e       0x32 cmake/stm32cubemx/CMakeFiles/STM32_Drivers.dir/__/__/Drivers/STM32G4xx_HAL_Driver/Src/stm32g4xx_hal_adc_ex.c.obj
 .text.LL_ADC_IsCalibrationOnGoing
                0x08002550       0x28 cmake/stm32cubemx/CMakeFiles/STM32_Drivers.dir/__/__/Drivers/STM32G4xx_HAL_Driver/Src/stm32g4xx_hal_adc_ex.c.obj
 .text.LL_ADC_REG_IsConversionOngoing
                0x08002578       0x26 cmake/stm32cubemx/CMakeFiles/STM32_Drivers.dir/__/__/Drivers/STM32G4xx_HAL_Driver/Src/stm32g4xx_hal_adc_ex.c.obj
 .text.LL_ADC_INJ_StartConversion
                0x0800259e       0x28 cmake/stm32cubemx/CMakeFiles/STM32_Drivers.dir/__/__/Drivers/STM32G4xx_HAL_Driver/Src/stm32g4xx_hal_adc_ex.c.obj
 .text.LL_ADC_INJ_IsConversionOngoing
                0x080025c6       0x26 cmake/stm32cubemx/CMakeFiles/STM32_Drivers.dir/__/__/Drivers/STM32G4xx_HAL_Driver/Src/stm32g4xx_hal_adc_ex.c.obj
 .text.HAL_ADCEx_Calibration_Start
                0x080025ec       0xc4 cmake/stm32cubemx/CMakeFiles/STM32_Drivers.dir/__/__/Drivers/STM32G4xx_HAL_Driver/Src/stm32g4xx_hal_adc_ex.c.obj
                0x080025ec                HAL_ADCEx_Calibration_Start
 .text.HAL_ADCEx_InjectedStart
                0x080026b0      0x160 cmake/stm32cubemx/CMakeFiles/STM32_Drivers.dir/__/__/Drivers/STM32G4xx_HAL_Driver/Src/stm32g4xx_hal_adc_ex.c.obj
                0x080026b0                HAL_ADCEx_InjectedStart
 .text.HAL_ADCEx_InjectedStop
                0x08002810       0x84 cmake/stm32cubemx/CMakeFiles/STM32_Drivers.dir/__/__/Drivers/STM32G4xx_HAL_Driver/Src/stm32g4xx_hal_adc_ex.c.obj
                0x08002810                HAL_ADCEx_InjectedStop
 .text.HAL_ADCEx_InjectedPollForConversion
                0x08002894      0x188 cmake/stm32cubemx/CMakeFiles/STM32_Drivers.dir/__/__/Drivers/STM32G4xx_HAL_Driver/Src/stm32g4xx_hal_adc_ex.c.obj
                0x08002894                HAL_ADCEx_InjectedPollForConversion
 .text.HAL_ADCEx_InjectedStart_IT
                0x08002a1c      0x1cc cmake/stm32cubemx/CMakeFiles/STM32_Drivers.dir/__/__/Drivers/STM32G4xx_HAL_Driver/Src/stm32g4xx_hal_adc_ex.c.obj
                0x08002a1c                HAL_ADCEx_InjectedStart_IT
 .text.HAL_ADCEx_InjectedGetValue
                0x08002be8       0x70 cmake/stm32cubemx/CMakeFiles/STM32_Drivers.dir/__/__/Drivers/STM32G4xx_HAL_Driver/Src/stm32g4xx_hal_adc_ex.c.obj
                0x08002be8                HAL_ADCEx_InjectedGetValue
 .text.HAL_ADCEx_InjectedQueueOverflowCallback
                0x08002c58       0x14 cmake/stm32cubemx/CMakeFiles/STM32_Drivers.dir/__/__/Drivers/STM32G4xx_HAL_Driver/Src/stm32g4xx_hal_adc_ex.c.obj
                0x08002c58                HAL_ADCEx_InjectedQueueOverflowCallback
 .text.HAL_ADCEx_LevelOutOfWindow2Callback
                0x08002c6c       0x14 cmake/stm32cubemx/CMakeFiles/STM32_Drivers.dir/__/__/Drivers/STM32G4xx_HAL_Driver/Src/stm32g4xx_hal_adc_ex.c.obj
                0x08002c6c                HAL_ADCEx_LevelOutOfWindow2Callback
 .text.HAL_ADCEx_LevelOutOfWindow3Callback
                0x08002c80       0x14 cmake/stm32cubemx/CMakeFiles/STM32_Drivers.dir/__/__/Drivers/STM32G4xx_HAL_Driver/Src/stm32g4xx_hal_adc_ex.c.obj
                0x08002c80                HAL_ADCEx_LevelOutOfWindow3Callback
 .text.HAL_ADCEx_EndOfSamplingCallback
                0x08002c94       0x14 cmake/stm32cubemx/CMakeFiles/STM32_Drivers.dir/__/__/Drivers/STM32G4xx_HAL_Driver/Src/stm32g4xx_hal_adc_ex.c.obj
                0x08002c94                HAL_ADCEx_EndOfSamplingCallback
 .text.HAL_ADCEx_InjectedConfigChannel
                0x08002ca8      0x9c0 cmake/stm32cubemx/CMakeFiles/STM32_Drivers.dir/__/__/Drivers/STM32G4xx_HAL_Driver/Src/stm32g4xx_hal_adc_ex.c.obj
                0x08002ca8                HAL_ADCEx_InjectedConfigChannel
 .text.HAL_ADCEx_MultiModeConfigChannel
                0x08003668      0x148 cmake/stm32cubemx/CMakeFiles/STM32_Drivers.dir/__/__/Drivers/STM32G4xx_HAL_Driver/Src/stm32g4xx_hal_adc_ex.c.obj
                0x08003668                HAL_ADCEx_MultiModeConfigChannel
 .text.HAL_Init
                0x080037b0       0x30 cmake/stm32cubemx/CMakeFiles/STM32_Drivers.dir/__/__/Drivers/STM32G4xx_HAL_Driver/Src/stm32g4xx_hal.c.obj
                0x080037b0                HAL_Init
 .text.HAL_InitTick
                0x080037e0       0x74 cmake/stm32cubemx/CMakeFiles/STM32_Drivers.dir/__/__/Drivers/STM32G4xx_HAL_Driver/Src/stm32g4xx_hal.c.obj
                0x080037e0                HAL_InitTick
 .text.HAL_IncTick
                0x08003854       0x24 cmake/stm32cubemx/CMakeFiles/STM32_Drivers.dir/__/__/Drivers/STM32G4xx_HAL_Driver/Src/stm32g4xx_hal.c.obj
                0x08003854                HAL_IncTick
 .text.HAL_GetTick
                0x08003878       0x18 cmake/stm32cubemx/CMakeFiles/STM32_Drivers.dir/__/__/Drivers/STM32G4xx_HAL_Driver/Src/stm32g4xx_hal.c.obj
                0x08003878                HAL_GetTick
 .text.HAL_Delay
                0x08003890       0x44 cmake/stm32cubemx/CMakeFiles/STM32_Drivers.dir/__/__/Drivers/STM32G4xx_HAL_Driver/Src/stm32g4xx_hal.c.obj
                0x08003890                HAL_Delay
 .text.HAL_RCC_OscConfig
                0x080038d4      0x624 cmake/stm32cubemx/CMakeFiles/STM32_Drivers.dir/__/__/Drivers/STM32G4xx_HAL_Driver/Src/stm32g4xx_hal_rcc.c.obj
                0x080038d4                HAL_RCC_OscConfig
 .text.HAL_RCC_ClockConfig
                0x08003ef8      0x278 cmake/stm32cubemx/CMakeFiles/STM32_Drivers.dir/__/__/Drivers/STM32G4xx_HAL_Driver/Src/stm32g4xx_hal_rcc.c.obj
                0x08003ef8                HAL_RCC_ClockConfig
 .text.HAL_RCC_GetSysClockFreq
                0x08004170       0xc4 cmake/stm32cubemx/CMakeFiles/STM32_Drivers.dir/__/__/Drivers/STM32G4xx_HAL_Driver/Src/stm32g4xx_hal_rcc.c.obj
                0x08004170                HAL_RCC_GetSysClockFreq
 .text.HAL_RCC_GetHCLKFreq
                0x08004234       0x18 cmake/stm32cubemx/CMakeFiles/STM32_Drivers.dir/__/__/Drivers/STM32G4xx_HAL_Driver/Src/stm32g4xx_hal_rcc.c.obj
                0x08004234                HAL_RCC_GetHCLKFreq
 .text.HAL_RCC_GetPCLK1Freq
                0x0800424c       0x2c cmake/stm32cubemx/CMakeFiles/STM32_Drivers.dir/__/__/Drivers/STM32G4xx_HAL_Driver/Src/stm32g4xx_hal_rcc.c.obj
                0x0800424c                HAL_RCC_GetPCLK1Freq
 .text.HAL_RCC_GetPCLK2Freq
                0x08004278       0x2c cmake/stm32cubemx/CMakeFiles/STM32_Drivers.dir/__/__/Drivers/STM32G4xx_HAL_Driver/Src/stm32g4xx_hal_rcc.c.obj
                0x08004278                HAL_RCC_GetPCLK2Freq
 .text.RCC_GetSysClockFreqFromPLLSource
                0x080042a4       0x8c cmake/stm32cubemx/CMakeFiles/STM32_Drivers.dir/__/__/Drivers/STM32G4xx_HAL_Driver/Src/stm32g4xx_hal_rcc.c.obj
 .text.HAL_RCCEx_PeriphCLKConfig
                0x08004330      0x3e0 cmake/stm32cubemx/CMakeFiles/STM32_Drivers.dir/__/__/Drivers/STM32G4xx_HAL_Driver/Src/stm32g4xx_hal_rcc_ex.c.obj
                0x08004330                HAL_RCCEx_PeriphCLKConfig
 .text.HAL_GPIO_Init
                0x08004710      0x318 cmake/stm32cubemx/CMakeFiles/STM32_Drivers.dir/__/__/Drivers/STM32G4xx_HAL_Driver/Src/stm32g4xx_hal_gpio.c.obj
                0x08004710                HAL_GPIO_Init
 .text.HAL_GPIO_DeInit
                0x08004a28      0x1c4 cmake/stm32cubemx/CMakeFiles/STM32_Drivers.dir/__/__/Drivers/STM32G4xx_HAL_Driver/Src/stm32g4xx_hal_gpio.c.obj
                0x08004a28                HAL_GPIO_DeInit
 .text.HAL_GPIO_WritePin
                0x08004bec       0x30 cmake/stm32cubemx/CMakeFiles/STM32_Drivers.dir/__/__/Drivers/STM32G4xx_HAL_Driver/Src/stm32g4xx_hal_gpio.c.obj
                0x08004bec                HAL_GPIO_WritePin
 .text.HAL_GPIO_TogglePin
                0x08004c1c       0x34 cmake/stm32cubemx/CMakeFiles/STM32_Drivers.dir/__/__/Drivers/STM32G4xx_HAL_Driver/Src/stm32g4xx_hal_gpio.c.obj
                0x08004c1c                HAL_GPIO_TogglePin
 .text.HAL_DMA_Init
                0x08004c50      0x150 cmake/stm32cubemx/CMakeFiles/STM32_Drivers.dir/__/__/Drivers/STM32G4xx_HAL_Driver/Src/stm32g4xx_hal_dma.c.obj
                0x08004c50                HAL_DMA_Init
 .text.HAL_DMA_DeInit
                0x08004da0      0x12c cmake/stm32cubemx/CMakeFiles/STM32_Drivers.dir/__/__/Drivers/STM32G4xx_HAL_Driver/Src/stm32g4xx_hal_dma.c.obj
                0x08004da0                HAL_DMA_DeInit
 .text.HAL_DMA_Start
                0x08004ecc       0x86 cmake/stm32cubemx/CMakeFiles/STM32_Drivers.dir/__/__/Drivers/STM32G4xx_HAL_Driver/Src/stm32g4xx_hal_dma.c.obj
                0x08004ecc                HAL_DMA_Start
 .text.HAL_DMA_Start_IT
                0x08004f52       0xf6 cmake/stm32cubemx/CMakeFiles/STM32_Drivers.dir/__/__/Drivers/STM32G4xx_HAL_Driver/Src/stm32g4xx_hal_dma.c.obj
                0x08004f52                HAL_DMA_Start_IT
 .text.HAL_DMA_Abort
                0x08005048       0xbc cmake/stm32cubemx/CMakeFiles/STM32_Drivers.dir/__/__/Drivers/STM32G4xx_HAL_Driver/Src/stm32g4xx_hal_dma.c.obj
                0x08005048                HAL_DMA_Abort
 .text.HAL_DMA_Abort_IT
                0x08005104       0xce cmake/stm32cubemx/CMakeFiles/STM32_Drivers.dir/__/__/Drivers/STM32G4xx_HAL_Driver/Src/stm32g4xx_hal_dma.c.obj
                0x08005104                HAL_DMA_Abort_IT
 .text.HAL_DMA_IRQHandler
                0x080051d2      0x15e cmake/stm32cubemx/CMakeFiles/STM32_Drivers.dir/__/__/Drivers/STM32G4xx_HAL_Driver/Src/stm32g4xx_hal_dma.c.obj
                0x080051d2                HAL_DMA_IRQHandler
 .text.HAL_DMA_GetState
                0x08005330       0x1c cmake/stm32cubemx/CMakeFiles/STM32_Drivers.dir/__/__/Drivers/STM32G4xx_HAL_Driver/Src/stm32g4xx_hal_dma.c.obj
                0x08005330                HAL_DMA_GetState
 .text.DMA_SetConfig
                0x0800534c       0x7c cmake/stm32cubemx/CMakeFiles/STM32_Drivers.dir/__/__/Drivers/STM32G4xx_HAL_Driver/Src/stm32g4xx_hal_dma.c.obj
 .text.DMA_CalcDMAMUXChannelBaseAndMask
                0x080053c8       0x90 cmake/stm32cubemx/CMakeFiles/STM32_Drivers.dir/__/__/Drivers/STM32G4xx_HAL_Driver/Src/stm32g4xx_hal_dma.c.obj
 .text.DMA_CalcDMAMUXRequestGenBaseAndMask
                0x08005458       0x4c cmake/stm32cubemx/CMakeFiles/STM32_Drivers.dir/__/__/Drivers/STM32G4xx_HAL_Driver/Src/stm32g4xx_hal_dma.c.obj
 .text.HAL_PWREx_ControlVoltageScaling
                0x080054a4      0x148 cmake/stm32cubemx/CMakeFiles/STM32_Drivers.dir/__/__/Drivers/STM32G4xx_HAL_Driver/Src/stm32g4xx_hal_pwr_ex.c.obj
                0x080054a4                HAL_PWREx_ControlVoltageScaling
 .text.HAL_PWREx_DisableUCPDDeadBattery
                0x080055ec       0x20 cmake/stm32cubemx/CMakeFiles/STM32_Drivers.dir/__/__/Drivers/STM32G4xx_HAL_Driver/Src/stm32g4xx_hal_pwr_ex.c.obj
                0x080055ec                HAL_PWREx_DisableUCPDDeadBattery
 .text.__NVIC_SetPriorityGrouping
                0x0800560c       0x48 cmake/stm32cubemx/CMakeFiles/STM32_Drivers.dir/__/__/Drivers/STM32G4xx_HAL_Driver/Src/stm32g4xx_hal_cortex.c.obj
 .text.__NVIC_GetPriorityGrouping
                0x08005654       0x1c cmake/stm32cubemx/CMakeFiles/STM32_Drivers.dir/__/__/Drivers/STM32G4xx_HAL_Driver/Src/stm32g4xx_hal_cortex.c.obj
 .text.__NVIC_EnableIRQ
                0x08005670       0x3c cmake/stm32cubemx/CMakeFiles/STM32_Drivers.dir/__/__/Drivers/STM32G4xx_HAL_Driver/Src/stm32g4xx_hal_cortex.c.obj
 .text.__NVIC_DisableIRQ
                0x080056ac       0x48 cmake/stm32cubemx/CMakeFiles/STM32_Drivers.dir/__/__/Drivers/STM32G4xx_HAL_Driver/Src/stm32g4xx_hal_cortex.c.obj
 .text.__NVIC_SetPriority
                0x080056f4       0x54 cmake/stm32cubemx/CMakeFiles/STM32_Drivers.dir/__/__/Drivers/STM32G4xx_HAL_Driver/Src/stm32g4xx_hal_cortex.c.obj
 .text.NVIC_EncodePriority
                0x08005748       0x66 cmake/stm32cubemx/CMakeFiles/STM32_Drivers.dir/__/__/Drivers/STM32G4xx_HAL_Driver/Src/stm32g4xx_hal_cortex.c.obj
 *fill*         0x080057ae        0x2 
 .text.SysTick_Config
                0x080057b0       0x44 cmake/stm32cubemx/CMakeFiles/STM32_Drivers.dir/__/__/Drivers/STM32G4xx_HAL_Driver/Src/stm32g4xx_hal_cortex.c.obj
 .text.HAL_NVIC_SetPriorityGrouping
                0x080057f4       0x16 cmake/stm32cubemx/CMakeFiles/STM32_Drivers.dir/__/__/Drivers/STM32G4xx_HAL_Driver/Src/stm32g4xx_hal_cortex.c.obj
                0x080057f4                HAL_NVIC_SetPriorityGrouping
 .text.HAL_NVIC_SetPriority
                0x0800580a       0x34 cmake/stm32cubemx/CMakeFiles/STM32_Drivers.dir/__/__/Drivers/STM32G4xx_HAL_Driver/Src/stm32g4xx_hal_cortex.c.obj
                0x0800580a                HAL_NVIC_SetPriority
 .text.HAL_NVIC_EnableIRQ
                0x0800583e       0x1c cmake/stm32cubemx/CMakeFiles/STM32_Drivers.dir/__/__/Drivers/STM32G4xx_HAL_Driver/Src/stm32g4xx_hal_cortex.c.obj
                0x0800583e                HAL_NVIC_EnableIRQ
 .text.HAL_NVIC_DisableIRQ
                0x0800585a       0x1c cmake/stm32cubemx/CMakeFiles/STM32_Drivers.dir/__/__/Drivers/STM32G4xx_HAL_Driver/Src/stm32g4xx_hal_cortex.c.obj
                0x0800585a                HAL_NVIC_DisableIRQ
 .text.HAL_SYSTICK_Config
                0x08005876       0x18 cmake/stm32cubemx/CMakeFiles/STM32_Drivers.dir/__/__/Drivers/STM32G4xx_HAL_Driver/Src/stm32g4xx_hal_cortex.c.obj
                0x08005876                HAL_SYSTICK_Config
 .text.HAL_I2C_Init
                0x0800588e      0x136 cmake/stm32cubemx/CMakeFiles/STM32_Drivers.dir/__/__/Drivers/STM32G4xx_HAL_Driver/Src/stm32g4xx_hal_i2c.c.obj
                0x0800588e                HAL_I2C_Init
 .text.HAL_I2C_DeInit
                0x080059c4       0x5e cmake/stm32cubemx/CMakeFiles/STM32_Drivers.dir/__/__/Drivers/STM32G4xx_HAL_Driver/Src/stm32g4xx_hal_i2c.c.obj
                0x080059c4                HAL_I2C_DeInit
 *fill*         0x08005a22        0x2 
 .text.HAL_I2C_Mem_Read_DMA
                0x08005a24      0x1cc cmake/stm32cubemx/CMakeFiles/STM32_Drivers.dir/__/__/Drivers/STM32G4xx_HAL_Driver/Src/stm32g4xx_hal_i2c.c.obj
                0x08005a24                HAL_I2C_Mem_Read_DMA
 .text.HAL_I2C_EV_IRQHandler
                0x08005bf0       0x34 cmake/stm32cubemx/CMakeFiles/STM32_Drivers.dir/__/__/Drivers/STM32G4xx_HAL_Driver/Src/stm32g4xx_hal_i2c.c.obj
                0x08005bf0                HAL_I2C_EV_IRQHandler
 .text.HAL_I2C_ER_IRQHandler
                0x08005c24       0xb6 cmake/stm32cubemx/CMakeFiles/STM32_Drivers.dir/__/__/Drivers/STM32G4xx_HAL_Driver/Src/stm32g4xx_hal_i2c.c.obj
                0x08005c24                HAL_I2C_ER_IRQHandler
 .text.HAL_I2C_MasterTxCpltCallback
                0x08005cda       0x14 cmake/stm32cubemx/CMakeFiles/STM32_Drivers.dir/__/__/Drivers/STM32G4xx_HAL_Driver/Src/stm32g4xx_hal_i2c.c.obj
                0x08005cda                HAL_I2C_MasterTxCpltCallback
 .text.HAL_I2C_MasterRxCpltCallback
                0x08005cee       0x14 cmake/stm32cubemx/CMakeFiles/STM32_Drivers.dir/__/__/Drivers/STM32G4xx_HAL_Driver/Src/stm32g4xx_hal_i2c.c.obj
                0x08005cee                HAL_I2C_MasterRxCpltCallback
 .text.HAL_I2C_SlaveTxCpltCallback
                0x08005d02       0x14 cmake/stm32cubemx/CMakeFiles/STM32_Drivers.dir/__/__/Drivers/STM32G4xx_HAL_Driver/Src/stm32g4xx_hal_i2c.c.obj
                0x08005d02                HAL_I2C_SlaveTxCpltCallback
 .text.HAL_I2C_SlaveRxCpltCallback
                0x08005d16       0x14 cmake/stm32cubemx/CMakeFiles/STM32_Drivers.dir/__/__/Drivers/STM32G4xx_HAL_Driver/Src/stm32g4xx_hal_i2c.c.obj
                0x08005d16                HAL_I2C_SlaveRxCpltCallback
 .text.HAL_I2C_AddrCallback
                0x08005d2a       0x1c cmake/stm32cubemx/CMakeFiles/STM32_Drivers.dir/__/__/Drivers/STM32G4xx_HAL_Driver/Src/stm32g4xx_hal_i2c.c.obj
                0x08005d2a                HAL_I2C_AddrCallback
 .text.HAL_I2C_ListenCpltCallback
                0x08005d46       0x14 cmake/stm32cubemx/CMakeFiles/STM32_Drivers.dir/__/__/Drivers/STM32G4xx_HAL_Driver/Src/stm32g4xx_hal_i2c.c.obj
                0x08005d46                HAL_I2C_ListenCpltCallback
 .text.HAL_I2C_MemTxCpltCallback
                0x08005d5a       0x14 cmake/stm32cubemx/CMakeFiles/STM32_Drivers.dir/__/__/Drivers/STM32G4xx_HAL_Driver/Src/stm32g4xx_hal_i2c.c.obj
                0x08005d5a                HAL_I2C_MemTxCpltCallback
 .text.HAL_I2C_AbortCpltCallback
                0x08005d6e       0x14 cmake/stm32cubemx/CMakeFiles/STM32_Drivers.dir/__/__/Drivers/STM32G4xx_HAL_Driver/Src/stm32g4xx_hal_i2c.c.obj
                0x08005d6e                HAL_I2C_AbortCpltCallback
 .text.HAL_I2C_GetState
                0x08005d82       0x1c cmake/stm32cubemx/CMakeFiles/STM32_Drivers.dir/__/__/Drivers/STM32G4xx_HAL_Driver/Src/stm32g4xx_hal_i2c.c.obj
                0x08005d82                HAL_I2C_GetState
 .text.I2C_Slave_ISR_IT
                0x08005d9e      0x1f2 cmake/stm32cubemx/CMakeFiles/STM32_Drivers.dir/__/__/Drivers/STM32G4xx_HAL_Driver/Src/stm32g4xx_hal_i2c.c.obj
 .text.I2C_Master_ISR_DMA
                0x08005f90      0x1d6 cmake/stm32cubemx/CMakeFiles/STM32_Drivers.dir/__/__/Drivers/STM32G4xx_HAL_Driver/Src/stm32g4xx_hal_i2c.c.obj
 *fill*         0x08006166        0x2 
 .text.I2C_Mem_ISR_DMA
                0x08006168      0x24c cmake/stm32cubemx/CMakeFiles/STM32_Drivers.dir/__/__/Drivers/STM32G4xx_HAL_Driver/Src/stm32g4xx_hal_i2c.c.obj
 .text.I2C_Slave_ISR_DMA
                0x080063b4      0x1ae cmake/stm32cubemx/CMakeFiles/STM32_Drivers.dir/__/__/Drivers/STM32G4xx_HAL_Driver/Src/stm32g4xx_hal_i2c.c.obj
 .text.I2C_ITAddrCplt
                0x08006562      0x108 cmake/stm32cubemx/CMakeFiles/STM32_Drivers.dir/__/__/Drivers/STM32G4xx_HAL_Driver/Src/stm32g4xx_hal_i2c.c.obj
 .text.I2C_ITMasterSeqCplt
                0x0800666a       0x7a cmake/stm32cubemx/CMakeFiles/STM32_Drivers.dir/__/__/Drivers/STM32G4xx_HAL_Driver/Src/stm32g4xx_hal_i2c.c.obj
 .text.I2C_ITSlaveSeqCplt
                0x080066e4       0xb8 cmake/stm32cubemx/CMakeFiles/STM32_Drivers.dir/__/__/Drivers/STM32G4xx_HAL_Driver/Src/stm32g4xx_hal_i2c.c.obj
 .text.I2C_ITMasterCplt
                0x0800679c      0x190 cmake/stm32cubemx/CMakeFiles/STM32_Drivers.dir/__/__/Drivers/STM32G4xx_HAL_Driver/Src/stm32g4xx_hal_i2c.c.obj
 .text.I2C_ITSlaveCplt
                0x0800692c      0x2c8 cmake/stm32cubemx/CMakeFiles/STM32_Drivers.dir/__/__/Drivers/STM32G4xx_HAL_Driver/Src/stm32g4xx_hal_i2c.c.obj
 .text.I2C_ITListenCplt
                0x08006bf4       0xa8 cmake/stm32cubemx/CMakeFiles/STM32_Drivers.dir/__/__/Drivers/STM32G4xx_HAL_Driver/Src/stm32g4xx_hal_i2c.c.obj
 .text.I2C_ITError
                0x08006c9c      0x1e0 cmake/stm32cubemx/CMakeFiles/STM32_Drivers.dir/__/__/Drivers/STM32G4xx_HAL_Driver/Src/stm32g4xx_hal_i2c.c.obj
 .text.I2C_TreatErrorCallback
                0x08006e7c       0x4e cmake/stm32cubemx/CMakeFiles/STM32_Drivers.dir/__/__/Drivers/STM32G4xx_HAL_Driver/Src/stm32g4xx_hal_i2c.c.obj
 .text.I2C_Flush_TXDR
                0x08006eca       0x48 cmake/stm32cubemx/CMakeFiles/STM32_Drivers.dir/__/__/Drivers/STM32G4xx_HAL_Driver/Src/stm32g4xx_hal_i2c.c.obj
 .text.I2C_DMAMasterReceiveCplt
                0x08006f12       0x96 cmake/stm32cubemx/CMakeFiles/STM32_Drivers.dir/__/__/Drivers/STM32G4xx_HAL_Driver/Src/stm32g4xx_hal_i2c.c.obj
 .text.I2C_DMAError
                0x08006fa8       0x2e cmake/stm32cubemx/CMakeFiles/STM32_Drivers.dir/__/__/Drivers/STM32G4xx_HAL_Driver/Src/stm32g4xx_hal_i2c.c.obj
 .text.I2C_DMAAbort
                0x08006fd6       0x3c cmake/stm32cubemx/CMakeFiles/STM32_Drivers.dir/__/__/Drivers/STM32G4xx_HAL_Driver/Src/stm32g4xx_hal_i2c.c.obj
 *fill*         0x08007012        0x2 
 .text.I2C_TransferConfig
                0x08007014       0x64 cmake/stm32cubemx/CMakeFiles/STM32_Drivers.dir/__/__/Drivers/STM32G4xx_HAL_Driver/Src/stm32g4xx_hal_i2c.c.obj
 .text.I2C_Enable_IRQ
                0x08007078      0x108 cmake/stm32cubemx/CMakeFiles/STM32_Drivers.dir/__/__/Drivers/STM32G4xx_HAL_Driver/Src/stm32g4xx_hal_i2c.c.obj
 .text.I2C_Disable_IRQ
                0x08007180       0xbc cmake/stm32cubemx/CMakeFiles/STM32_Drivers.dir/__/__/Drivers/STM32G4xx_HAL_Driver/Src/stm32g4xx_hal_i2c.c.obj
 .text.HAL_I2CEx_ConfigAnalogFilter
                0x0800723c       0x96 cmake/stm32cubemx/CMakeFiles/STM32_Drivers.dir/__/__/Drivers/STM32G4xx_HAL_Driver/Src/stm32g4xx_hal_i2c_ex.c.obj
                0x0800723c                HAL_I2CEx_ConfigAnalogFilter
 .text.HAL_I2CEx_ConfigDigitalFilter
                0x080072d2       0x98 cmake/stm32cubemx/CMakeFiles/STM32_Drivers.dir/__/__/Drivers/STM32G4xx_HAL_Driver/Src/stm32g4xx_hal_i2c_ex.c.obj
                0x080072d2                HAL_I2CEx_ConfigDigitalFilter
 .text.HAL_SPI_Init
                0x0800736a      0x156 cmake/stm32cubemx/CMakeFiles/STM32_Drivers.dir/__/__/Drivers/STM32G4xx_HAL_Driver/Src/stm32g4xx_hal_spi.c.obj
                0x0800736a                HAL_SPI_Init
 .text.HAL_SPI_TransmitReceive
                0x080074c0      0x43e cmake/stm32cubemx/CMakeFiles/STM32_Drivers.dir/__/__/Drivers/STM32G4xx_HAL_Driver/Src/stm32g4xx_hal_spi.c.obj
                0x080074c0                HAL_SPI_TransmitReceive
 *fill*         0x080078fe        0x2 
 .text.SPI_WaitFlagStateUntilTimeout
                0x08007900      0x110 cmake/stm32cubemx/CMakeFiles/STM32_Drivers.dir/__/__/Drivers/STM32G4xx_HAL_Driver/Src/stm32g4xx_hal_spi.c.obj
 .text.SPI_WaitFifoStateUntilTimeout
                0x08007a10      0x12c cmake/stm32cubemx/CMakeFiles/STM32_Drivers.dir/__/__/Drivers/STM32G4xx_HAL_Driver/Src/stm32g4xx_hal_spi.c.obj
 .text.SPI_EndRxTxTransaction
                0x08007b3c       0x8c cmake/stm32cubemx/CMakeFiles/STM32_Drivers.dir/__/__/Drivers/STM32G4xx_HAL_Driver/Src/stm32g4xx_hal_spi.c.obj
 .text.HAL_TIM_Base_Init
                0x08007bc8       0xae cmake/stm32cubemx/CMakeFiles/STM32_Drivers.dir/__/__/Drivers/STM32G4xx_HAL_Driver/Src/stm32g4xx_hal_tim.c.obj
                0x08007bc8                HAL_TIM_Base_Init
 *fill*         0x08007c76        0x2 
 .text.HAL_TIM_Base_Start_IT
                0x08007c78       0xd4 cmake/stm32cubemx/CMakeFiles/STM32_Drivers.dir/__/__/Drivers/STM32G4xx_HAL_Driver/Src/stm32g4xx_hal_tim.c.obj
                0x08007c78                HAL_TIM_Base_Start_IT
 .text.HAL_TIM_PWM_Init
                0x08007d4c       0xae cmake/stm32cubemx/CMakeFiles/STM32_Drivers.dir/__/__/Drivers/STM32G4xx_HAL_Driver/Src/stm32g4xx_hal_tim.c.obj
                0x08007d4c                HAL_TIM_PWM_Init
 .text.HAL_TIM_PWM_MspInit
                0x08007dfa       0x14 cmake/stm32cubemx/CMakeFiles/STM32_Drivers.dir/__/__/Drivers/STM32G4xx_HAL_Driver/Src/stm32g4xx_hal_tim.c.obj
                0x08007dfa                HAL_TIM_PWM_MspInit
 *fill*         0x08007e0e        0x2 
 .text.HAL_TIM_PWM_Start
                0x08007e10      0x200 cmake/stm32cubemx/CMakeFiles/STM32_Drivers.dir/__/__/Drivers/STM32G4xx_HAL_Driver/Src/stm32g4xx_hal_tim.c.obj
                0x08007e10                HAL_TIM_PWM_Start
 .text.HAL_TIM_IRQHandler
                0x08008010      0x29e cmake/stm32cubemx/CMakeFiles/STM32_Drivers.dir/__/__/Drivers/STM32G4xx_HAL_Driver/Src/stm32g4xx_hal_tim.c.obj
                0x08008010                HAL_TIM_IRQHandler
 *fill*         0x080082ae        0x2 
 .text.HAL_TIM_PWM_ConfigChannel
                0x080082b0      0x228 cmake/stm32cubemx/CMakeFiles/STM32_Drivers.dir/__/__/Drivers/STM32G4xx_HAL_Driver/Src/stm32g4xx_hal_tim.c.obj
                0x080082b0                HAL_TIM_PWM_ConfigChannel
 .text.HAL_TIM_ConfigClockSource
                0x080084d8      0x1f4 cmake/stm32cubemx/CMakeFiles/STM32_Drivers.dir/__/__/Drivers/STM32G4xx_HAL_Driver/Src/stm32g4xx_hal_tim.c.obj
                0x080084d8                HAL_TIM_ConfigClockSource
 .text.HAL_TIM_OC_DelayElapsedCallback
                0x080086cc       0x14 cmake/stm32cubemx/CMakeFiles/STM32_Drivers.dir/__/__/Drivers/STM32G4xx_HAL_Driver/Src/stm32g4xx_hal_tim.c.obj
                0x080086cc                HAL_TIM_OC_DelayElapsedCallback
 .text.HAL_TIM_IC_CaptureCallback
                0x080086e0       0x14 cmake/stm32cubemx/CMakeFiles/STM32_Drivers.dir/__/__/Drivers/STM32G4xx_HAL_Driver/Src/stm32g4xx_hal_tim.c.obj
                0x080086e0                HAL_TIM_IC_CaptureCallback
 .text.HAL_TIM_PWM_PulseFinishedCallback
                0x080086f4       0x14 cmake/stm32cubemx/CMakeFiles/STM32_Drivers.dir/__/__/Drivers/STM32G4xx_HAL_Driver/Src/stm32g4xx_hal_tim.c.obj
                0x080086f4                HAL_TIM_PWM_PulseFinishedCallback
 .text.HAL_TIM_TriggerCallback
                0x08008708       0x14 cmake/stm32cubemx/CMakeFiles/STM32_Drivers.dir/__/__/Drivers/STM32G4xx_HAL_Driver/Src/stm32g4xx_hal_tim.c.obj
                0x08008708                HAL_TIM_TriggerCallback
 .text.TIM_Base_SetConfig
                0x0800871c      0x12c cmake/stm32cubemx/CMakeFiles/STM32_Drivers.dir/__/__/Drivers/STM32G4xx_HAL_Driver/Src/stm32g4xx_hal_tim.c.obj
                0x0800871c                TIM_Base_SetConfig
 .text.TIM_OC1_SetConfig
                0x08008848      0x124 cmake/stm32cubemx/CMakeFiles/STM32_Drivers.dir/__/__/Drivers/STM32G4xx_HAL_Driver/Src/stm32g4xx_hal_tim.c.obj
 .text.TIM_OC2_SetConfig
                0x0800896c      0x118 cmake/stm32cubemx/CMakeFiles/STM32_Drivers.dir/__/__/Drivers/STM32G4xx_HAL_Driver/Src/stm32g4xx_hal_tim.c.obj
                0x0800896c                TIM_OC2_SetConfig
 .text.TIM_OC3_SetConfig
                0x08008a84      0x114 cmake/stm32cubemx/CMakeFiles/STM32_Drivers.dir/__/__/Drivers/STM32G4xx_HAL_Driver/Src/stm32g4xx_hal_tim.c.obj
 .text.TIM_OC4_SetConfig
                0x08008b98      0x118 cmake/stm32cubemx/CMakeFiles/STM32_Drivers.dir/__/__/Drivers/STM32G4xx_HAL_Driver/Src/stm32g4xx_hal_tim.c.obj
 .text.TIM_OC5_SetConfig
                0x08008cb0       0xc8 cmake/stm32cubemx/CMakeFiles/STM32_Drivers.dir/__/__/Drivers/STM32G4xx_HAL_Driver/Src/stm32g4xx_hal_tim.c.obj
 .text.TIM_OC6_SetConfig
                0x08008d78       0xcc cmake/stm32cubemx/CMakeFiles/STM32_Drivers.dir/__/__/Drivers/STM32G4xx_HAL_Driver/Src/stm32g4xx_hal_tim.c.obj
 .text.TIM_TI1_ConfigInputStage
                0x08008e44       0xa8 cmake/stm32cubemx/CMakeFiles/STM32_Drivers.dir/__/__/Drivers/STM32G4xx_HAL_Driver/Src/stm32g4xx_hal_tim.c.obj
 .text.TIM_TI2_ConfigInputStage
                0x08008eec       0x84 cmake/stm32cubemx/CMakeFiles/STM32_Drivers.dir/__/__/Drivers/STM32G4xx_HAL_Driver/Src/stm32g4xx_hal_tim.c.obj
 .text.TIM_ITRx_SetConfig
                0x08008f70       0x3a cmake/stm32cubemx/CMakeFiles/STM32_Drivers.dir/__/__/Drivers/STM32G4xx_HAL_Driver/Src/stm32g4xx_hal_tim.c.obj
 .text.TIM_ETR_SetConfig
                0x08008faa       0x40 cmake/stm32cubemx/CMakeFiles/STM32_Drivers.dir/__/__/Drivers/STM32G4xx_HAL_Driver/Src/stm32g4xx_hal_tim.c.obj
                0x08008faa                TIM_ETR_SetConfig
 .text.TIM_CCxChannelCmd
                0x08008fea       0x4a cmake/stm32cubemx/CMakeFiles/STM32_Drivers.dir/__/__/Drivers/STM32G4xx_HAL_Driver/Src/stm32g4xx_hal_tim.c.obj
                0x08008fea                TIM_CCxChannelCmd
 .text.HAL_TIMEx_PWMN_Start
                0x08009034      0x168 cmake/stm32cubemx/CMakeFiles/STM32_Drivers.dir/__/__/Drivers/STM32G4xx_HAL_Driver/Src/stm32g4xx_hal_tim_ex.c.obj
                0x08009034                HAL_TIMEx_PWMN_Start
 .text.HAL_TIMEx_MasterConfigSynchronization
                0x0800919c      0x104 cmake/stm32cubemx/CMakeFiles/STM32_Drivers.dir/__/__/Drivers/STM32G4xx_HAL_Driver/Src/stm32g4xx_hal_tim_ex.c.obj
                0x0800919c                HAL_TIMEx_MasterConfigSynchronization
 .text.HAL_TIMEx_ConfigBreakDeadTime
                0x080092a0      0x118 cmake/stm32cubemx/CMakeFiles/STM32_Drivers.dir/__/__/Drivers/STM32G4xx_HAL_Driver/Src/stm32g4xx_hal_tim_ex.c.obj
                0x080092a0                HAL_TIMEx_ConfigBreakDeadTime
 .text.HAL_TIMEx_CommutCallback
                0x080093b8       0x14 cmake/stm32cubemx/CMakeFiles/STM32_Drivers.dir/__/__/Drivers/STM32G4xx_HAL_Driver/Src/stm32g4xx_hal_tim_ex.c.obj
                0x080093b8                HAL_TIMEx_CommutCallback
 .text.HAL_TIMEx_BreakCallback
                0x080093cc       0x14 cmake/stm32cubemx/CMakeFiles/STM32_Drivers.dir/__/__/Drivers/STM32G4xx_HAL_Driver/Src/stm32g4xx_hal_tim_ex.c.obj
                0x080093cc                HAL_TIMEx_BreakCallback
 .text.HAL_TIMEx_Break2Callback
                0x080093e0       0x14 cmake/stm32cubemx/CMakeFiles/STM32_Drivers.dir/__/__/Drivers/STM32G4xx_HAL_Driver/Src/stm32g4xx_hal_tim_ex.c.obj
                0x080093e0                HAL_TIMEx_Break2Callback
 .text.HAL_TIMEx_EncoderIndexCallback
                0x080093f4       0x14 cmake/stm32cubemx/CMakeFiles/STM32_Drivers.dir/__/__/Drivers/STM32G4xx_HAL_Driver/Src/stm32g4xx_hal_tim_ex.c.obj
                0x080093f4                HAL_TIMEx_EncoderIndexCallback
 .text.HAL_TIMEx_DirectionChangeCallback
                0x08009408       0x14 cmake/stm32cubemx/CMakeFiles/STM32_Drivers.dir/__/__/Drivers/STM32G4xx_HAL_Driver/Src/stm32g4xx_hal_tim_ex.c.obj
                0x08009408                HAL_TIMEx_DirectionChangeCallback
 .text.HAL_TIMEx_IndexErrorCallback
                0x0800941c       0x14 cmake/stm32cubemx/CMakeFiles/STM32_Drivers.dir/__/__/Drivers/STM32G4xx_HAL_Driver/Src/stm32g4xx_hal_tim_ex.c.obj
                0x0800941c                HAL_TIMEx_IndexErrorCallback
 .text.HAL_TIMEx_TransitionErrorCallback
                0x08009430       0x14 cmake/stm32cubemx/CMakeFiles/STM32_Drivers.dir/__/__/Drivers/STM32G4xx_HAL_Driver/Src/stm32g4xx_hal_tim_ex.c.obj
                0x08009430                HAL_TIMEx_TransitionErrorCallback
 .text.TIM_CCxNChannelCmd
                0x08009444       0x4a cmake/stm32cubemx/CMakeFiles/STM32_Drivers.dir/__/__/Drivers/STM32G4xx_HAL_Driver/Src/stm32g4xx_hal_tim_ex.c.obj
 .text.HAL_UART_Init
                0x0800948e       0xa0 cmake/stm32cubemx/CMakeFiles/STM32_Drivers.dir/__/__/Drivers/STM32G4xx_HAL_Driver/Src/stm32g4xx_hal_uart.c.obj
                0x0800948e                HAL_UART_Init
 *fill*         0x0800952e        0x2 
 .text.HAL_UART_Transmit_DMA
                0x08009530      0x100 cmake/stm32cubemx/CMakeFiles/STM32_Drivers.dir/__/__/Drivers/STM32G4xx_HAL_Driver/Src/stm32g4xx_hal_uart.c.obj
                0x08009530                HAL_UART_Transmit_DMA
 .text.HAL_UART_IRQHandler
                0x08009630      0x684 cmake/stm32cubemx/CMakeFiles/STM32_Drivers.dir/__/__/Drivers/STM32G4xx_HAL_Driver/Src/stm32g4xx_hal_uart.c.obj
                0x08009630                HAL_UART_IRQHandler
 .text.HAL_UART_TxCpltCallback
                0x08009cb4       0x14 cmake/stm32cubemx/CMakeFiles/STM32_Drivers.dir/__/__/Drivers/STM32G4xx_HAL_Driver/Src/stm32g4xx_hal_uart.c.obj
                0x08009cb4                HAL_UART_TxCpltCallback
 .text.HAL_UART_TxHalfCpltCallback
                0x08009cc8       0x14 cmake/stm32cubemx/CMakeFiles/STM32_Drivers.dir/__/__/Drivers/STM32G4xx_HAL_Driver/Src/stm32g4xx_hal_uart.c.obj
                0x08009cc8                HAL_UART_TxHalfCpltCallback
 .text.HAL_UART_RxCpltCallback
                0x08009cdc       0x14 cmake/stm32cubemx/CMakeFiles/STM32_Drivers.dir/__/__/Drivers/STM32G4xx_HAL_Driver/Src/stm32g4xx_hal_uart.c.obj
                0x08009cdc                HAL_UART_RxCpltCallback
 .text.HAL_UART_RxHalfCpltCallback
                0x08009cf0       0x14 cmake/stm32cubemx/CMakeFiles/STM32_Drivers.dir/__/__/Drivers/STM32G4xx_HAL_Driver/Src/stm32g4xx_hal_uart.c.obj
                0x08009cf0                HAL_UART_RxHalfCpltCallback
 .text.HAL_UART_ErrorCallback
                0x08009d04       0x14 cmake/stm32cubemx/CMakeFiles/STM32_Drivers.dir/__/__/Drivers/STM32G4xx_HAL_Driver/Src/stm32g4xx_hal_uart.c.obj
                0x08009d04                HAL_UART_ErrorCallback
 .text.UART_SetConfig
                0x08009d18      0x598 cmake/stm32cubemx/CMakeFiles/STM32_Drivers.dir/__/__/Drivers/STM32G4xx_HAL_Driver/Src/stm32g4xx_hal_uart.c.obj
                0x08009d18                UART_SetConfig
 .text.UART_AdvFeatureConfig
                0x0800a2b0      0x144 cmake/stm32cubemx/CMakeFiles/STM32_Drivers.dir/__/__/Drivers/STM32G4xx_HAL_Driver/Src/stm32g4xx_hal_uart.c.obj
                0x0800a2b0                UART_AdvFeatureConfig
 .text.UART_CheckIdleState
                0x0800a3f4      0x154 cmake/stm32cubemx/CMakeFiles/STM32_Drivers.dir/__/__/Drivers/STM32G4xx_HAL_Driver/Src/stm32g4xx_hal_uart.c.obj
                0x0800a3f4                UART_CheckIdleState
 .text.UART_WaitOnFlagUntilTimeout
                0x0800a548       0xda cmake/stm32cubemx/CMakeFiles/STM32_Drivers.dir/__/__/Drivers/STM32G4xx_HAL_Driver/Src/stm32g4xx_hal_uart.c.obj
                0x0800a548                UART_WaitOnFlagUntilTimeout
 *fill*         0x0800a622        0x2 
 .text.UART_Start_Receive_DMA
                0x0800a624      0x14c cmake/stm32cubemx/CMakeFiles/STM32_Drivers.dir/__/__/Drivers/STM32G4xx_HAL_Driver/Src/stm32g4xx_hal_uart.c.obj
                0x0800a624                UART_Start_Receive_DMA
 .text.UART_EndTxTransfer
                0x0800a770       0x82 cmake/stm32cubemx/CMakeFiles/STM32_Drivers.dir/__/__/Drivers/STM32G4xx_HAL_Driver/Src/stm32g4xx_hal_uart.c.obj
 .text.UART_EndRxTransfer
                0x0800a7f2       0xcc cmake/stm32cubemx/CMakeFiles/STM32_Drivers.dir/__/__/Drivers/STM32G4xx_HAL_Driver/Src/stm32g4xx_hal_uart.c.obj
 .text.UART_DMATransmitCplt
                0x0800a8be       0x9a cmake/stm32cubemx/CMakeFiles/STM32_Drivers.dir/__/__/Drivers/STM32G4xx_HAL_Driver/Src/stm32g4xx_hal_uart.c.obj
 .text.UART_DMATxHalfCplt
                0x0800a958       0x1c cmake/stm32cubemx/CMakeFiles/STM32_Drivers.dir/__/__/Drivers/STM32G4xx_HAL_Driver/Src/stm32g4xx_hal_uart.c.obj
 .text.UART_DMAReceiveCplt
                0x0800a974      0x162 cmake/stm32cubemx/CMakeFiles/STM32_Drivers.dir/__/__/Drivers/STM32G4xx_HAL_Driver/Src/stm32g4xx_hal_uart.c.obj
 .text.UART_DMARxHalfCplt
                0x0800aad6       0x72 cmake/stm32cubemx/CMakeFiles/STM32_Drivers.dir/__/__/Drivers/STM32G4xx_HAL_Driver/Src/stm32g4xx_hal_uart.c.obj
 .text.UART_DMAError
                0x0800ab48       0x70 cmake/stm32cubemx/CMakeFiles/STM32_Drivers.dir/__/__/Drivers/STM32G4xx_HAL_Driver/Src/stm32g4xx_hal_uart.c.obj
 .text.UART_DMAAbortOnError
                0x0800abb8       0x1c cmake/stm32cubemx/CMakeFiles/STM32_Drivers.dir/__/__/Drivers/STM32G4xx_HAL_Driver/Src/stm32g4xx_hal_uart.c.obj
 .text.UART_EndTransmit_IT
                0x0800abd4       0x56 cmake/stm32cubemx/CMakeFiles/STM32_Drivers.dir/__/__/Drivers/STM32G4xx_HAL_Driver/Src/stm32g4xx_hal_uart.c.obj
 .text.HAL_UARTEx_WakeupCallback
                0x0800ac2a       0x14 cmake/stm32cubemx/CMakeFiles/STM32_Drivers.dir/__/__/Drivers/STM32G4xx_HAL_Driver/Src/stm32g4xx_hal_uart_ex.c.obj
                0x0800ac2a                HAL_UARTEx_WakeupCallback
 .text.HAL_UARTEx_RxFifoFullCallback
                0x0800ac3e       0x14 cmake/stm32cubemx/CMakeFiles/STM32_Drivers.dir/__/__/Drivers/STM32G4xx_HAL_Driver/Src/stm32g4xx_hal_uart_ex.c.obj
                0x0800ac3e                HAL_UARTEx_RxFifoFullCallback
 .text.HAL_UARTEx_TxFifoEmptyCallback
                0x0800ac52       0x14 cmake/stm32cubemx/CMakeFiles/STM32_Drivers.dir/__/__/Drivers/STM32G4xx_HAL_Driver/Src/stm32g4xx_hal_uart_ex.c.obj
                0x0800ac52                HAL_UARTEx_TxFifoEmptyCallback
 .text.HAL_UARTEx_DisableFifoMode
                0x0800ac66       0x72 cmake/stm32cubemx/CMakeFiles/STM32_Drivers.dir/__/__/Drivers/STM32G4xx_HAL_Driver/Src/stm32g4xx_hal_uart_ex.c.obj
                0x0800ac66                HAL_UARTEx_DisableFifoMode
 .text.HAL_UARTEx_SetTxFifoThreshold
                0x0800acd8       0x7c cmake/stm32cubemx/CMakeFiles/STM32_Drivers.dir/__/__/Drivers/STM32G4xx_HAL_Driver/Src/stm32g4xx_hal_uart_ex.c.obj
                0x0800acd8                HAL_UARTEx_SetTxFifoThreshold
 .text.HAL_UARTEx_SetRxFifoThreshold
                0x0800ad54       0x7c cmake/stm32cubemx/CMakeFiles/STM32_Drivers.dir/__/__/Drivers/STM32G4xx_HAL_Driver/Src/stm32g4xx_hal_uart_ex.c.obj
                0x0800ad54                HAL_UARTEx_SetRxFifoThreshold
 .text.HAL_UARTEx_ReceiveToIdle_DMA
                0x0800add0       0xa8 cmake/stm32cubemx/CMakeFiles/STM32_Drivers.dir/__/__/Drivers/STM32G4xx_HAL_Driver/Src/stm32g4xx_hal_uart_ex.c.obj
                0x0800add0                HAL_UARTEx_ReceiveToIdle_DMA
 .text.UARTEx_SetNbDataToProcess
                0x0800ae78       0x9c cmake/stm32cubemx/CMakeFiles/STM32_Drivers.dir/__/__/Drivers/STM32G4xx_HAL_Driver/Src/stm32g4xx_hal_uart_ex.c.obj
 .text.main     0x0800af14       0x3a CMakeFiles/g431_foc.dir/Core/Src/main.c.obj
                0x0800af14                main
 .text.SystemClock_Config
                0x0800af4e       0x96 CMakeFiles/g431_foc.dir/Core/Src/main.c.obj
                0x0800af4e                SystemClock_Config
 .text.Error_Handler
                0x0800afe4        0xa CMakeFiles/g431_foc.dir/Core/Src/main.c.obj
                0x0800afe4                Error_Handler
 *fill*         0x0800afee        0x2 
 .text.MX_GPIO_Init
                0x0800aff0      0x10c CMakeFiles/g431_foc.dir/Core/Src/gpio.c.obj
                0x0800aff0                MX_GPIO_Init
 .text.MX_ADC1_Init
                0x0800b0fc      0x128 CMakeFiles/g431_foc.dir/Core/Src/adc.c.obj
                0x0800b0fc                MX_ADC1_Init
 .text.MX_ADC2_Init
                0x0800b224       0xcc CMakeFiles/g431_foc.dir/Core/Src/adc.c.obj
                0x0800b224                MX_ADC2_Init
 .text.HAL_ADC_MspInit
                0x0800b2f0      0x200 CMakeFiles/g431_foc.dir/Core/Src/adc.c.obj
                0x0800b2f0                HAL_ADC_MspInit
 .text.MX_DMA_Init
                0x0800b4f0       0xcc CMakeFiles/g431_foc.dir/Core/Src/dma.c.obj
                0x0800b4f0                MX_DMA_Init
 .text.MX_I2C1_Init
                0x0800b5bc       0x80 CMakeFiles/g431_foc.dir/Core/Src/i2c.c.obj
                0x0800b5bc                MX_I2C1_Init
 .text.HAL_I2C_MspInit
                0x0800b63c      0x1c4 CMakeFiles/g431_foc.dir/Core/Src/i2c.c.obj
                0x0800b63c                HAL_I2C_MspInit
 .text.HAL_I2C_MspDeInit
                0x0800b800       0x68 CMakeFiles/g431_foc.dir/Core/Src/i2c.c.obj
                0x0800b800                HAL_I2C_MspDeInit
 .text.MX_SPI1_Init
                0x0800b868       0x7c CMakeFiles/g431_foc.dir/Core/Src/spi.c.obj
                0x0800b868                MX_SPI1_Init
 .text.HAL_SPI_MspInit
                0x0800b8e4      0x138 CMakeFiles/g431_foc.dir/Core/Src/spi.c.obj
                0x0800b8e4                HAL_SPI_MspInit
 .text.MX_TIM1_Init
                0x0800ba1c      0x1b0 CMakeFiles/g431_foc.dir/Core/Src/tim.c.obj
                0x0800ba1c                MX_TIM1_Init
 .text.MX_TIM2_Init
                0x0800bbcc       0x9c CMakeFiles/g431_foc.dir/Core/Src/tim.c.obj
                0x0800bbcc                MX_TIM2_Init
 .text.HAL_TIM_Base_MspInit
                0x0800bc68       0x70 CMakeFiles/g431_foc.dir/Core/Src/tim.c.obj
                0x0800bc68                HAL_TIM_Base_MspInit
 .text.HAL_TIM_MspPostInit
                0x0800bcd8       0xd0 CMakeFiles/g431_foc.dir/Core/Src/tim.c.obj
                0x0800bcd8                HAL_TIM_MspPostInit
 .text.MX_USART2_UART_Init
                0x0800bda8       0x98 CMakeFiles/g431_foc.dir/Core/Src/usart.c.obj
                0x0800bda8                MX_USART2_UART_Init
 .text.HAL_UART_MspInit
                0x0800be40      0x178 CMakeFiles/g431_foc.dir/Core/Src/usart.c.obj
                0x0800be40                HAL_UART_MspInit
 .text.NMI_Handler
                0x0800bfb8        0x6 CMakeFiles/g431_foc.dir/Core/Src/stm32g4xx_it.c.obj
                0x0800bfb8                NMI_Handler
 .text.HardFault_Handler
                0x0800bfbe        0x6 CMakeFiles/g431_foc.dir/Core/Src/stm32g4xx_it.c.obj
                0x0800bfbe                HardFault_Handler
 .text.MemManage_Handler
                0x0800bfc4        0x6 CMakeFiles/g431_foc.dir/Core/Src/stm32g4xx_it.c.obj
                0x0800bfc4                MemManage_Handler
 .text.BusFault_Handler
                0x0800bfca        0x6 CMakeFiles/g431_foc.dir/Core/Src/stm32g4xx_it.c.obj
                0x0800bfca                BusFault_Handler
 .text.UsageFault_Handler
                0x0800bfd0        0x6 CMakeFiles/g431_foc.dir/Core/Src/stm32g4xx_it.c.obj
                0x0800bfd0                UsageFault_Handler
 .text.SVC_Handler
                0x0800bfd6        0xe CMakeFiles/g431_foc.dir/Core/Src/stm32g4xx_it.c.obj
                0x0800bfd6                SVC_Handler
 .text.DebugMon_Handler
                0x0800bfe4        0xe CMakeFiles/g431_foc.dir/Core/Src/stm32g4xx_it.c.obj
                0x0800bfe4                DebugMon_Handler
 .text.PendSV_Handler
                0x0800bff2        0xe CMakeFiles/g431_foc.dir/Core/Src/stm32g4xx_it.c.obj
                0x0800bff2                PendSV_Handler
 .text.SysTick_Handler
                0x0800c000        0xc CMakeFiles/g431_foc.dir/Core/Src/stm32g4xx_it.c.obj
                0x0800c000                SysTick_Handler
 .text.DMA1_Channel1_IRQHandler
                0x0800c00c       0x14 CMakeFiles/g431_foc.dir/Core/Src/stm32g4xx_it.c.obj
                0x0800c00c                DMA1_Channel1_IRQHandler
 .text.DMA1_Channel2_IRQHandler
                0x0800c020       0x14 CMakeFiles/g431_foc.dir/Core/Src/stm32g4xx_it.c.obj
                0x0800c020                DMA1_Channel2_IRQHandler
 .text.DMA1_Channel3_IRQHandler
                0x0800c034       0x14 CMakeFiles/g431_foc.dir/Core/Src/stm32g4xx_it.c.obj
                0x0800c034                DMA1_Channel3_IRQHandler
 .text.DMA1_Channel4_IRQHandler
                0x0800c048       0x14 CMakeFiles/g431_foc.dir/Core/Src/stm32g4xx_it.c.obj
                0x0800c048                DMA1_Channel4_IRQHandler
 .text.DMA1_Channel5_IRQHandler
                0x0800c05c       0x14 CMakeFiles/g431_foc.dir/Core/Src/stm32g4xx_it.c.obj
                0x0800c05c                DMA1_Channel5_IRQHandler
 .text.DMA1_Channel6_IRQHandler
                0x0800c070       0x14 CMakeFiles/g431_foc.dir/Core/Src/stm32g4xx_it.c.obj
                0x0800c070                DMA1_Channel6_IRQHandler
 .text.ADC1_2_IRQHandler
                0x0800c084       0x1c CMakeFiles/g431_foc.dir/Core/Src/stm32g4xx_it.c.obj
                0x0800c084                ADC1_2_IRQHandler
 .text.TIM2_IRQHandler
                0x0800c0a0       0x14 CMakeFiles/g431_foc.dir/Core/Src/stm32g4xx_it.c.obj
                0x0800c0a0                TIM2_IRQHandler
 .text.I2C1_EV_IRQHandler
                0x0800c0b4       0x14 CMakeFiles/g431_foc.dir/Core/Src/stm32g4xx_it.c.obj
                0x0800c0b4                I2C1_EV_IRQHandler
 .text.I2C1_ER_IRQHandler
                0x0800c0c8       0x14 CMakeFiles/g431_foc.dir/Core/Src/stm32g4xx_it.c.obj
                0x0800c0c8                I2C1_ER_IRQHandler
 .text.USART2_IRQHandler
                0x0800c0dc       0x14 CMakeFiles/g431_foc.dir/Core/Src/stm32g4xx_it.c.obj
                0x0800c0dc                USART2_IRQHandler
 .text.DMA2_Channel1_IRQHandler
                0x0800c0f0       0x14 CMakeFiles/g431_foc.dir/Core/Src/stm32g4xx_it.c.obj
                0x0800c0f0                DMA2_Channel1_IRQHandler
 .text.HAL_MspInit
                0x0800c104       0x48 CMakeFiles/g431_foc.dir/Core/Src/stm32g4xx_hal_msp.c.obj
                0x0800c104                HAL_MspInit
 .text.Reset_Handler
                0x0800c14c       0x50 CMakeFiles/g431_foc.dir/startup_stm32g431xx.s.obj
                0x0800c14c                Reset_Handler
 .text.Default_Handler
                0x0800c19c        0x2 CMakeFiles/g431_foc.dir/startup_stm32g431xx.s.obj
                0x0800c19c                RTC_Alarm_IRQHandler
                0x0800c19c                EXTI2_IRQHandler
                0x0800c19c                TIM8_TRG_COM_IRQHandler
                0x0800c19c                TIM8_CC_IRQHandler
                0x0800c19c                TIM1_CC_IRQHandler
                0x0800c19c                USB_HP_IRQHandler
                0x0800c19c                CORDIC_IRQHandler
                0x0800c19c                EXTI3_IRQHandler
                0x0800c19c                I2C3_ER_IRQHandler
                0x0800c19c                EXTI0_IRQHandler
                0x0800c19c                I2C2_EV_IRQHandler
                0x0800c19c                FPU_IRQHandler
                0x0800c19c                FDCAN1_IT1_IRQHandler
                0x0800c19c                TIM1_UP_TIM16_IRQHandler
                0x0800c19c                SPI1_IRQHandler
                0x0800c19c                TIM6_DAC_IRQHandler
                0x0800c19c                TIM8_UP_IRQHandler
                0x0800c19c                DMA2_Channel2_IRQHandler
                0x0800c19c                USART3_IRQHandler
                0x0800c19c                TIM4_IRQHandler
                0x0800c19c                UART4_IRQHandler
                0x0800c19c                DMA2_Channel4_IRQHandler
                0x0800c19c                TIM3_IRQHandler
                0x0800c19c                RCC_IRQHandler
                0x0800c19c                Default_Handler
                0x0800c19c                RTC_TAMP_LSECSS_IRQHandler
                0x0800c19c                FMAC_IRQHandler
                0x0800c19c                EXTI15_10_IRQHandler
                0x0800c19c                TIM7_IRQHandler
                0x0800c19c                UCPD1_IRQHandler
                0x0800c19c                I2C3_EV_IRQHandler
                0x0800c19c                EXTI9_5_IRQHandler
                0x0800c19c                RTC_WKUP_IRQHandler
                0x0800c19c                PVD_PVM_IRQHandler
                0x0800c19c                SPI2_IRQHandler
                0x0800c19c                DMA2_Channel5_IRQHandler
                0x0800c19c                CRS_IRQHandler
                0x0800c19c                USB_LP_IRQHandler
                0x0800c19c                EXTI4_IRQHandler
                0x0800c19c                RNG_IRQHandler
                0x0800c19c                TIM1_TRG_COM_TIM17_IRQHandler
                0x0800c19c                WWDG_IRQHandler
                0x0800c19c                LPUART1_IRQHandler
                0x0800c19c                DMA2_Channel6_IRQHandler
                0x0800c19c                FDCAN1_IT0_IRQHandler
                0x0800c19c                COMP1_2_3_IRQHandler
                0x0800c19c                EXTI1_IRQHandler
                0x0800c19c                I2C2_ER_IRQHandler
                0x0800c19c                TIM8_BRK_IRQHandler
                0x0800c19c                FLASH_IRQHandler
                0x0800c19c                USART1_IRQHandler
                0x0800c19c                SPI3_IRQHandler
                0x0800c19c                LPTIM1_IRQHandler
                0x0800c19c                DMAMUX_OVR_IRQHandler
                0x0800c19c                USBWakeUp_IRQHandler
                0x0800c19c                SAI1_IRQHandler
                0x0800c19c                DMA2_Channel3_IRQHandler
                0x0800c19c                COMP4_IRQHandler
                0x0800c19c                TIM1_BRK_TIM15_IRQHandler
 *fill*         0x0800c19e        0x2 
 .text.AS5600_RequestRead_DMA
                0x0800c1a0       0x34 CMakeFiles/g431_foc.dir/user/src/as5600.c.obj
                0x0800c1a0                AS5600_RequestRead_DMA
 .text.AS5600_ReadRawAngle
                0x0800c1d4       0x18 CMakeFiles/g431_foc.dir/user/src/as5600.c.obj
                0x0800c1d4                AS5600_ReadRawAngle
 .text.HAL_I2C_MemRxCpltCallback
                0x0800c1ec       0x58 CMakeFiles/g431_foc.dir/user/src/as5600.c.obj
                0x0800c1ec                HAL_I2C_MemRxCpltCallback
 .text.HAL_I2C_ErrorCallback
                0x0800c244       0x38 CMakeFiles/g431_foc.dir/user/src/as5600.c.obj
                0x0800c244                HAL_I2C_ErrorCallback
 .text.Hardware_CalibrateCurrentBias
                0x0800c27c       0xe8 CMakeFiles/g431_foc.dir/user/src/hardware_init.c.obj
 .text.hardware_init
                0x0800c364       0xb4 CMakeFiles/g431_foc.dir/user/src/hardware_init.c.obj
                0x0800c364                hardware_init
 .text.Motor_CurrentLoop_RawToCurrent
                0x0800c418       0x6c CMakeFiles/g431_foc.dir/user/src/motor_current_loop.c.obj
 *fill*         0x0800c484        0x4 
 .text.Motor_CurrentLoop_Run
                0x0800c488      0x250 CMakeFiles/g431_foc.dir/user/src/motor_current_loop.c.obj
                0x0800c488                Motor_CurrentLoop_Run
 .text.Motor_CurrentLoop_Init
                0x0800c6d8       0xd0 CMakeFiles/g431_foc.dir/user/src/motor_current_loop.c.obj
                0x0800c6d8                Motor_CurrentLoop_Init
 .text.Motor_CurrentLoop_SetMotorIdentityParams
                0x0800c7a8       0x38 CMakeFiles/g431_foc.dir/user/src/motor_current_loop.c.obj
                0x0800c7a8                Motor_CurrentLoop_SetMotorIdentityParams
 .text.Motor_CurrentLoop_Enable
                0x0800c7e0       0x34 CMakeFiles/g431_foc.dir/user/src/motor_current_loop.c.obj
                0x0800c7e0                Motor_CurrentLoop_Enable
 .text.Motor_CurrentLoop_AutoTunePID
                0x0800c814       0xf0 CMakeFiles/g431_foc.dir/user/src/motor_current_loop.c.obj
                0x0800c814                Motor_CurrentLoop_AutoTunePID
 .text.Motor_CurrentLoop_GetParams
                0x0800c904       0x48 CMakeFiles/g431_foc.dir/user/src/motor_current_loop.c.obj
                0x0800c904                Motor_CurrentLoop_GetParams
 .text.Motor_CurrentLoop_SetBiasVolts
                0x0800c94c       0x20 CMakeFiles/g431_foc.dir/user/src/motor_current_loop.c.obj
                0x0800c94c                Motor_CurrentLoop_SetBiasVolts
 .text.Motor_CurrentLoop_Clarke
                0x0800c96c       0x74 CMakeFiles/g431_foc.dir/user/src/motor_current_loop.c.obj
                0x0800c96c                Motor_CurrentLoop_Clarke
 .text.Motor_CurrentLoop_Park
                0x0800c9e0       0x90 CMakeFiles/g431_foc.dir/user/src/motor_current_loop.c.obj
                0x0800c9e0                Motor_CurrentLoop_Park
 .text.Motor_CurrentLoop_InvPark
                0x0800ca70       0x8c CMakeFiles/g431_foc.dir/user/src/motor_current_loop.c.obj
                0x0800ca70                Motor_CurrentLoop_InvPark
 .text.HAL_ADCEx_InjectedConvCpltCallback
                0x0800cafc       0xf8 CMakeFiles/g431_foc.dir/user/src/motor_current_loop.c.obj
                0x0800cafc                HAL_ADCEx_InjectedConvCpltCallback
 .text.Motor_Feedforward_AbsFloat
                0x0800cbf4       0x34 CMakeFiles/g431_foc.dir/user/src/motor_feedforward.c.obj
 .text.Motor_Feedforward_ClampFloat
                0x0800cc28       0x52 CMakeFiles/g431_foc.dir/user/src/motor_feedforward.c.obj
 *fill*         0x0800cc7a        0x2 
 .text.Motor_Feedforward_FrictionIq
                0x0800cc7c       0x64 CMakeFiles/g431_foc.dir/user/src/motor_feedforward.c.obj
                0x0800cc7c                Motor_Feedforward_FrictionIq
 .text.Motor_Feedforward_InertiaIq
                0x0800cce0       0x44 CMakeFiles/g431_foc.dir/user/src/motor_feedforward.c.obj
                0x0800cce0                Motor_Feedforward_InertiaIq
 .text.Motor_Feedforward_ApplyIq
                0x0800cd24       0x50 CMakeFiles/g431_foc.dir/user/src/motor_feedforward.c.obj
                0x0800cd24                Motor_Feedforward_ApplyIq
 .text.Motor_Feedforward_Calculate
                0x0800cd74       0x88 CMakeFiles/g431_foc.dir/user/src/motor_feedforward.c.obj
                0x0800cd74                Motor_Feedforward_Calculate
 .text.Motor_Identify_NormalizeAngle
                0x0800cdfc       0x68 CMakeFiles/g431_foc.dir/user/src/motor_identify.c.obj
 .text.Motor_OpenLoop_Drive
                0x0800ce64      0x118 CMakeFiles/g431_foc.dir/user/src/motor_identify.c.obj
                0x0800ce64                Motor_OpenLoop_Drive
 .text.Motor_Identify_Start
                0x0800cf7c       0x3c CMakeFiles/g431_foc.dir/user/src/motor_identify.c.obj
                0x0800cf7c                Motor_Identify_Start
 .text.Motor_Identify_GetState
                0x0800cfb8       0x18 CMakeFiles/g431_foc.dir/user/src/motor_identify.c.obj
                0x0800cfb8                Motor_Identify_GetState
 .text.Motor_Identify_GetResult
                0x0800cfd0       0x28 CMakeFiles/g431_foc.dir/user/src/motor_identify.c.obj
                0x0800cfd0                Motor_Identify_GetResult
 .text.Identify_MeasureR
                0x0800cff8      0x124 CMakeFiles/g431_foc.dir/user/src/motor_identify.c.obj
 .text.Identify_MeasureL
                0x0800d11c       0x4c CMakeFiles/g431_foc.dir/user/src/motor_identify.c.obj
 .text.Identify_Align
                0x0800d168       0xf8 CMakeFiles/g431_foc.dir/user/src/motor_identify.c.obj
 .text.Identify_UvwAndPoles
                0x0800d260      0x1a8 CMakeFiles/g431_foc.dir/user/src/motor_identify.c.obj
 .text.Motor_Identify_Task
                0x0800d408       0x54 CMakeFiles/g431_foc.dir/user/src/motor_identify.c.obj
                0x0800d408                Motor_Identify_Task
 .text.Motor_PositionLoop_ShortestError
                0x0800d45c       0x84 CMakeFiles/g431_foc.dir/user/src/motor_position_loop.c.obj
 .text.Motor_PositionLoop_Init
                0x0800d4e0       0x5c CMakeFiles/g431_foc.dir/user/src/motor_position_loop.c.obj
                0x0800d4e0                Motor_PositionLoop_Init
 .text.Motor_PositionLoop_Run
                0x0800d53c       0x54 CMakeFiles/g431_foc.dir/user/src/motor_position_loop.c.obj
                0x0800d53c                Motor_PositionLoop_Run
 .text.Motor_SpeedEstimator_Init
                0x0800d590       0x70 CMakeFiles/g431_foc.dir/user/src/motor_speed_loop.c.obj
                0x0800d590                Motor_SpeedEstimator_Init
 .text.Motor_SpeedEstimator_Update
                0x0800d600      0x1b0 CMakeFiles/g431_foc.dir/user/src/motor_speed_loop.c.obj
                0x0800d600                Motor_SpeedEstimator_Update
 .text.Motor_SpeedLoop_Init
                0x0800d7b0       0x38 CMakeFiles/g431_foc.dir/user/src/motor_speed_loop.c.obj
                0x0800d7b0                Motor_SpeedLoop_Init
 .text.Motor_SpeedLoop_SetTarget
                0x0800d7e8       0x20 CMakeFiles/g431_foc.dir/user/src/motor_speed_loop.c.obj
                0x0800d7e8                Motor_SpeedLoop_SetTarget
 .text.Motor_SpeedLoop_Update
                0x0800d808       0x2c CMakeFiles/g431_foc.dir/user/src/motor_speed_loop.c.obj
                0x0800d808                Motor_SpeedLoop_Update
 .text.Motor_AbsFloat
                0x0800d834       0x34 CMakeFiles/g431_foc.dir/user/src/motor_system.c.obj
 .text.Motor_MapPotTargetPosition
                0x0800d868       0x30 CMakeFiles/g431_foc.dir/user/src/motor_system.c.obj
 .text.Motor_SpeedEstimator_GetPeriodTicks
                0x0800d898       0x70 CMakeFiles/g431_foc.dir/user/src/motor_system.c.obj
 .text.Motor_UpdateSpeedEstimatorAdaptive
                0x0800d908       0xc8 CMakeFiles/g431_foc.dir/user/src/motor_system.c.obj
 .text.Motor_System_Init
                0x0800d9d0       0x40 CMakeFiles/g431_foc.dir/user/src/motor_system.c.obj
                0x0800d9d0                Motor_System_Init
 .text.Motor_System_Task
                0x0800da10      0x23c CMakeFiles/g431_foc.dir/user/src/motor_system.c.obj
                0x0800da10                Motor_System_Task
 .text.Motor_StatusLed_Task
                0x0800dc4c       0x2c CMakeFiles/g431_foc.dir/user/src/motor_system.c.obj
 .text.HAL_TIM_PeriodElapsedCallback
                0x0800dc78       0x78 CMakeFiles/g431_foc.dir/user/src/motor_system.c.obj
                0x0800dc78                HAL_TIM_PeriodElapsedCallback
 .text.Motor_ShowDebugInfo_OLED
                0x0800dcf0      0x12c CMakeFiles/g431_foc.dir/user/src/motor_system.c.obj
                0x0800dcf0                Motor_ShowDebugInfo_OLED
 .text.Motor_Trajectory_AbsFloat
                0x0800de1c       0x34 CMakeFiles/g431_foc.dir/user/src/motor_trajectory.c.obj
 .text.Motor_Trajectory_ClampFloat
                0x0800de50       0x52 CMakeFiles/g431_foc.dir/user/src/motor_trajectory.c.obj
 *fill*         0x0800dea2        0x2 
 .text.Motor_Trajectory_WrapPosition
                0x0800dea4       0x68 CMakeFiles/g431_foc.dir/user/src/motor_trajectory.c.obj
 .text.Motor_Trajectory_ShortestPositionError
                0x0800df0c       0x84 CMakeFiles/g431_foc.dir/user/src/motor_trajectory.c.obj
 .text.Motor_Trajectory_MoveTowardFloat
                0x0800df90       0x98 CMakeFiles/g431_foc.dir/user/src/motor_trajectory.c.obj
 .text.Motor_Trajectory_FilterTarget
                0x0800e028       0x84 CMakeFiles/g431_foc.dir/user/src/motor_trajectory.c.obj
 .text.Motor_Trajectory_Reset
                0x0800e0ac       0x74 CMakeFiles/g431_foc.dir/user/src/motor_trajectory.c.obj
                0x0800e0ac                Motor_Trajectory_Reset
 .text.Motor_Trajectory_Clear
                0x0800e120       0x48 CMakeFiles/g431_foc.dir/user/src/motor_trajectory.c.obj
                0x0800e120                Motor_Trajectory_Clear
 .text.Motor_Trajectory_Step
                0x0800e168      0x22c CMakeFiles/g431_foc.dir/user/src/motor_trajectory.c.obj
                0x0800e168                Motor_Trajectory_Step
 .text.Motor_Trajectory_GetPosition
                0x0800e394       0x1c CMakeFiles/g431_foc.dir/user/src/motor_trajectory.c.obj
                0x0800e394                Motor_Trajectory_GetPosition
 .text.Motor_Trajectory_GetVelocity
                0x0800e3b0       0x1c CMakeFiles/g431_foc.dir/user/src/motor_trajectory.c.obj
                0x0800e3b0                Motor_Trajectory_GetVelocity
 .text.Motor_Trajectory_GetAccel
                0x0800e3cc       0x1c CMakeFiles/g431_foc.dir/user/src/motor_trajectory.c.obj
                0x0800e3cc                Motor_Trajectory_GetAccel
 .text.MT6826S_Select
                0x0800e3e8       0x14 CMakeFiles/g431_foc.dir/user/src/mt6826s.c.obj
 .text.MT6826S_Unselect
                0x0800e3fc       0x14 CMakeFiles/g431_foc.dir/user/src/mt6826s.c.obj
 .text.MT6826S_Init
                0x0800e410       0x70 CMakeFiles/g431_foc.dir/user/src/mt6826s.c.obj
                0x0800e410                MT6826S_Init
 .text.MT6826S_ReadRawAngle15
                0x0800e480       0x78 CMakeFiles/g431_foc.dir/user/src/mt6826s.c.obj
                0x0800e480                MT6826S_ReadRawAngle15
 .text.I2C_Delay
                0x0800e4f8       0x4c CMakeFiles/g431_foc.dir/user/src/oled.c.obj
                0x0800e4f8                I2C_Delay
 .text.OLED_W_SCL
                0x0800e544       0x28 CMakeFiles/g431_foc.dir/user/src/oled.c.obj
                0x0800e544                OLED_W_SCL
 .text.OLED_W_SDA
                0x0800e56c       0x28 CMakeFiles/g431_foc.dir/user/src/oled.c.obj
                0x0800e56c                OLED_W_SDA
 .text.OLED_I2C_Init
                0x0800e594       0x1a CMakeFiles/g431_foc.dir/user/src/oled.c.obj
                0x0800e594                OLED_I2C_Init
 .text.OLED_I2C_Start
                0x0800e5ae       0x20 CMakeFiles/g431_foc.dir/user/src/oled.c.obj
                0x0800e5ae                OLED_I2C_Start
 .text.OLED_I2C_Stop
                0x0800e5ce       0x1a CMakeFiles/g431_foc.dir/user/src/oled.c.obj
                0x0800e5ce                OLED_I2C_Stop
 .text.OLED_I2C_SendByte
                0x0800e5e8       0x58 CMakeFiles/g431_foc.dir/user/src/oled.c.obj
                0x0800e5e8                OLED_I2C_SendByte
 .text.OLED_WriteCommand
                0x0800e640       0x2e CMakeFiles/g431_foc.dir/user/src/oled.c.obj
                0x0800e640                OLED_WriteCommand
 .text.OLED_WriteData
                0x0800e66e       0x2e CMakeFiles/g431_foc.dir/user/src/oled.c.obj
                0x0800e66e                OLED_WriteData
 .text.OLED_SetCursor
                0x0800e69c       0x46 CMakeFiles/g431_foc.dir/user/src/oled.c.obj
                0x0800e69c                OLED_SetCursor
 .text.OLED_Clear
                0x0800e6e2       0x46 CMakeFiles/g431_foc.dir/user/src/oled.c.obj
                0x0800e6e2                OLED_Clear
 .text.OLED_ShowChar
                0x0800e728       0xb4 CMakeFiles/g431_foc.dir/user/src/oled.c.obj
                0x0800e728                OLED_ShowChar
 .text.OLED_ShowString
                0x0800e7dc       0x4a CMakeFiles/g431_foc.dir/user/src/oled.c.obj
                0x0800e7dc                OLED_ShowString
 .text.OLED_Pow
                0x0800e826       0x32 CMakeFiles/g431_foc.dir/user/src/oled.c.obj
                0x0800e826                OLED_Pow
 .text.OLED_ShowNum
                0x0800e858       0x7c CMakeFiles/g431_foc.dir/user/src/oled.c.obj
                0x0800e858                OLED_ShowNum
 .text.OLED_ShowSignedNum
                0x0800e8d4       0xa8 CMakeFiles/g431_foc.dir/user/src/oled.c.obj
                0x0800e8d4                OLED_ShowSignedNum
 .text.OLED_Init
                0x0800e97c       0xa0 CMakeFiles/g431_foc.dir/user/src/oled.c.obj
                0x0800e97c                OLED_Init
 .text.PID_Init
                0x0800ea1c       0xa0 CMakeFiles/g431_foc.dir/user/src/pid.c.obj
                0x0800ea1c                PID_Init
 .text.PID_Reset
                0x0800eabc       0x3c CMakeFiles/g431_foc.dir/user/src/pid.c.obj
                0x0800eabc                PID_Reset
 .text.PID_Calculate
                0x0800eaf8      0x1c2 CMakeFiles/g431_foc.dir/user/src/pid.c.obj
                0x0800eaf8                PID_Calculate
 .text.clamp    0x0800ecba       0x52 CMakeFiles/g431_foc.dir/user/src/svpwm.c.obj
 .text.SVPWM_Init
                0x0800ed0c       0x78 CMakeFiles/g431_foc.dir/user/src/svpwm.c.obj
                0x0800ed0c                SVPWM_Init
 .text.SVPWM_SetVoltage
                0x0800ed84      0x498 CMakeFiles/g431_foc.dir/user/src/svpwm.c.obj
                0x0800ed84                SVPWM_SetVoltage
 .text.UserIO_StartDma
                0x0800f21c       0x60 CMakeFiles/g431_foc.dir/user/src/user_io.c.obj
                0x0800f21c                UserIO_StartDma
 .text.Pot_ReadRaw
                0x0800f27c       0x18 CMakeFiles/g431_foc.dir/user/src/user_io.c.obj
                0x0800f27c                Pot_ReadRaw
 .text.Led_Toggle
                0x0800f294       0x14 CMakeFiles/g431_foc.dir/user/src/user_io.c.obj
                0x0800f294                Led_Toggle
 .text.VOFA_Init
                0x0800f2a8       0x34 CMakeFiles/g431_foc.dir/user/src/vofa_usart.c.obj
                0x0800f2a8                VOFA_Init
 .text.HAL_UARTEx_RxEventCallback
                0x0800f2dc       0x4c CMakeFiles/g431_foc.dir/user/src/vofa_usart.c.obj
                0x0800f2dc                HAL_UARTEx_RxEventCallback
 .text.VOFA_JustFloat_Send
                0x0800f328       0x70 CMakeFiles/g431_foc.dir/user/src/vofa_usart.c.obj
                0x0800f328                VOFA_JustFloat_Send
 .text.cosf     0x0800f398       0x70 c:/progra~2/armgnu~1/112202~1.02/bin/../lib/gcc/arm-none-eabi/11.2.1/thumb/v7e-m+fp/hard\libm.a(lib_a-sf_cos.o)
                0x0800f398                cosf
 .text.roundf   0x0800f408       0x4c c:/progra~2/armgnu~1/112202~1.02/bin/../lib/gcc/arm-none-eabi/11.2.1/thumb/v7e-m+fp/hard\libm.a(lib_a-sf_round.o)
                0x0800f408                roundf
 .text.sinf     0x0800f454       0x74 c:/progra~2/armgnu~1/112202~1.02/bin/../lib/gcc/arm-none-eabi/11.2.1/thumb/v7e-m+fp/hard\libm.a(lib_a-sf_sin.o)
                0x0800f454                sinf
 .text.fmodf    0x0800f4c8       0x48 c:/progra~2/armgnu~1/112202~1.02/bin/../lib/gcc/arm-none-eabi/11.2.1/thumb/v7e-m+fp/hard\libm.a(lib_a-wf_fmod.o)
                0x0800f4c8                fmodf
 .text.sqrtf    0x0800f510       0x44 c:/progra~2/armgnu~1/112202~1.02/bin/../lib/gcc/arm-none-eabi/11.2.1/thumb/v7e-m+fp/hard\libm.a(lib_a-wf_sqrt.o)
                0x0800f510                sqrtf
 .text.__ieee754_fmodf
                0x0800f554      0x120 c:/progra~2/armgnu~1/112202~1.02/bin/../lib/gcc/arm-none-eabi/11.2.1/thumb/v7e-m+fp/hard\libm.a(lib_a-ef_fmod.o)
                0x0800f554                __ieee754_fmodf
 .text.__ieee754_rem_pio2f
                0x0800f674      0x260 c:/progra~2/armgnu~1/112202~1.02/bin/../lib/gcc/arm-none-eabi/11.2.1/thumb/v7e-m+fp/hard\libm.a(lib_a-ef_rem_pio2.o)
                0x0800f674                __ieee754_rem_pio2f
 .text.__ieee754_sqrtf
                0x0800f8d4        0x8 c:/progra~2/armgnu~1/112202~1.02/bin/../lib/gcc/arm-none-eabi/11.2.1/thumb/v7e-m+fp/hard\libm.a(lib_a-ef_sqrt.o)
                0x0800f8d4                __ieee754_sqrtf
 .text.__kernel_cosf
                0x0800f8dc      0x104 c:/progra~2/armgnu~1/112202~1.02/bin/../lib/gcc/arm-none-eabi/11.2.1/thumb/v7e-m+fp/hard\libm.a(lib_a-kf_cos.o)
                0x0800f8dc                __kernel_cosf
 .text.__kernel_rem_pio2f
                0x0800f9e0      0x664 c:/progra~2/armgnu~1/112202~1.02/bin/../lib/gcc/arm-none-eabi/11.2.1/thumb/v7e-m+fp/hard\libm.a(lib_a-kf_rem_pio2.o)
                0x0800f9e0                __kernel_rem_pio2f
 .text.__kernel_sinf
                0x08010044       0x90 c:/progra~2/armgnu~1/112202~1.02/bin/../lib/gcc/arm-none-eabi/11.2.1/thumb/v7e-m+fp/hard\libm.a(lib_a-kf_sin.o)
                0x08010044                __kernel_sinf
 .text.fabsf    0x080100d4       0x10 c:/progra~2/armgnu~1/112202~1.02/bin/../lib/gcc/arm-none-eabi/11.2.1/thumb/v7e-m+fp/hard\libm.a(lib_a-sf_fabs.o)
                0x080100d4                fabsf
 .text.floorf   0x080100e4       0x90 c:/progra~2/armgnu~1/112202~1.02/bin/../lib/gcc/arm-none-eabi/11.2.1/thumb/v7e-m+fp/hard\libm.a(lib_a-sf_floor.o)
                0x080100e4                floorf
 .text.scalbnf  0x08010174       0xdc c:/progra~2/armgnu~1/112202~1.02/bin/../lib/gcc/arm-none-eabi/11.2.1/thumb/v7e-m+fp/hard\libm.a(lib_a-sf_scalbn.o)
                0x08010174                scalbnf
 .text.__udivmoddi4
                0x08010250      0x2c8 c:/progra~2/armgnu~1/112202~1.02/bin/../lib/gcc/arm-none-eabi/11.2.1/thumb/v7e-m+fp/hard\libgcc.a(_udivmoddi4.o)
                0x08010250                __udivmoddi4
 .text.__errno  0x08010518        0xc c:/progra~2/armgnu~1/112202~1.02/bin/../lib/gcc/arm-none-eabi/11.2.1/thumb/v7e-m+fp/hard\libg_nano.a(lib_a-errno.o)
                0x08010518                __errno
 .text.__libc_init_array
                0x08010524       0x48 c:/progra~2/armgnu~1/112202~1.02/bin/../lib/gcc/arm-none-eabi/11.2.1/thumb/v7e-m+fp/hard\libg_nano.a(lib_a-init.o)
                0x08010524                __libc_init_array
 .text.memcpy   0x0801056c       0x1c c:/progra~2/armgnu~1/112202~1.02/bin/../lib/gcc/arm-none-eabi/11.2.1/thumb/v7e-m+fp/hard\libg_nano.a(lib_a-memcpy-stub.o)
                0x0801056c                memcpy
 .text.memset   0x08010588       0x10 c:/progra~2/armgnu~1/112202~1.02/bin/../lib/gcc/arm-none-eabi/11.2.1/thumb/v7e-m+fp/hard\libg_nano.a(lib_a-memset.o)
                0x08010588                memset
 *(.glue_7)
 .glue_7        0x08010598        0x0 linker stubs
 *(.glue_7t)
 .glue_7t       0x08010598        0x0 linker stubs
 *(.eh_frame)
 .eh_frame      0x08010598        0x0 c:/progra~2/armgnu~1/112202~1.02/bin/../lib/gcc/arm-none-eabi/11.2.1/thumb/v7e-m+fp/hard/crtbegin.o
 *(.init)
 .init          0x08010598        0x4 c:/progra~2/armgnu~1/112202~1.02/bin/../lib/gcc/arm-none-eabi/11.2.1/thumb/v7e-m+fp/hard/crti.o
                0x08010598                _init
 .init          0x0801059c        0x8 c:/progra~2/armgnu~1/112202~1.02/bin/../lib/gcc/arm-none-eabi/11.2.1/thumb/v7e-m+fp/hard/crtn.o
 *(.fini)
 .fini          0x080105a4        0x4 c:/progra~2/armgnu~1/112202~1.02/bin/../lib/gcc/arm-none-eabi/11.2.1/thumb/v7e-m+fp/hard/crti.o
                0x080105a4                _fini
 .fini          0x080105a8        0x8 c:/progra~2/armgnu~1/112202~1.02/bin/../lib/gcc/arm-none-eabi/11.2.1/thumb/v7e-m+fp/hard/crtn.o
                0x080105b0                . = ALIGN (0x4)
                0x080105b0                _etext = .

.vfp11_veneer   0x080105b0        0x0
 .vfp11_veneer  0x080105b0        0x0 linker stubs

.v4_bx          0x080105b0        0x0
 .v4_bx         0x080105b0        0x0 linker stubs

.iplt           0x080105b0        0x0
 .iplt          0x080105b0        0x0 c:/progra~2/armgnu~1/112202~1.02/bin/../lib/gcc/arm-none-eabi/11.2.1/thumb/v7e-m+fp/hard/crtbegin.o

.rodata         0x080105b0      0xa14
                0x080105b0                . = ALIGN (0x4)
 *(.rodata)
 .rodata        0x080105b0        0x8 CMakeFiles/g431_foc.dir/user/src/motor_system.c.obj
 *(.rodata*)
 .rodata.AHBPrescTable
                0x080105b8       0x10 cmake/stm32cubemx/CMakeFiles/STM32_Drivers.dir/__/__/Core/Src/system_stm32g4xx.c.obj
                0x080105b8                AHBPrescTable
 .rodata.APBPrescTable
                0x080105c8        0x8 cmake/stm32cubemx/CMakeFiles/STM32_Drivers.dir/__/__/Core/Src/system_stm32g4xx.c.obj
                0x080105c8                APBPrescTable
 .rodata.UARTPrescTable
                0x080105d0       0x18 cmake/stm32cubemx/CMakeFiles/STM32_Drivers.dir/__/__/Drivers/STM32G4xx_HAL_Driver/Src/stm32g4xx_hal_uart.c.obj
                0x080105d0                UARTPrescTable
 .rodata.numerator.1
                0x080105e8        0x8 cmake/stm32cubemx/CMakeFiles/STM32_Drivers.dir/__/__/Drivers/STM32G4xx_HAL_Driver/Src/stm32g4xx_hal_uart_ex.c.obj
 .rodata.denominator.0
                0x080105f0        0x8 cmake/stm32cubemx/CMakeFiles/STM32_Drivers.dir/__/__/Drivers/STM32G4xx_HAL_Driver/Src/stm32g4xx_hal_uart_ex.c.obj
 .rodata.OLED_F8x16
                0x080105f8      0x5f0 CMakeFiles/g431_foc.dir/user/src/oled.c.obj
                0x080105f8                OLED_F8x16
 .rodata.vofa_tail
                0x08010be8        0x4 CMakeFiles/g431_foc.dir/user/src/vofa_usart.c.obj
                0x08010be8                vofa_tail
 .rodata.Zero   0x08010bec        0x8 c:/progra~2/armgnu~1/112202~1.02/bin/../lib/gcc/arm-none-eabi/11.2.1/thumb/v7e-m+fp/hard\libm.a(lib_a-ef_fmod.o)
 .rodata.npio2_hw
                0x08010bf4       0x80 c:/progra~2/armgnu~1/112202~1.02/bin/../lib/gcc/arm-none-eabi/11.2.1/thumb/v7e-m+fp/hard\libm.a(lib_a-ef_rem_pio2.o)
 .rodata.two_over_pi
                0x08010c74      0x318 c:/progra~2/armgnu~1/112202~1.02/bin/../lib/gcc/arm-none-eabi/11.2.1/thumb/v7e-m+fp/hard\libm.a(lib_a-ef_rem_pio2.o)
 .rodata.PIo2   0x08010f8c       0x2c c:/progra~2/armgnu~1/112202~1.02/bin/../lib/gcc/arm-none-eabi/11.2.1/thumb/v7e-m+fp/hard\libm.a(lib_a-kf_rem_pio2.o)
 .rodata.init_jk
                0x08010fb8        0xc c:/progra~2/armgnu~1/112202~1.02/bin/../lib/gcc/arm-none-eabi/11.2.1/thumb/v7e-m+fp/hard\libm.a(lib_a-kf_rem_pio2.o)
                0x08010fc4                . = ALIGN (0x4)

.ARM.extab      0x08010fc4        0x0
                0x08010fc4                . = ALIGN (0x4)
 *(.ARM.extab* .gnu.linkonce.armextab.*)
                0x08010fc4                . = ALIGN (0x4)

.ARM            0x08010fc4        0x8
                0x08010fc4                . = ALIGN (0x4)
                0x08010fc4                __exidx_start = .
 *(.ARM.exidx*)
 .ARM.exidx.text.__udivmoddi4
                0x08010fc4        0x8 c:/progra~2/armgnu~1/112202~1.02/bin/../lib/gcc/arm-none-eabi/11.2.1/thumb/v7e-m+fp/hard\libgcc.a(_udivmoddi4.o)
                0x08010fcc                __exidx_end = .
                0x08010fcc                . = ALIGN (0x4)

.rel.dyn        0x08010fcc        0x0
 .rel.iplt      0x08010fcc        0x0 c:/progra~2/armgnu~1/112202~1.02/bin/../lib/gcc/arm-none-eabi/11.2.1/thumb/v7e-m+fp/hard/crtbegin.o

.preinit_array  0x08010fcc        0x0
                0x08010fcc                . = ALIGN (0x4)
                0x08010fcc                PROVIDE (__preinit_array_start = .)
 *(.preinit_array*)
                0x08010fcc                PROVIDE (__preinit_array_end = .)
                0x08010fcc                . = ALIGN (0x4)

.init_array     0x08010fcc        0x4
                0x08010fcc                . = ALIGN (0x4)
                0x08010fcc                PROVIDE (__init_array_start = .)
 *(SORT_BY_NAME(.init_array.*))
 *(.init_array*)
 .init_array    0x08010fcc        0x4 c:/progra~2/armgnu~1/112202~1.02/bin/../lib/gcc/arm-none-eabi/11.2.1/thumb/v7e-m+fp/hard/crtbegin.o
                0x08010fd0                PROVIDE (__init_array_end = .)
                0x08010fd0                . = ALIGN (0x4)

.fini_array     0x08010fd0        0x4
                0x08010fd0                . = ALIGN (0x4)
                [!provide]                PROVIDE (__fini_array_start = .)
 *(SORT_BY_NAME(.fini_array.*))
 *(.fini_array*)
 .fini_array    0x08010fd0        0x4 c:/progra~2/armgnu~1/112202~1.02/bin/../lib/gcc/arm-none-eabi/11.2.1/thumb/v7e-m+fp/hard/crtbegin.o
                [!provide]                PROVIDE (__fini_array_end = .)
                0x08010fd4                . = ALIGN (0x4)
                0x08010fd4                _sidata = LOADADDR (.data)

.data           0x20000000       0x74 load address 0x08010fd4
                0x20000000                . = ALIGN (0x4)
                0x20000000                _sdata = .
 *(.data)
 *(.data*)
 .data.SystemCoreClock
                0x20000000        0x4 cmake/stm32cubemx/CMakeFiles/STM32_Drivers.dir/__/__/Core/Src/system_stm32g4xx.c.obj
                0x20000000                SystemCoreClock
 .data.uwTickPrio
                0x20000004        0x4 cmake/stm32cubemx/CMakeFiles/STM32_Drivers.dir/__/__/Drivers/STM32G4xx_HAL_Driver/Src/stm32g4xx_hal.c.obj
                0x20000004                uwTickPrio
 .data.uwTickFreq
                0x20000008        0x4 cmake/stm32cubemx/CMakeFiles/STM32_Drivers.dir/__/__/Drivers/STM32G4xx_HAL_Driver/Src/stm32g4xx_hal.c.obj
                0x20000008                uwTickFreq
 .data.g_debug_uvw_dir
                0x2000000c        0x4 CMakeFiles/g431_foc.dir/user/src/motor_system.c.obj
 .data._impure_ptr
                0x20000010        0x4 c:/progra~2/armgnu~1/112202~1.02/bin/../lib/gcc/arm-none-eabi/11.2.1/thumb/v7e-m+fp/hard\libg_nano.a(lib_a-impure.o)
                0x20000010                _impure_ptr
 .data.impure_data
                0x20000014       0x60 c:/progra~2/armgnu~1/112202~1.02/bin/../lib/gcc/arm-none-eabi/11.2.1/thumb/v7e-m+fp/hard\libg_nano.a(lib_a-impure.o)
 *(.RamFunc)
 *(.RamFunc*)
                0x20000074                . = ALIGN (0x4)

.tm_clone_table
                0x20000074        0x0 load address 0x08011048
 .tm_clone_table